Component: ARM Compiler 5.06 update 6 (build 750) Tool: armlink [4d35ed]

==============================================================================

Section Cross References

    startup_stm32f103xb.o(STACK) refers (Special) to heapauxi.o(.text) for __use_two_region_memory
    startup_stm32f103xb.o(HEAP) refers (Special) to heapauxi.o(.text) for __use_two_region_memory
    startup_stm32f103xb.o(RESET) refers (Special) to heapauxi.o(.text) for __use_two_region_memory
    startup_stm32f103xb.o(RESET) refers to startup_stm32f103xb.o(STACK) for __initial_sp
    startup_stm32f103xb.o(RESET) refers to startup_stm32f103xb.o(.text) for Reset_Handler
    startup_stm32f103xb.o(RESET) refers to stm32f1xx_it.o(i.NMI_Handler) for NMI_Handler
    startup_stm32f103xb.o(RESET) refers to stm32f1xx_it.o(i.HardFault_Handler) for HardFault_Handler
    startup_stm32f103xb.o(RESET) refers to stm32f1xx_it.o(i.MemManage_Handler) for MemManage_Handler
    startup_stm32f103xb.o(RESET) refers to stm32f1xx_it.o(i.BusFault_Handler) for BusFault_Handler
    startup_stm32f103xb.o(RESET) refers to stm32f1xx_it.o(i.UsageFault_Handler) for UsageFault_Handler
    startup_stm32f103xb.o(RESET) refers to stm32f1xx_it.o(i.SVC_Handler) for SVC_Handler
    startup_stm32f103xb.o(RESET) refers to stm32f1xx_it.o(i.DebugMon_Handler) for DebugMon_Handler
    startup_stm32f103xb.o(RESET) refers to stm32f1xx_it.o(i.PendSV_Handler) for PendSV_Handler
    startup_stm32f103xb.o(RESET) refers to stm32f1xx_it.o(i.SysTick_Handler) for SysTick_Handler
    startup_stm32f103xb.o(.text) refers (Special) to heapauxi.o(.text) for __use_two_region_memory
    startup_stm32f103xb.o(.text) refers to system_stm32f1xx.o(i.SystemInit) for SystemInit
    startup_stm32f103xb.o(.text) refers to __main.o(!!!main) for __main
    startup_stm32f103xb.o(.text) refers to startup_stm32f103xb.o(HEAP) for Heap_Mem
    startup_stm32f103xb.o(.text) refers to startup_stm32f103xb.o(STACK) for Stack_Mem
    main.o(i.DS18B20_Start) refers to main.o(i.Set_Pin_Output) for Set_Pin_Output
    main.o(i.DS18B20_Start) refers to stm32f1xx_hal_gpio.o(i.HAL_GPIO_WritePin) for HAL_GPIO_WritePin
    main.o(i.DS18B20_Start) refers to main.o(i.delay) for delay
    main.o(i.DS18B20_Start) refers to main.o(i.Set_Pin_Input) for Set_Pin_Input
    main.o(i.DS18B20_Start) refers to stm32f1xx_hal_gpio.o(i.HAL_GPIO_ReadPin) for HAL_GPIO_ReadPin
    main.o(i.DS18B20_Write) refers to main.o(i.Set_Pin_Output) for Set_Pin_Output
    main.o(i.DS18B20_Write) refers to stm32f1xx_hal_gpio.o(i.HAL_GPIO_WritePin) for HAL_GPIO_WritePin
    main.o(i.DS18B20_Write) refers to main.o(i.delay) for delay
    main.o(i.DS18B20_Write) refers to main.o(i.Set_Pin_Input) for Set_Pin_Input
    main.o(i.DS18B20_read) refers to main.o(i.Set_Pin_Input) for Set_Pin_Input
    main.o(i.DS18B20_read) refers to main.o(i.Set_Pin_Output) for Set_Pin_Output
    main.o(i.DS18B20_read) refers to stm32f1xx_hal_gpio.o(i.HAL_GPIO_WritePin) for HAL_GPIO_WritePin
    main.o(i.DS18B20_read) refers to main.o(i.delay) for delay
    main.o(i.DS18B20_read) refers to stm32f1xx_hal_gpio.o(i.HAL_GPIO_ReadPin) for HAL_GPIO_ReadPin
    main.o(i.HAL_GPIO_EXTI_Callback) refers to stm32f1xx_hal_gpio.o(i.HAL_GPIO_ReadPin) for HAL_GPIO_ReadPin
    main.o(i.HAL_GPIO_EXTI_Callback) refers to main.o(.data) for status
    main.o(i.MX_GPIO_Init) refers to stm32f1xx_hal_gpio.o(i.HAL_GPIO_WritePin) for HAL_GPIO_WritePin
    main.o(i.MX_GPIO_Init) refers to stm32f1xx_hal_gpio.o(i.HAL_GPIO_Init) for HAL_GPIO_Init
    main.o(i.MX_I2C1_Init) refers to stm32f1xx_hal_i2c.o(i.HAL_I2C_Init) for HAL_I2C_Init
    main.o(i.MX_I2C1_Init) refers to main.o(i.Error_Handler) for Error_Handler
    main.o(i.MX_I2C1_Init) refers to main.o(.bss) for hi2c1
    main.o(i.MX_SPI1_Init) refers to stm32f1xx_hal_spi.o(i.HAL_SPI_Init) for HAL_SPI_Init
    main.o(i.MX_SPI1_Init) refers to main.o(i.Error_Handler) for Error_Handler
    main.o(i.MX_SPI1_Init) refers to main.o(.bss) for hspi1
    main.o(i.MX_TIM1_Init) refers to stm32f1xx_hal_tim.o(i.HAL_TIM_Base_Init) for HAL_TIM_Base_Init
    main.o(i.MX_TIM1_Init) refers to main.o(i.Error_Handler) for Error_Handler
    main.o(i.MX_TIM1_Init) refers to stm32f1xx_hal_tim.o(i.HAL_TIM_ConfigClockSource) for HAL_TIM_ConfigClockSource
    main.o(i.MX_TIM1_Init) refers to stm32f1xx_hal_tim_ex.o(i.HAL_TIMEx_MasterConfigSynchronization) for HAL_TIMEx_MasterConfigSynchronization
    main.o(i.MX_TIM1_Init) refers to main.o(.bss) for htim1
    main.o(i.MX_USART3_UART_Init) refers to stm32f1xx_hal_uart.o(i.HAL_UART_Init) for HAL_UART_Init
    main.o(i.MX_USART3_UART_Init) refers to main.o(i.Error_Handler) for Error_Handler
    main.o(i.MX_USART3_UART_Init) refers to main.o(.bss) for huart3
    main.o(i.Set_Pin_Input) refers to stm32f1xx_hal_gpio.o(i.HAL_GPIO_Init) for HAL_GPIO_Init
    main.o(i.Set_Pin_Output) refers to stm32f1xx_hal_gpio.o(i.HAL_GPIO_Init) for HAL_GPIO_Init
    main.o(i.SystemClock_Config) refers to rt_memclr_w.o(.text) for __aeabi_memclr4
[...]
    ../clib/signal.s                         0x00000000   Number         0  defsig.o ABSOLUTE
    ../clib/stdlib.c                         0x00000000   Number         0  exit.o ABSOLUTE
    ../clib/string.c                         0x00000000   Number         0  strlen.o ABSOLUTE
    ../fplib/fcmpi.s                         0x00000000   Number         0  fcmpi.o ABSOLUTE
    ../fplib/fdiv.s                          0x00000000   Number         0  fdiv.o ABSOLUTE
    ../fplib/ffixu.s                         0x00000000   Number         0  ffixu.o ABSOLUTE
    ../fplib/fflt.s                          0x00000000   Number         0  fflt_clz.o ABSOLUTE
    ../fplib/fleqf.s                         0x00000000   Number         0  fleqf.o ABSOLUTE
    ../fplib/fmul.s                          0x00000000   Number         0  fmul.o ABSOLUTE
    ../fplib/fnaninf.s                       0x00000000   Number         0  fnaninf.o ABSOLUTE
    ../fplib/fpinit.s                        0x00000000   Number         0  fpinit.o ABSOLUTE
    ../fplib/fretinf.s                       0x00000000   Number         0  fretinf.o ABSOLUTE
    ../fplib/frleqf.s                        0x00000000   Number         0  frleqf.o ABSOLUTE
    ../fplib/usenofp.s                       0x00000000   Number         0  usenofp.o ABSOLUTE
    ..\Core\Src\main.c                       0x00000000   Number         0  main.o ABSOLUTE
    ..\Core\Src\stm32f1xx_hal_msp.c          0x00000000   Number         0  stm32f1xx_hal_msp.o ABSOLUTE
    ..\Core\Src\stm32f1xx_it.c               0x00000000   Number         0  stm32f1xx_it.o ABSOLUTE
    ..\Core\Src\system_stm32f1xx.c           0x00000000   Number         0  system_stm32f1xx.o ABSOLUTE
    ..\Drivers\STM32F1xx_HAL_Driver\Src\stm32f1xx_hal.c 0x00000000   Number         0  stm32f1xx_hal.o ABSOLUTE
    ..\Drivers\STM32F1xx_HAL_Driver\Src\stm32f1xx_hal_cortex.c 0x00000000   Number         0  stm32f1xx_hal_cortex.o ABSOLUTE
    ..\Drivers\STM32F1xx_HAL_Driver\Src\stm32f1xx_hal_dma.c 0x00000000   Number         0  stm32f1xx_hal_dma.o ABSOLUTE
    ..\Drivers\STM32F1xx_HAL_Driver\Src\stm32f1xx_hal_exti.c 0x00000000   Number         0  stm32f1xx_hal_exti.o ABSOLUTE
    ..\Drivers\STM32F1xx_HAL_Driver\Src\stm32f1xx_hal_flash.c 0x00000000   Number         0  stm32f1xx_hal_flash.o ABSOLUTE
    ..\Drivers\STM32F1xx_HAL_Driver\Src\stm32f1xx_hal_flash_ex.c 0x00000000   Number         0  stm32f1xx_hal_flash_ex.o ABSOLUTE
    ..\Drivers\STM32F1xx_HAL_Driver\Src\stm32f1xx_hal_gpio.c 0x00000000   Number         0  stm32f1xx_hal_gpio.o ABSOLUTE
    ..\Drivers\STM32F1xx_HAL_Driver\Src\stm32f1xx_hal_gpio_ex.c 0x00000000   Number         0  stm32f1xx_hal_gpio_ex.o ABSOLUTE
    ..\Drivers\STM32F1xx_HAL_Driver\Src\stm32f1xx_hal_i2c.c 0x00000000   Number         0  stm32f1xx_hal_i2c.o ABSOLUTE
    ..\Drivers\STM32F1xx_HAL_Driver\Src\stm32f1xx_hal_pwr.c 0x00000000   Number         0  stm32f1xx_hal_pwr.o ABSOLUTE
    ..\Drivers\STM32F1xx_HAL_Driver\Src\stm32f1xx_hal_rcc.c 0x00000000   Number         0  stm32f1xx_hal_rcc.o ABSOLUTE
    ..\Drivers\STM32F1xx_HAL_Driver\Src\stm32f1xx_hal_rcc_ex.c 0x00000000   Number         0  stm32f1xx_hal_rcc_ex.o ABSOLUTE
    ..\Drivers\STM32F1xx_HAL_Driver\Src\stm32f1xx_hal_spi.c 0x00000000   Number         0  stm32f1xx_hal_spi.o ABSOLUTE
    ..\Drivers\STM32F1xx_HAL_Driver\Src\stm32f1xx_hal_tim.c 0x00000000   Number         0  stm32f1xx_hal_tim.o ABSOLUTE
    ..\Drivers\STM32F1xx_HAL_Driver\Src\stm32f1xx_hal_tim_ex.c 0x00000000   Number         0  stm32f1xx_hal_tim_ex.o ABSOLUTE
    ..\Drivers\STM32F1xx_HAL_Driver\Src\stm32f1xx_hal_uart.c 0x00000000   Number         0  stm32f1xx_hal_uart.o ABSOLUTE
    ..\Mylib\MY_NRF24.c                      0x00000000   Number         0  my_nrf24.o ABSOLUTE
    ..\\Mylib\\MY_NRF24.c                    0x00000000   Number         0  my_nrf24.o ABSOLUTE
    dc.s                                     0x00000000   Number         0  dc.o ABSOLUTE
    startup_stm32f103xb.s                    0x00000000   Number         0  startup_stm32f103xb.o ABSOLUTE
    RESET                                    0x08000000   Section      236  startup_stm32f103xb.o(RESET)
    !!!main                                  0x080000ec   Section        8  __main.o(!!!main)
    !!!scatter                               0x080000f4   Section       52  __scatter.o(!!!scatter)
    !!handler_copy                           0x08000128   Section       26  __scatter_copy.o(!!handler_copy)
    !!handler_zi                             0x08000144   Section       28  __scatter_zi.o(!!handler_zi)
    .ARM.Collect$$_printf_percent$$00000000  0x08000160   Section        0  _printf_percent.o(.ARM.Collect$$_printf_percent$$00000000)
    .ARM.Collect$$_printf_percent$$00000009  0x08000160   Section        6  _printf_d.o(.ARM.Collect$$_printf_percent$$00000009)
    .ARM.Collect$$_printf_percent$$0000000C  0x08000166   Section        6  _printf_x.o(.ARM.Collect$$_printf_percent$$0000000C)
    .ARM.Collect$$_printf_percent$$00000017  0x0800016c   Section        4  _printf_percent_end.o(.ARM.Collect$$_printf_percent$$00000017)
    .ARM.Collect$$libinit$$00000000          0x08000170   Section        2  libinit.o(.ARM.Collect$$libinit$$00000000)
    .ARM.Collect$$libinit$$00000002          0x08000172   Section        0  libinit2.o(.ARM.Collect$$libinit$$00000002)
    .ARM.Collect$$libinit$$00000004          0x08000172   Section        0  libinit2.o(.ARM.Collect$$libinit$$00000004)
    .ARM.Collect$$libinit$$0000000A          0x08000172   Section        0  libinit2.o(.ARM.Collect$$libinit$$0000000A)
    .ARM.Collect$$libinit$$0000000C          0x08000172   Section        0  libinit2.o(.ARM.Collect$$libinit$$0000000C)
    .ARM.Collect$$libinit$$0000000E          0x08000172   Section        0  libinit2.o(.ARM.Collect$$libinit$$0000000E)
    .ARM.Collect$$libinit$$00000011          0x08000172   Section        0  libinit2.o(.ARM.Collect$$libinit$$00000011)
    .ARM.Collect$$libinit$$00000013          0x08000172   Section        0  libinit2.o(.ARM.Collect$$libinit$$00000013)
    .ARM.Collect$$libinit$$00000015          0x08000172   Section        0  libinit2.o(.ARM.Collect$$libinit$$00000015)
    .ARM.Collect$$libinit$$00000017          0x08000172   Section        0  libinit2.o(.ARM.Collect$$libinit$$00000017)
    .ARM.Collect$$libinit$$00000019          0x08000172   Section        0  libinit2.o(.ARM.Collect$$libinit$$00000019)
    .ARM.Collect$$libinit$$0000001B          0x08000172   Section        0  libinit2.o(.ARM.Collect$$libinit$$0000001B)
    .ARM.Collect$$libinit$$0000001D          0x08000172   Section        0  libinit2.o(.ARM.Collect$$libinit$$0000001D)
    .ARM.Collect$$libinit$$0000001F          0x08000172   Section        0  libinit2.o(.ARM.Collect$$libinit$$0000001F)
    .ARM.Collect$$libinit$$00000021          0x08000172   Section        0  libinit2.o(.ARM.Collect$$libinit$$00000021)
    .ARM.Collect$$libinit$$00000023          0x08000172   Section        0  libinit2.o(.ARM.Collect$$libinit$$00000023)
    .ARM.Collect$$libinit$$00000025          0x08000172   Section        0  libinit2.o(.ARM.Collect$$libinit$$00000025)
    .ARM.Collect$$libinit$$0000002C          0x08000172   Section        0  libinit2.o(.ARM.Collect$$libinit$$0000002C)
    .ARM.Collect$$libinit$$0000002E          0x08000172   Section        0  libinit2.o(.ARM.Collect$$libinit$$0000002E)
    .ARM.Collect$$libinit$$00000030          0x08000172   Section        0  libinit2.o(.ARM.Collect$$libinit$$00000030)
    .ARM.Collect$$libinit$$00000032          0x08000172   Section        0  libinit2.o(.ARM.Collect$$libinit$$00000032)
    .ARM.Collect$$libinit$$00000033          0x08000172   Section        2  libinit2.o(.ARM.Collect$$libinit$$00000033)
    .ARM.Collect$$libshutdown$$00000000      0x08000174   Section        2  libshutdown.o(.ARM.Collect$$libshutdown$$00000000)
    .ARM.Collect$$libshutdown$$00000002      0x08000176   Section        0  libshutdown2.o(.ARM.Collect$$libshutdown$$00000002)
    .ARM.Collect$$libshutdown$$00000004      0x08000176   Section        0  libshutdown2.o(.ARM.Collect$$libshutdown$$00000004)
    .ARM.Collect$$libshutdown$$00000007      0x08000176   Section        0  libshutdown2.o(.ARM.Collect$$libshutdown$$00000007)
    .ARM.Collect$$libshutdown$$0000000A      0x08000176   Section        0  libshutdown2.o(.ARM.Collect$$libshutdown$$0000000A)
    .ARM.Collect$$libshutdown$$0000000C      0x08000176   Section        0  libshutdown2.o(.ARM.Collect$$libshutdown$$0000000C)
    .ARM.Collect$$libshutdown$$0000000F      0x08000176   Section        0  libshutdown2.o(.ARM.Collect$$libshutdown$$0000000F)
    .ARM.Collect$$libshutdown$$00000010      0x08000176   Section        2  libshutdown2.o(.ARM.Collect$$libshutdown$$00000010)
    .ARM.Collect$$rtentry$$00000000          0x08000178   Section        0  __rtentry.o(.ARM.Collect$$rtentry$$00000000)
    .ARM.Collect$$rtentry$$00000002          0x08000178   Section        0  __rtentry2.o(.ARM.Collect$$rtentry$$00000002)
    .ARM.Collect$$rtentry$$00000004          0x08000178   Section        6  __rtentry4.o(.ARM.Collect$$rtentry$$00000004)
    .ARM.Collect$$rtentry$$00000009          0x0800017e   Section        0  __rtentry2.o(.ARM.Collect$$rtentry$$00000009)
    .ARM.Collect$$rtentry$$0000000A          0x0800017e   Section        4  __rtentry2.o(.ARM.Collect$$rtentry$$0000000A)
    .ARM.Collect$$rtentry$$0000000C          0x08000182   Section        0  __rtentry2.o(.ARM.Collect$$rtentry$$0000000C)
    .ARM.Collect$$rtentry$$0000000D          0x08000182   Section        8  __rtentry2.o(.ARM.Collect$$rtentry$$0000000D)
    .ARM.Collect$$rtexit$$00000000           0x0800018a   Section        2  rtexit.o(.ARM.Collect$$rtexit$$00000000)
    .ARM.Collect$$rtexit$$00000002           0x0800018c   Section        0  rtexit2.o(.ARM.Collect$$rtexit$$00000002)
    .ARM.Collect$$rtexit$$00000003           0x0800018c   Section        4  rtexit2.o(.ARM.Collect$$rtexit$$00000003)
    .ARM.Collect$$rtexit$$00000004           0x08000190   Section        6  rtexit2.o(.ARM.Collect$$rtexit$$00000004)
    .text                                    0x08000198   Section       64  startup_stm32f103xb.o(.text)
    .text                                    0x080001d8   Section        0  noretval__2sprintf.o(.text)
    .text                                    0x08000200   Section        0  _printf_pad.o(.text)
    .text                                    0x08000250   Section        0  _printf_dec.o(.text)
    .text                                    0x080002c8   Section        0  _printf_hex_int.o(.text)
    .text                                    0x08000320   Section        0  __printf_flags_wp.o(.text)
    .text                                    0x08000458   Section        0  strlen.o(.text)
    .text                                    0x08000496   Section      100  rt_memcpy_w.o(.text)
    .text                                    0x080004fa   Section       78  rt_memclr_w.o(.text)
    .text                                    0x08000548   Section        0  heapauxi.o(.text)
    .text                                    0x0800054e   Section        0  _printf_intcommon.o(.text)
    .text                                    0x08000600   Section        0  _printf_char_common.o(.text)
    _printf_input_char                       0x08000601   Thumb Code    10  _printf_char_common.o(.text)
    .text                                    0x08000630   Section        0  _sputc.o(.text)
    .text                                    0x0800063a   Section       74  sys_stackheap_outer.o(.text)
    .text                                    0x08000684   Section        0  exit.o(.text)
    .text                                    0x08000698   Section        8  libspace.o(.text)
    .text                                    0x080006a0   Section        0  sys_exit.o(.text)
    .text                                    0x080006ac   Section        2  use_no_semi.o(.text)
    .text                                    0x080006ae   Section        0  indicate_semi.o(.text)
    i.BusFault_Handler                       0x080006ae   Section        0  stm32f1xx_it.o(i.BusFault_Handler)
    i.DS18B20_Start                          0x080006b4   Section        0  main.o(i.DS18B20_Start)
    i.DS18B20_Write                          0x08000700   Section        0  main.o(i.DS18B20_Write)
    i.DS18B20_read                           0x0800076c   Section        0  main.o(i.DS18B20_read)
    i.DebugMon_Handler                       0x080007c4   Section        0  stm32f1xx_it.o(i.DebugMon_Handler)
    i.Error_Handler                          0x080007c6   Section        0  main.o(i.Error_Handler)
    i.HAL_Delay                              0x080007cc   Section        0  stm32f1xx_hal.o(i.HAL_Delay)
    i.HAL_GPIO_Init                          0x080007f4   Section        0  stm32f1xx_hal_gpio.o(i.HAL_GPIO_Init)
    i.HAL_GPIO_ReadPin                       0x08000b14   Section        0  stm32f1xx_hal_gpio.o(i.HAL_GPIO_ReadPin)
    i.HAL_GPIO_WritePin                      0x08000b24   Section        0  stm32f1xx_hal_gpio.o(i.HAL_GPIO_WritePin)
    i.HAL_GetTick                            0x08000b30   Section        0  stm32f1xx_hal.o(i.HAL_GetTick)
    i.HAL_I2C_Init                           0x08000b3c   Section        0  stm32f1xx_hal_i2c.o(i.HAL_I2C_Init)
    i.HAL_I2C_MspInit                        0x08000d0c   Section        0  stm32f1xx_hal_msp.o(i.HAL_I2C_MspInit)
    i.HAL_IncTick                            0x08000d80   Section        0  stm32f1xx_hal.o(i.HAL_IncTick)
    i.HAL_Init                               0x08000d98   Section        0  stm32f1xx_hal.o(i.HAL_Init)
    i.HAL_InitTick                           0x08000dc0   Section        0  stm32f1xx_hal.o(i.HAL_InitTick)
    i.HAL_MspInit                            0x08000e0c   Section        0  stm32f1xx_hal_msp.o(i.HAL_MspInit)
    i.HAL_NVIC_SetPriority                   0x08000e60   Section        0  stm32f1xx_hal_cortex.o(i.HAL_NVIC_SetPriority)
    i.HAL_NVIC_SetPriorityGrouping           0x08000edc   Section        0  stm32f1xx_hal_cortex.o(i.HAL_NVIC_SetPriorityGrouping)
    i.HAL_RCC_ClockConfig                    0x08000f04   Section        0  stm32f1xx_hal_rcc.o(i.HAL_RCC_ClockConfig)
    i.HAL_RCC_GetHCLKFreq                    0x08001090   Section        0  stm32f1xx_hal_rcc.o(i.HAL_RCC_GetHCLKFreq)
    i.HAL_RCC_GetPCLK1Freq                   0x0800109c   Section        0  stm32f1xx_hal_rcc.o(i.HAL_RCC_GetPCLK1Freq)
    i.HAL_RCC_GetPCLK2Freq                   0x080010bc   Section        0  stm32f1xx_hal_rcc.o(i.HAL_RCC_GetPCLK2Freq)
    i.HAL_RCC_GetSysClockFreq                0x080010dc   Section        0  stm32f1xx_hal_rcc.o(i.HAL_RCC_GetSysClockFreq)
    i.HAL_RCC_OscConfig                      0x0800114c   Section        0  stm32f1xx_hal_rcc.o(i.HAL_RCC_OscConfig)
    i.HAL_SPI_Init                           0x080015b0   Section        0  stm32f1xx_hal_spi.o(i.HAL_SPI_Init)
    i.HAL_SPI_MspInit                        0x08001670   Section        0  stm32f1xx_hal_msp.o(i.HAL_SPI_MspInit)
    i.HAL_SPI_Receive                        0x080016f4   Section        0  stm32f1xx_hal_spi.o(i.HAL_SPI_Receive)
    i.HAL_SPI_Transmit                       0x08001872   Section        0  stm32f1xx_hal_spi.o(i.HAL_SPI_Transmit)
    i.HAL_SPI_TransmitReceive                0x08001a2e   Section        0  stm32f1xx_hal_spi.o(i.HAL_SPI_TransmitReceive)
    i.HAL_SYSTICK_Config                     0x08001c6e   Section        0  stm32f1xx_hal_cortex.o(i.HAL_SYSTICK_Config)
    i.HAL_TIMEx_MasterConfigSynchronization  0x08001ca4   Section        0  stm32f1xx_hal_tim_ex.o(i.HAL_TIMEx_MasterConfigSynchronization)
    i.HAL_TIM_Base_Init                      0x08001d28   Section        0  stm32f1xx_hal_tim.o(i.HAL_TIM_Base_Init)
    i.HAL_TIM_Base_MspInit                   0x08001d90   Section        0  stm32f1xx_hal_msp.o(i.HAL_TIM_Base_MspInit)
    i.HAL_TIM_Base_Start                     0x08001dc0   Section        0  stm32f1xx_hal_tim.o(i.HAL_TIM_Base_Start)
    i.HAL_TIM_ConfigClockSource              0x08001e2c   Section        0  stm32f1xx_hal_tim.o(i.HAL_TIM_ConfigClockSource)
    i.HAL_UART_Init                          0x08001f38   Section        0  stm32f1xx_hal_uart.o(i.HAL_UART_Init)
    i.HAL_UART_MspInit                       0x08001fb0   Section        0  stm32f1xx_hal_msp.o(i.HAL_UART_MspInit)
    i.HAL_UART_Transmit                      0x08002038   Section        0  stm32f1xx_hal_uart.o(i.HAL_UART_Transmit)
    i.HardFault_Handler                      0x080020ea   Section        0  stm32f1xx_it.o(i.HardFault_Handler)
    i.MX_GPIO_Init                           0x080020f0   Section        0  main.o(i.MX_GPIO_Init)
    MX_GPIO_Init                             0x080020f1   Thumb Code   254  main.o(i.MX_GPIO_Init)
    i.MX_I2C1_Init                           0x08002200   Section        0  main.o(i.MX_I2C1_Init)
    MX_I2C1_Init                             0x08002201   Thumb Code    48  main.o(i.MX_I2C1_Init)
    i.MX_SPI1_Init                           0x0800223c   Section        0  main.o(i.MX_SPI1_Init)
    MX_SPI1_Init                             0x0800223d   Thumb Code    60  main.o(i.MX_SPI1_Init)
    i.MX_TIM1_Init                           0x08002280   Section        0  main.o(i.MX_TIM1_Init)
    MX_TIM1_Init                             0x08002281   Thumb Code   102  main.o(i.MX_TIM1_Init)
    i.MX_USART3_UART_Init                    0x080022f0   Section        0  main.o(i.MX_USART3_UART_Init)
    MX_USART3_UART_Init                      0x080022f1   Thumb Code    46  main.o(i.MX_USART3_UART_Init)
    i.MemManage_Handler                      0x08002328   Section        0  stm32f1xx_it.o(i.MemManage_Handler)
    i.NMI_Handler                            0x0800232c   Section        0  stm32f1xx_it.o(i.NMI_Handler)
    i.NRF24_ACTIVATE_cmd                     0x08002330   Section        0  my_nrf24.o(i.NRF24_ACTIVATE_cmd)
    i.NRF24_DelayMicroSeconds                0x0800235c   Section        0  my_nrf24.o(i.NRF24_DelayMicroSeconds)
    i.NRF24_available                        0x08002384   Section        0  my_nrf24.o(i.NRF24_available)
    i.NRF24_availablePipe                    0x0800238e   Section        0  my_nrf24.o(i.NRF24_availablePipe)
    i.NRF24_begin                            0x080023c0   Section        0  my_nrf24.o(i.NRF24_begin)
    i.NRF24_ce                               0x0800255c   Section        0  my_nrf24.o(i.NRF24_ce)
    i.NRF24_csn                              0x0800258c   Section        0  my_nrf24.o(i.NRF24_csn)
    i.NRF24_disableDynamicPayloads           0x080025bc   Section        0  my_nrf24.o(i.NRF24_disableDynamicPayloads)
    i.NRF24_flush_rx                         0x080025e4   Section        0  my_nrf24.o(i.NRF24_flush_rx)
    i.NRF24_flush_tx                         0x080025f0   Section        0  my_nrf24.o(i.NRF24_flush_tx)
    i.NRF24_getDynamicPayloadSize            0x080025fc   Section        0  my_nrf24.o(i.NRF24_getDynamicPayloadSize)
    i.NRF24_getPayloadSize                   0x08002608   Section        0  my_nrf24.o(i.NRF24_getPayloadSize)
    i.NRF24_get_status                       0x08002614   Section        0  my_nrf24.o(i.NRF24_get_status)
    i.NRF24_openReadingPipe                  0x08002624   Section        0  my_nrf24.o(i.NRF24_openReadingPipe)
    i.NRF24_openWritingPipe                  0x0800268c   Section        0  my_nrf24.o(i.NRF24_openWritingPipe)
    i.NRF24_powerDown                        0x080026c4   Section        0  my_nrf24.o(i.NRF24_powerDown)
    i.NRF24_read                             0x080026da   Section        0  my_nrf24.o(i.NRF24_read)
    i.NRF24_read_payload                     0x08002704   Section        0  my_nrf24.o(i.NRF24_read_payload)
    i.NRF24_read_register                    0x0800274c   Section        0  my_nrf24.o(i.NRF24_read_register)
    i.NRF24_read_registerN                   0x0800278c   Section        0  my_nrf24.o(i.NRF24_read_registerN)
    i.NRF24_resetStatus                      0x080027c8   Section        0  my_nrf24.o(i.NRF24_resetStatus)
    i.NRF24_setAutoAck                       0x080027d4   Section        0  my_nrf24.o(i.NRF24_setAutoAck)
    i.NRF24_setCRCLength                     0x080027ee   Section        0  my_nrf24.o(i.NRF24_setCRCLength)
    i.NRF24_setChannel                       0x0800281a   Section        0  my_nrf24.o(i.NRF24_setChannel)
    i.NRF24_setDataRate                      0x08002834   Section        0  my_nrf24.o(i.NRF24_setDataRate)
    i.NRF24_setPALevel                       0x08002894   Section        0  my_nrf24.o(i.NRF24_setPALevel)
    i.NRF24_setPayloadSize                   0x080028d8   Section        0  my_nrf24.o(i.NRF24_setPayloadSize)
    i.NRF24_setRetries                       0x080028f0   Section        0  my_nrf24.o(i.NRF24_setRetries)
    i.NRF24_startListening                   0x0800290c   Section        0  my_nrf24.o(i.NRF24_startListening)
    i.NRF24_startWrite                       0x08002954   Section        0  my_nrf24.o(i.NRF24_startWrite)
    i.NRF24_stopListening                    0x0800299e   Section        0  my_nrf24.o(i.NRF24_stopListening)
    i.NRF24_whatHappened                     0x080029b0   Section        0  my_nrf24.o(i.NRF24_whatHappened)
    i.NRF24_write                            0x080029e4   Section        0  my_nrf24.o(i.NRF24_write)
    i.NRF24_write_payload                    0x08002a58   Section        0  my_nrf24.o(i.NRF24_write_payload)
    i.NRF24_write_register                   0x08002a8c   Section        0  my_nrf24.o(i.NRF24_write_register)
    i.NRF24_write_registerN                  0x08002abc   Section        0  my_nrf24.o(i.NRF24_write_registerN)
    i.PendSV_Handler                         0x08002af8   Section        0  stm32f1xx_it.o(i.PendSV_Handler)
    i.RCC_Delay                              0x08002afc   Section        0  stm32f1xx_hal_rcc.o(i.RCC_Delay)
    RCC_Delay                                0x08002afd   Thumb Code    36  stm32f1xx_hal_rcc.o(i.RCC_Delay)
    i.SPI_EndRxTransaction                   0x08002b24   Section        0  stm32f1xx_hal_spi.o(i.SPI_EndRxTransaction)
    SPI_EndRxTransaction                     0x08002b25   Thumb Code   120  stm32f1xx_hal_spi.o(i.SPI_EndRxTransaction)
    i.SPI_EndRxTxTransaction                 0x08002b9c   Section        0  stm32f1xx_hal_spi.o(i.SPI_EndRxTxTransaction)
    SPI_EndRxTxTransaction                   0x08002b9d   Thumb Code    40  stm32f1xx_hal_spi.o(i.SPI_EndRxTxTransaction)
    i.SPI_WaitFlagStateUntilTimeout          0x08002bc4   Section        0  stm32f1xx_hal_spi.o(i.SPI_WaitFlagStateUntilTimeout)
    SPI_WaitFlagStateUntilTimeout            0x08002bc5   Thumb Code   210  stm32f1xx_hal_spi.o(i.SPI_WaitFlagStateUntilTimeout)
    i.SVC_Handler                            0x08002c9c   Section        0  stm32f1xx_it.o(i.SVC_Handler)
    i.Set_Pin_Input                          0x08002c9e   Section        0  main.o(i.Set_Pin_Input)
    i.Set_Pin_Output                         0x08002cbe   Section        0  main.o(i.Set_Pin_Output)
    i.SysTick_Handler                        0x08002ce2   Section        0  stm32f1xx_it.o(i.SysTick_Handler)
    i.SystemClock_Config                     0x08002cea   Section        0  main.o(i.SystemClock_Config)
    i.SystemInit                             0x08002d50   Section        0  system_stm32f1xx.o(i.SystemInit)
    i.TIM_Base_SetConfig                     0x08002d54   Section        0  stm32f1xx_hal_tim.o(i.TIM_Base_SetConfig)
    i.TIM_ETR_SetConfig                      0x08002dc8   Section        0  stm32f1xx_hal_tim.o(i.TIM_ETR_SetConfig)
    i.TIM_ITRx_SetConfig                     0x08002dde   Section        0  stm32f1xx_hal_tim.o(i.TIM_ITRx_SetConfig)
    TIM_ITRx_SetConfig                       0x08002ddf   Thumb Code    18  stm32f1xx_hal_tim.o(i.TIM_ITRx_SetConfig)
    i.TIM_TI1_ConfigInputStage               0x08002df0   Section        0  stm32f1xx_hal_tim.o(i.TIM_TI1_ConfigInputStage)
    TIM_TI1_ConfigInputStage                 0x08002df1   Thumb Code    38  stm32f1xx_hal_tim.o(i.TIM_TI1_ConfigInputStage)
    i.TIM_TI2_ConfigInputStage               0x08002e16   Section        0  stm32f1xx_hal_tim.o(i.TIM_TI2_ConfigInputStage)
    TIM_TI2_ConfigInputStage                 0x08002e17   Thumb Code    40  stm32f1xx_hal_tim.o(i.TIM_TI2_ConfigInputStage)
    i.UART_SetConfig                         0x08002e40   Section        0  stm32f1xx_hal_uart.o(i.UART_SetConfig)
    UART_SetConfig                           0x08002e41   Thumb Code   248  stm32f1xx_hal_uart.o(i.UART_SetConfig)
    i.UART_WaitOnFlagUntilTimeout            0x08002f3c   Section        0  stm32f1xx_hal_uart.o(i.UART_WaitOnFlagUntilTimeout)
    UART_WaitOnFlagUntilTimeout              0x08002f3d   Thumb Code   146  stm32f1xx_hal_uart.o(i.UART_WaitOnFlagUntilTimeout)
    i.UsageFault_Handler                     0x08002fce   Section        0  stm32f1xx_it.o(i.UsageFault_Handler)
    i.__NVIC_GetPriorityGrouping             0x08002fd4   Section        0  stm32f1xx_hal_cortex.o(i.__NVIC_GetPriorityGrouping)
    __NVIC_GetPriorityGrouping               0x08002fd5   Thumb Code    10  stm32f1xx_hal_cortex.o(i.__NVIC_GetPriorityGrouping)
    i.__NVIC_SetPriority                     0x08002fe4   Section        0  stm32f1xx_hal_cortex.o(i.__NVIC_SetPriority)
    __NVIC_SetPriority                       0x08002fe5   Thumb Code    32  stm32f1xx_hal_cortex.o(i.__NVIC_SetPriority)
    i._is_digit                              0x0800300c   Section        0  __printf_wp.o(i._is_digit)
    i.checksum                               0x0800301a   Section        0  main.o(i.checksum)
    i.command                                0x08003044   Section        0  main.o(i.command)
    i.delay                                  0x08003048   Section        0  main.o(i.delay)
    i.main                                   0x08003064   Section        0  main.o(i.main)
    i.nrf24_DebugUART_Init                   0x08003384   Section        0  my_nrf24.o(i.nrf24_DebugUART_Init)
    i.printRadioSettings                     0x0800339c   Section        0  my_nrf24.o(i.printRadioSettings)
    i.process_data                           0x08003cbc   Section        0  main.o(i.process_data)
    x$fpl$fcmpinf                            0x08003cdc   Section       24  fcmpi.o(x$fpl$fcmpinf)
    x$fpl$fdiv                               0x08003cf4   Section      388  fdiv.o(x$fpl$fdiv)
    _fdiv1                                   0x08003cf5   Thumb Code     0  fdiv.o(x$fpl$fdiv)
    x$fpl$ffixu                              0x08003e78   Section       62  ffixu.o(x$fpl$ffixu)
    x$fpl$ffltu                              0x08003eb8   Section       38  fflt_clz.o(x$fpl$ffltu)
    x$fpl$fleqf                              0x08003ee0   Section      104  fleqf.o(x$fpl$fleqf)
    x$fpl$fmul                               0x08003f48   Section      258  fmul.o(x$fpl$fmul)
    x$fpl$fnaninf                            0x0800404a   Section      140  fnaninf.o(x$fpl$fnaninf)
    x$fpl$fretinf                            0x080040d6   Section       10  fretinf.o(x$fpl$fretinf)
    x$fpl$frleqf                             0x080040e0   Section       98  frleqf.o(x$fpl$frleqf)
    .constdata                               0x08004142   Section       18  stm32f1xx_hal_rcc.o(.constdata)
    x$fpl$usenofp                            0x08004142   Section        0  usenofp.o(x$fpl$usenofp)
    aPLLMULFactorTable                       0x08004142   Data          16  stm32f1xx_hal_rcc.o(.constdata)
    aPredivFactorTable                       0x08004152   Data           2  stm32f1xx_hal_rcc.o(.constdata)
    .constdata                               0x08004154   Section       24  system_stm32f1xx.o(.constdata)
    .constdata                               0x0800416c   Section       13  my_nrf24.o(.constdata)
    NRF24_ADDR_REGS                          0x0800416c   Data           7  my_nrf24.o(.constdata)
    RF24_RX_PW_PIPE                          0x08004173   Data           6  my_nrf24.o(.constdata)
    .constdata                               0x08004179   Section       40  _printf_hex_int.o(.constdata)
    uc_hextab                                0x08004179   Data          20  _printf_hex_int.o(.constdata)
    lc_hextab                                0x0800418d   Data          20  _printf_hex_int.o(.constdata)
    .constdata                               0x080041a1   Section       17  __printf_flags_wp.o(.constdata)
    maptable                                 0x080041a1   Data          17  __printf_flags_wp.o(.constdata)
    .conststring                             0x080041b4   Section      218  my_nrf24.o(.conststring)
    .data                                    0x20000000   Section       40  main.o(.data)
    .data                                    0x20000028   Section        9  stm32f1xx_hal.o(.data)
    .data                                    0x20000034   Section        4  system_stm32f1xx.o(.data)
    .data                                    0x20000038   Section       24  my_nrf24.o(.data)
    pipe0_reading_address                    0x20000038   Data           8  my_nrf24.o(.data)
    ack_payload_available                    0x20000040   Data           1  my_nrf24.o(.data)
    ack_payload_length                       0x20000041   Data           1  my_nrf24.o(.data)
    payload_size                             0x20000042   Data           1  my_nrf24.o(.data)
    dynamic_payloads_enabled                 0x20000043   Data           1  my_nrf24.o(.data)
    p_variant                                0x20000044   Data           1  my_nrf24.o(.data)
    wide_band                                0x20000045   Data           1  my_nrf24.o(.data)
    nrf24_PORT                               0x20000048   Data           4  my_nrf24.o(.data)
    nrf24_CSN_PIN                            0x2000004c   Data           2  my_nrf24.o(.data)
    nrf24_CE_PIN                             0x2000004e   Data           2  my_nrf24.o(.data)
    .bss                                     0x20000050   Section      480  main.o(.bss)
    .bss                                     0x20000230   Section      160  my_nrf24.o(.bss)
    nrf24_hspi                               0x20000230   Data          88  my_nrf24.o(.bss)
    nrf24_huart                              0x20000288   Data          72  my_nrf24.o(.bss)
    .bss                                     0x200002d0   Section       96  libspace.o(.bss)
    HEAP                                     0x20000330   Section      512  startup_stm32f103xb.o(HEAP)
    Heap_Mem                                 0x20000330   Data         512  startup_stm32f103xb.o(HEAP)
    STACK                                    0x20000530   Section     1024  startup_stm32f103xb.o(STACK)
    Stack_Mem                                0x20000530   Data        1024  startup_stm32f103xb.o(STACK)
    __initial_sp                             0x20000930   Data           0  startup_stm32f103xb.o(STACK)

    Global Symbols

    Symbol Name                              Value     Ov Type        Size  Object(Section)

    BuildAttributes$$THM_ISAv4$P$D$K$B$S$PE$A:L22UL41UL21$X:L11$S22US41US21$IEEE1$IW$USESV6$~STKCKD$USESV7$~SHL$OSPACE$ROPI$EBA8$UX$STANDARDLIB$REQ8$PRES8$EABIv2 0x00000000   Number         0  anon$$obj.o ABSOLUTE
    __ARM_use_no_argv                        0x00000000   Number         0  main.o ABSOLUTE
    _printf_flags                            0x00000000   Number         0  printf_stubs.o ABSOLUTE
    _printf_return_value                     0x00000000   Number         0  printf_stubs.o ABSOLUTE
    _printf_sizespec                         0x00000000   Number         0  printf_stubs.o ABSOLUTE
    _printf_widthprec                        0x00000000   Number         0  printf_stubs.o ABSOLUTE
    __ARM_exceptions_init                     - Undefined Weak Reference
    __alloca_initialize                       - Undefined Weak Reference
    __arm_preinit_                            - Undefined Weak Reference
    __cpp_initialize__aeabi_                  - Undefined Weak Reference
    __cxa_finalize                            - Undefined Weak Reference
    __rt_locale                               - Undefined Weak Reference
    __sigvec_lookup                           - Undefined Weak Reference
    _atexit_init                              - Undefined Weak Reference
    _call_atexit_fns                          - Undefined Weak Reference
    _clock_init                               - Undefined Weak Reference
    _fp_trap_init                             - Undefined Weak Reference
    _fp_trap_shutdown                         - Undefined Weak Reference
    _get_lc_collate                           - Undefined Weak Reference
    _get_lc_ctype                             - Undefined Weak Reference
    _get_lc_monetary                          - Undefined Weak Reference
    _get_lc_numeric                           - Undefined Weak Reference
    _get_lc_time                              - Undefined Weak Reference
    _getenv_init                              - Undefined Weak Reference
    _handle_redirection                       - Undefined Weak Reference
    _init_alloc                               - Undefined Weak Reference
    _init_user_alloc                          - Undefined Weak Reference
    _initio                                   - Undefined Weak Reference
    _printf_truncate_signed                   - Undefined Weak Reference
    _printf_truncate_unsigned                 - Undefined Weak Reference
    _rand_init                                - Undefined Weak Reference
    _signal_finish                            - Undefined Weak Reference
    _signal_init                              - Undefined Weak Reference
    _terminate_alloc                          - Undefined Weak Reference
    _terminate_user_alloc                     - Undefined Weak Reference
    _terminateio                              - Undefined Weak Reference
    __Vectors_Size                           0x000000ec   Number         0  startup_stm32f103xb.o ABSOLUTE
    __Vectors                                0x08000000   Data           4  startup_stm32f103xb.o(RESET)
    __Vectors_End                            0x080000ec   Data           0  startup_stm32f103xb.o(RESET)
    __main                                   0x080000ed   Thumb Code     8  __main.o(!!!main)
    __scatterload                            0x080000f5   Thumb Code     0  __scatter.o(!!!scatter)
    __scatterload_rt2                        0x080000f5   Thumb Code    44  __scatter.o(!!!scatter)
    __scatterload_rt2_thumb_only             0x080000f5   Thumb Code     0  __scatter.o(!!!scatter)
    __scatterload_null                       0x08000103   Thumb Code     0  __scatter.o(!!!scatter)
    __scatterload_copy                       0x08000129   Thumb Code    26  __scatter_copy.o(!!handler_copy)
    __scatterload_zeroinit                   0x08000145   Thumb Code    28  __scatter_zi.o(!!handler_zi)
    _printf_d                                0x08000161   Thumb Code     0  _printf_d.o(.ARM.Collect$$_printf_percent$$00000009)
    _printf_percent                          0x08000161   Thumb Code     0  _printf_percent.o(.ARM.Collect$$_printf_percent$$00000000)
    _printf_x                                0x08000167   Thumb Code     0  _printf_x.o(.ARM.Collect$$_printf_percent$$0000000C)
    _printf_percent_end                      0x0800016d   Thumb Code     0  _printf_percent_end.o(.ARM.Collect$$_printf_percent$$00000017)
    __rt_lib_init                            0x08000171   Thumb Code     0  libinit.o(.ARM.Collect$$libinit$$00000000)
    __rt_lib_init_alloca_1                   0x08000173   Thumb Code     0  libinit2.o(.ARM.Collect$$libinit$$0000002E)
    __rt_lib_init_argv_1                     0x08000173   Thumb Code     0  libinit2.o(.ARM.Collect$$libinit$$0000002C)
    __rt_lib_init_atexit_1                   0x08000173   Thumb Code     0  libinit2.o(.ARM.Collect$$libinit$$0000001B)
    __rt_lib_init_clock_1                    0x08000173   Thumb Code     0  libinit2.o(.ARM.Collect$$libinit$$00000021)
    __rt_lib_init_cpp_1                      0x08000173   Thumb Code     0  libinit2.o(.ARM.Collect$$libinit$$00000032)
    __rt_lib_init_exceptions_1               0x08000173   Thumb Code     0  libinit2.o(.ARM.Collect$$libinit$$00000030)
    __rt_lib_init_fp_1                       0x08000173   Thumb Code     0  libinit2.o(.ARM.Collect$$libinit$$00000002)
    __rt_lib_init_fp_trap_1                  0x08000173   Thumb Code     0  libinit2.o(.ARM.Collect$$libinit$$0000001F)
    __rt_lib_init_getenv_1                   0x08000173   Thumb Code     0  libinit2.o(.ARM.Collect$$libinit$$00000023)
    __rt_lib_init_heap_1                     0x08000173   Thumb Code     0  libinit2.o(.ARM.Collect$$libinit$$0000000A)
    __rt_lib_init_lc_collate_1               0x08000173   Thumb Code     0  libinit2.o(.ARM.Collect$$libinit$$00000011)
    __rt_lib_init_lc_ctype_1                 0x08000173   Thumb Code     0  libinit2.o(.ARM.Collect$$libinit$$00000013)
    __rt_lib_init_lc_monetary_1              0x08000173   Thumb Code     0  libinit2.o(.ARM.Collect$$libinit$$00000015)
    __rt_lib_init_lc_numeric_1               0x08000173   Thumb Code     0  libinit2.o(.ARM.Collect$$libinit$$00000017)
    __rt_lib_init_lc_time_1                  0x08000173   Thumb Code     0  libinit2.o(.ARM.Collect$$libinit$$00000019)
    __rt_lib_init_preinit_1                  0x08000173   Thumb Code     0  libinit2.o(.ARM.Collect$$libinit$$00000004)
    __rt_lib_init_rand_1                     0x08000173   Thumb Code     0  libinit2.o(.ARM.Collect$$libinit$$0000000E)
    __rt_lib_init_return                     0x08000173   Thumb Code     0  libinit2.o(.ARM.Collect$$libinit$$00000033)
    __rt_lib_init_signal_1                   0x08000173   Thumb Code     0  libinit2.o(.ARM.Collect$$libinit$$0000001D)
    __rt_lib_init_stdio_1                    0x08000173   Thumb Code     0  libinit2.o(.ARM.Collect$$libinit$$00000025)
    __rt_lib_init_user_alloc_1               0x08000173   Thumb Code     0  libinit2.o(.ARM.Collect$$libinit$$0000000C)
    __rt_lib_shutdown                        0x08000175   Thumb Code     0  libshutdown.o(.ARM.Collect$$libshutdown$$00000000)
    __rt_lib_shutdown_cpp_1                  0x08000177   Thumb Code     0  libshutdown2.o(.ARM.Collect$$libshutdown$$00000002)
    __rt_lib_shutdown_fp_trap_1              0x08000177   Thumb Code     0  libshutdown2.o(.ARM.Collect$$libshutdown$$00000007)
    __rt_lib_shutdown_heap_1                 0x08000177   Thumb Code     0  libshutdown2.o(.ARM.Collect$$libshutdown$$0000000F)
    __rt_lib_shutdown_return                 0x08000177   Thumb Code     0  libshutdown2.o(.ARM.Collect$$libshutdown$$00000010)
    __rt_lib_shutdown_signal_1               0x08000177   Thumb Code     0  libshutdown2.o(.ARM.Collect$$libshutdown$$0000000A)
    __rt_lib_shutdown_stdio_1                0x08000177   Thumb Code     0  libshutdown2.o(.ARM.Collect$$libshutdown$$00000004)
    __rt_lib_shutdown_user_alloc_1           0x08000177   Thumb Code     0  libshutdown2.o(.ARM.Collect$$libshutdown$$0000000C)
    __rt_entry                               0x08000179   Thumb Code     0  __rtentry.o(.ARM.Collect$$rtentry$$00000000)
    __rt_entry_presh_1                       0x08000179   Thumb Code     0  __rtentry2.o(.ARM.Collect$$rtentry$$00000002)
    __rt_entry_sh                            0x08000179   Thumb Code     0  __rtentry4.o(.ARM.Collect$$rtentry$$00000004)
    __rt_entry_li                            0x0800017f   Thumb Code     0  __rtentry2.o(.ARM.Collect$$rtentry$$0000000A)
    __rt_entry_postsh_1                      0x0800017f   Thumb Code     0  __rtentry2.o(.ARM.Collect$$rtentry$$00000009)
    __rt_entry_main                          0x08000183   Thumb Code     0  __rtentry2.o(.ARM.Collect$$rtentry$$0000000D)
    __rt_entry_postli_1                      0x08000183   Thumb Code     0  __rtentry2.o(.ARM.Collect$$rtentry$$0000000C)
    __rt_exit                                0x0800018b   Thumb Code     0  rtexit.o(.ARM.Collect$$rtexit$$00000000)
    __rt_exit_ls                             0x0800018d   Thumb Code     0  rtexit2.o(.ARM.Collect$$rtexit$$00000003)
    __rt_exit_prels_1                        0x0800018d   Thumb Code     0  rtexit2.o(.ARM.Collect$$rtexit$$00000002)
    __rt_exit_exit                           0x08000191   Thumb Code     0  rtexit2.o(.ARM.Collect$$rtexit$$00000004)
    Reset_Handler                            0x08000199   Thumb Code     8  startup_stm32f103xb.o(.text)
    ADC1_2_IRQHandler                        0x080001b3   Thumb Code     0  startup_stm32f103xb.o(.text)
    CAN1_RX1_IRQHandler                      0x080001b3   Thumb Code     0  startup_stm32f103xb.o(.text)
    CAN1_SCE_IRQHandler                      0x080001b3   Thumb Code     0  startup_stm32f103xb.o(.text)
    DMA1_Channel1_IRQHandler                 0x080001b3   Thumb Code     0  startup_stm32f103xb.o(.text)
    DMA1_Channel2_IRQHandler                 0x080001b3   Thumb Code     0  startup_stm32f103xb.o(.text)
    DMA1_Channel3_IRQHandler                 0x080001b3   Thumb Code     0  startup_stm32f103xb.o(.text)
    DMA1_Channel4_IRQHandler                 0x080001b3   Thumb Code     0  startup_stm32f103xb.o(.text)
    DMA1_Channel5_IRQHandler                 0x080001b3   Thumb Code     0  startup_stm32f103xb.o(.text)
    DMA1_Channel6_IRQHandler                 0x080001b3   Thumb Code     0  startup_stm32f103xb.o(.text)
    DMA1_Channel7_IRQHandler                 0x080001b3   Thumb Code     0  startup_stm32f103xb.o(.text)
    EXTI0_IRQHandler                         0x080001b3   Thumb Code     0  startup_stm32f103xb.o(.text)
    EXTI15_10_IRQHandler                     0x080001b3   Thumb Code     0  startup_stm32f103xb.o(.text)
    EXTI1_IRQHandler                         0x080001b3   Thumb Code     0  startup_stm32f103xb.o(.text)
    EXTI2_IRQHandler                         0x080001b3   Thumb Code     0  startup_stm32f103xb.o(.text)
    EXTI3_IRQHandler                         0x080001b3   Thumb Code     0  startup_stm32f103xb.o(.text)
    EXTI4_IRQHandler                         0x080001b3   Thumb Code     0  startup_stm32f103xb.o(.text)
    EXTI9_5_IRQHandler                       0x080001b3   Thumb Code     0  startup_stm32f103xb.o(.text)
    FLASH_IRQHandler                         0x080001b3   Thumb Code     0  startup_stm32f103xb.o(.text)
    I2C1_ER_IRQHandler                       0x080001b3   Thumb Code     0  startup_stm32f103xb.o(.text)
    I2C1_EV_IRQHandler                       0x080001b3   Thumb Code     0  startup_stm32f103xb.o(.text)
    I2C2_ER_IRQHandler                       0x080001b3   Thumb Code     0  startup_stm32f103xb.o(.text)
    I2C2_EV_IRQHandler                       0x080001b3   Thumb Code     0  startup_stm32f103xb.o(.text)
    PVD_IRQHandler                           0x080001b3   Thumb Code     0  startup_stm32f103xb.o(.text)
    RCC_IRQHandler                           0x080001b3   Thumb Code     0  startup_stm32f103xb.o(.text)
    RTC_Alarm_IRQHandler                     0x080001b3   Thumb Code     0  startup_stm32f103xb.o(.text)
    RTC_IRQHandler                           0x080001b3   Thumb Code     0  startup_stm32f103xb.o(.text)
    SPI1_IRQHandler                          0x080001b3   Thumb Code     0  startup_stm32f103xb.o(.text)
    SPI2_IRQHandler                          0x080001b3   Thumb Code     0  startup_stm32f103xb.o(.text)
    TAMPER_IRQHandler                        0x080001b3   Thumb Code     0  startup_stm32f103xb.o(.text)
    TIM1_BRK_IRQHandler                      0x080001b3   Thumb Code     0  startup_stm32f103xb.o(.text)
    TIM1_CC_IRQHandler                       0x080001b3   Thumb Code     0  startup_stm32f103xb.o(.text)
    TIM1_TRG_COM_IRQHandler                  0x080001b3   Thumb Code     0  startup_stm32f103xb.o(.text)
    TIM1_UP_IRQHandler                       0x080001b3   Thumb Code     0  startup_stm32f103xb.o(.text)
    TIM2_IRQHandler                          0x080001b3   Thumb Code     0  startup_stm32f103xb.o(.text)
    TIM3_IRQHandler                          0x080001b3   Thumb Code     0  startup_stm32f103xb.o(.text)
    TIM4_IRQHandler                          0x080001b3   Thumb Code     0  startup_stm32f103xb.o(.text)
    USART1_IRQHandler                        0x080001b3   Thumb Code     0  startup_stm32f103xb.o(.text)
    USART2_IRQHandler                        0x080001b3   Thumb Code     0  startup_stm32f103xb.o(.text)
    USART3_IRQHandler                        0x080001b3   Thumb Code     0  startup_stm32f103xb.o(.text)
    USBWakeUp_IRQHandler                     0x080001b3   Thumb Code     0  startup_stm32f103xb.o(.text)
    USB_HP_CAN1_TX_IRQHandler                0x080001b3   Thumb Code     0  startup_stm32f103xb.o(.text)
    USB_LP_CAN1_RX0_IRQHandler               0x080001b3   Thumb Code     0  startup_stm32f103xb.o(.text)
    WWDG_IRQHandler                          0x080001b3   Thumb Code     0  startup_stm32f103xb.o(.text)
    __user_initial_stackheap                 0x080001b5   Thumb Code     0  startup_stm32f103xb.o(.text)
    __2sprintf                               0x080001d9   Thumb Code    34  noretval__2sprintf.o(.text)
    _printf_pre_padding                      0x08000201   Thumb Code    44  _printf_pad.o(.text)
    _printf_post_padding                     0x0800022d   Thumb Code    34  _printf_pad.o(.text)
    _printf_int_dec                          0x08000251   Thumb Code   104  _printf_dec.o(.text)
    _printf_int_hex                          0x080002c9   Thumb Code    84  _printf_hex_int.o(.text)
    _printf_longlong_hex                     0x080002c9   Thumb Code     0  _printf_hex_int.o(.text)
    __printf                                 0x08000321   Thumb Code   308  __printf_flags_wp.o(.text)
    strlen                                   0x08000459   Thumb Code    62  strlen.o(.text)
    __aeabi_memcpy4                          0x08000497   Thumb Code     0  rt_memcpy_w.o(.text)
    __aeabi_memcpy8                          0x08000497   Thumb Code     0  rt_memcpy_w.o(.text)
    __rt_memcpy_w                            0x08000497   Thumb Code   100  rt_memcpy_w.o(.text)
    _memcpy_lastbytes_aligned                0x080004df   Thumb Code     0  rt_memcpy_w.o(.text)
    __aeabi_memclr4                          0x080004fb   Thumb Code     0  rt_memclr_w.o(.text)
    __aeabi_memclr8                          0x080004fb   Thumb Code     0  rt_memclr_w.o(.text)
    __rt_memclr_w                            0x080004fb   Thumb Code    78  rt_memclr_w.o(.text)
    _memset_w                                0x080004ff   Thumb Code     0  rt_memclr_w.o(.text)
    __use_two_region_memory                  0x08000549   Thumb Code     2  heapauxi.o(.text)
    __rt_heap_escrow$2region                 0x0800054b   Thumb Code     2  heapauxi.o(.text)
    __rt_heap_expand$2region                 0x0800054d   Thumb Code     2  heapauxi.o(.text)
    _printf_int_common                       0x0800054f   Thumb Code   178  _printf_intcommon.o(.text)
    _printf_char_common                      0x0800060b   Thumb Code    32  _printf_char_common.o(.text)
    _sputc                                   0x08000631   Thumb Code    10  _sputc.o(.text)
    __user_setup_stackheap                   0x0800063b   Thumb Code    74  sys_stackheap_outer.o(.text)
    exit                                     0x08000685   Thumb Code    18  exit.o(.text)
    __user_libspace                          0x08000699   Thumb Code     8  libspace.o(.text)
    __user_perproc_libspace                  0x08000699   Thumb Code     0  libspace.o(.text)
    __user_perthread_libspace                0x08000699   Thumb Code     0  libspace.o(.text)
    _sys_exit                                0x080006a1   Thumb Code     8  sys_exit.o(.text)
    __I$use$semihosting                      0x080006ad   Thumb Code     0  use_no_semi.o(.text)
    __use_no_semihosting_swi                 0x080006ad   Thumb Code     2  use_no_semi.o(.text)
    BusFault_Handler                         0x080006af   Thumb Code     4  stm32f1xx_it.o(i.BusFault_Handler)
    __semihosting_library_function           0x080006af   Thumb Code     0  indicate_semi.o(.text)
    DS18B20_Start                            0x080006b5   Thumb Code    72  main.o(i.DS18B20_Start)
    DS18B20_Write                            0x08000701   Thumb Code   104  main.o(i.DS18B20_Write)
    DS18B20_read                             0x0800076d   Thumb Code    82  main.o(i.DS18B20_read)
    DebugMon_Handler                         0x080007c5   Thumb Code     2  stm32f1xx_it.o(i.DebugMon_Handler)
    Error_Handler                            0x080007c7   Thumb Code     6  main.o(i.Error_Handler)
    HAL_Delay                                0x080007cd   Thumb Code    36  stm32f1xx_hal.o(i.HAL_Delay)
    HAL_GPIO_Init                            0x080007f5   Thumb Code   766  stm32f1xx_hal_gpio.o(i.HAL_GPIO_Init)
    HAL_GPIO_ReadPin                         0x08000b15   Thumb Code    16  stm32f1xx_hal_gpio.o(i.HAL_GPIO_ReadPin)
    HAL_GPIO_WritePin                        0x08000b25   Thumb Code    12  stm32f1xx_hal_gpio.o(i.HAL_GPIO_WritePin)
    HAL_GetTick                              0x08000b31   Thumb Code     6  stm32f1xx_hal.o(i.HAL_GetTick)
    HAL_I2C_Init                             0x08000b3d   Thumb Code   446  stm32f1xx_hal_i2c.o(i.HAL_I2C_Init)
    HAL_I2C_MspInit                          0x08000d0d   Thumb Code   104  stm32f1xx_hal_msp.o(i.HAL_I2C_MspInit)
    HAL_IncTick                              0x08000d81   Thumb Code    16  stm32f1xx_hal.o(i.HAL_IncTick)
    HAL_Init                                 0x08000d99   Thumb Code    34  stm32f1xx_hal.o(i.HAL_Init)
    HAL_InitTick                             0x08000dc1   Thumb Code    64  stm32f1xx_hal.o(i.HAL_InitTick)
    HAL_MspInit                              0x08000e0d   Thumb Code    76  stm32f1xx_hal_msp.o(i.HAL_MspInit)
    HAL_NVIC_SetPriority                     0x08000e61   Thumb Code   124  stm32f1xx_hal_cortex.o(i.HAL_NVIC_SetPriority)
    HAL_NVIC_SetPriorityGrouping             0x08000edd   Thumb Code    32  stm32f1xx_hal_cortex.o(i.HAL_NVIC_SetPriorityGrouping)
    HAL_RCC_ClockConfig                      0x08000f05   Thumb Code   376  stm32f1xx_hal_rcc.o(i.HAL_RCC_ClockConfig)
    HAL_RCC_GetHCLKFreq                      0x08001091   Thumb Code     6  stm32f1xx_hal_rcc.o(i.HAL_RCC_GetHCLKFreq)
    HAL_RCC_GetPCLK1Freq                     0x0800109d   Thumb Code    22  stm32f1xx_hal_rcc.o(i.HAL_RCC_GetPCLK1Freq)
    HAL_RCC_GetPCLK2Freq                     0x080010bd   Thumb Code    22  stm32f1xx_hal_rcc.o(i.HAL_RCC_GetPCLK2Freq)
    HAL_RCC_GetSysClockFreq                  0x080010dd   Thumb Code    92  stm32f1xx_hal_rcc.o(i.HAL_RCC_GetSysClockFreq)
    HAL_RCC_OscConfig                        0x0800114d   Thumb Code  1114  stm32f1xx_hal_rcc.o(i.HAL_RCC_OscConfig)
    HAL_SPI_Init                             0x080015b1   Thumb Code   190  stm32f1xx_hal_spi.o(i.HAL_SPI_Init)
    HAL_SPI_MspInit                          0x08001671   Thumb Code   120  stm32f1xx_hal_msp.o(i.HAL_SPI_MspInit)
    HAL_SPI_Receive                          0x080016f5   Thumb Code   382  stm32f1xx_hal_spi.o(i.HAL_SPI_Receive)
    HAL_SPI_Transmit                         0x08001873   Thumb Code   444  stm32f1xx_hal_spi.o(i.HAL_SPI_Transmit)
    HAL_SPI_TransmitReceive                  0x08001a2f   Thumb Code   576  stm32f1xx_hal_spi.o(i.HAL_SPI_TransmitReceive)
    HAL_SYSTICK_Config                       0x08001c6f   Thumb Code    52  stm32f1xx_hal_cortex.o(i.HAL_SYSTICK_Config)
    HAL_TIMEx_MasterConfigSynchronization    0x08001ca5   Thumb Code   118  stm32f1xx_hal_tim_ex.o(i.HAL_TIMEx_MasterConfigSynchronization)
    HAL_TIM_Base_Init                        0x08001d29   Thumb Code   102  stm32f1xx_hal_tim.o(i.HAL_TIM_Base_Init)
    HAL_TIM_Base_MspInit                     0x08001d91   Thumb Code    40  stm32f1xx_hal_msp.o(i.HAL_TIM_Base_MspInit)
    HAL_TIM_Base_Start                       0x08001dc1   Thumb Code    94  stm32f1xx_hal_tim.o(i.HAL_TIM_Base_Start)
    HAL_TIM_ConfigClockSource                0x08001e2d   Thumb Code   268  stm32f1xx_hal_tim.o(i.HAL_TIM_ConfigClockSource)
    HAL_UART_Init                            0x08001f39   Thumb Code   118  stm32f1xx_hal_uart.o(i.HAL_UART_Init)
    HAL_UART_MspInit                         0x08001fb1   Thumb Code   122  stm32f1xx_hal_msp.o(i.HAL_UART_MspInit)
    HAL_UART_Transmit                        0x08002039   Thumb Code   178  stm32f1xx_hal_uart.o(i.HAL_UART_Transmit)
    HardFault_Handler                        0x080020eb   Thumb Code     4  stm32f1xx_it.o(i.HardFault_Handler)
    MemManage_Handler                        0x08002329   Thumb Code     4  stm32f1xx_it.o(i.MemManage_Handler)
    NMI_Handler                              0x0800232d   Thumb Code     4  stm32f1xx_it.o(i.NMI_Handler)
    NRF24_ACTIVATE_cmd                       0x08002331   Thumb Code    40  my_nrf24.o(i.NRF24_ACTIVATE_cmd)
    NRF24_DelayMicroSeconds                  0x0800235d   Thumb Code    32  my_nrf24.o(i.NRF24_DelayMicroSeconds)
    NRF24_available                          0x08002385   Thumb Code    10  my_nrf24.o(i.NRF24_available)
    NRF24_availablePipe                      0x0800238f   Thumb Code    50  my_nrf24.o(i.NRF24_availablePipe)
    NRF24_begin                              0x080023c1   Thumb Code   394  my_nrf24.o(i.NRF24_begin)
    NRF24_ce                                 0x0800255d   Thumb Code    38  my_nrf24.o(i.NRF24_ce)
    NRF24_csn                                0x0800258d   Thumb Code    38  my_nrf24.o(i.NRF24_csn)
    NRF24_disableDynamicPayloads             0x080025bd   Thumb Code    36  my_nrf24.o(i.NRF24_disableDynamicPayloads)
    NRF24_flush_rx                           0x080025e5   Thumb Code    12  my_nrf24.o(i.NRF24_flush_rx)
    NRF24_flush_tx                           0x080025f1   Thumb Code    12  my_nrf24.o(i.NRF24_flush_tx)
    NRF24_getDynamicPayloadSize              0x080025fd   Thumb Code    10  my_nrf24.o(i.NRF24_getDynamicPayloadSize)
    NRF24_getPayloadSize                     0x08002609   Thumb Code     6  my_nrf24.o(i.NRF24_getPayloadSize)
    NRF24_get_status                         0x08002615   Thumb Code    14  my_nrf24.o(i.NRF24_get_status)
    NRF24_openReadingPipe                    0x08002625   Thumb Code    86  my_nrf24.o(i.NRF24_openReadingPipe)
    NRF24_openWritingPipe                    0x0800268d   Thumb Code    50  my_nrf24.o(i.NRF24_openWritingPipe)
    NRF24_powerDown                          0x080026c5   Thumb Code    22  my_nrf24.o(i.NRF24_powerDown)
    NRF24_read                               0x080026db   Thumb Code    42  my_nrf24.o(i.NRF24_read)
    NRF24_read_payload                       0x08002705   Thumb Code    66  my_nrf24.o(i.NRF24_read_payload)
    NRF24_read_register                      0x0800274d   Thumb Code    58  my_nrf24.o(i.NRF24_read_register)
    NRF24_read_registerN                     0x0800278d   Thumb Code    54  my_nrf24.o(i.NRF24_read_registerN)
    NRF24_resetStatus                        0x080027c9   Thumb Code    12  my_nrf24.o(i.NRF24_resetStatus)
    NRF24_setAutoAck                         0x080027d5   Thumb Code    26  my_nrf24.o(i.NRF24_setAutoAck)
    NRF24_setCRCLength                       0x080027ef   Thumb Code    44  my_nrf24.o(i.NRF24_setCRCLength)
    NRF24_setChannel                         0x0800281b   Thumb Code    26  my_nrf24.o(i.NRF24_setChannel)
    NRF24_setDataRate                        0x08002835   Thumb Code    90  my_nrf24.o(i.NRF24_setDataRate)
    NRF24_setPALevel                         0x08002895   Thumb Code    66  my_nrf24.o(i.NRF24_setPALevel)
    NRF24_setPayloadSize                     0x080028d9   Thumb Code    18  my_nrf24.o(i.NRF24_setPayloadSize)
    NRF24_setRetries                         0x080028f1   Thumb Code    26  my_nrf24.o(i.NRF24_setRetries)
    NRF24_startListening                     0x0800290d   Thumb Code    68  my_nrf24.o(i.NRF24_startListening)
    NRF24_startWrite                         0x08002955   Thumb Code    74  my_nrf24.o(i.NRF24_startWrite)
    NRF24_stopListening                      0x0800299f   Thumb Code    18  my_nrf24.o(i.NRF24_stopListening)
    NRF24_whatHappened                       0x080029b1   Thumb Code    50  my_nrf24.o(i.NRF24_whatHappened)
    NRF24_write                              0x080029e5   Thumb Code   108  my_nrf24.o(i.NRF24_write)
    NRF24_write_payload                      0x08002a59   Thumb Code    48  my_nrf24.o(i.NRF24_write_payload)
    NRF24_write_register                     0x08002a8d   Thumb Code    44  my_nrf24.o(i.NRF24_write_register)
    NRF24_write_registerN                    0x08002abd   Thumb Code    54  my_nrf24.o(i.NRF24_write_registerN)
    PendSV_Handler                           0x08002af9   Thumb Code     2  stm32f1xx_it.o(i.PendSV_Handler)
    SVC_Handler                              0x08002c9d   Thumb Code     2  stm32f1xx_it.o(i.SVC_Handler)
    Set_Pin_Input                            0x08002c9f   Thumb Code    32  main.o(i.Set_Pin_Input)
    Set_Pin_Output                           0x08002cbf   Thumb Code    36  main.o(i.Set_Pin_Output)
    SysTick_Handler                          0x08002ce3   Thumb Code     8  stm32f1xx_it.o(i.SysTick_Handler)
    SystemClock_Config                       0x08002ceb   Thumb Code   102  main.o(i.SystemClock_Config)
    SystemInit                               0x08002d51   Thumb Code     2  system_stm32f1xx.o(i.SystemInit)
    TIM_Base_SetConfig                       0x08002d55   Thumb Code   104  stm32f1xx_hal_tim.o(i.TIM_Base_SetConfig)
    TIM_ETR_SetConfig                        0x08002dc9   Thumb Code    22  stm32f1xx_hal_tim.o(i.TIM_ETR_SetConfig)
    UsageFault_Handler                       0x08002fcf   Thumb Code     4  stm32f1xx_it.o(i.UsageFault_Handler)
    _is_digit                                0x0800300d   Thumb Code    14  __printf_wp.o(i._is_digit)
    checksum                                 0x0800301b   Thumb Code    42  main.o(i.checksum)
    command                                  0x08003045   Thumb Code     2  main.o(i.command)
    delay                                    0x08003049   Thumb Code    22  main.o(i.delay)
    main                                     0x08003065   Thumb Code   732  main.o(i.main)
    nrf24_DebugUART_Init                     0x08003385   Thumb Code    20  my_nrf24.o(i.nrf24_DebugUART_Init)
    printRadioSettings                       0x0800339d   Thumb Code  2084  my_nrf24.o(i.printRadioSettings)
    process_data                             0x08003cbd   Thumb Code    32  main.o(i.process_data)
    __fpl_fcmp_Inf                           0x08003cdd   Thumb Code    24  fcmpi.o(x$fpl$fcmpinf)
    __aeabi_fdiv                             0x08003cf5   Thumb Code     0  fdiv.o(x$fpl$fdiv)
    _fdiv                                    0x08003cf5   Thumb Code   384  fdiv.o(x$fpl$fdiv)
    __aeabi_f2uiz                            0x08003e79   Thumb Code     0  ffixu.o(x$fpl$ffixu)
    _ffixu                                   0x08003e79   Thumb Code    62  ffixu.o(x$fpl$ffixu)
    __aeabi_ui2f                             0x08003eb9   Thumb Code     0  fflt_clz.o(x$fpl$ffltu)
    _ffltu                                   0x08003eb9   Thumb Code    38  fflt_clz.o(x$fpl$ffltu)
    __aeabi_cfcmple                          0x08003ee1   Thumb Code     0  fleqf.o(x$fpl$fleqf)
    _fcmple                                  0x08003ee1   Thumb Code   104  fleqf.o(x$fpl$fleqf)
    __fpl_fcmple_InfNaN                      0x08003f33   Thumb Code     0  fleqf.o(x$fpl$fleqf)
    __aeabi_fmul                             0x08003f49   Thumb Code     0  fmul.o(x$fpl$fmul)
    _fmul                                    0x08003f49   Thumb Code   258  fmul.o(x$fpl$fmul)
    __fpl_fnaninf                            0x0800404b   Thumb Code   140  fnaninf.o(x$fpl$fnaninf)
    __fpl_fretinf                            0x080040d7   Thumb Code    10  fretinf.o(x$fpl$fretinf)
    __aeabi_cfrcmple                         0x080040e1   Thumb Code     0  frleqf.o(x$fpl$frleqf)
    _frcmple                                 0x080040e1   Thumb Code    98  frleqf.o(x$fpl$frleqf)
    __I$use$fp                               0x08004142   Number         0  usenofp.o(x$fpl$usenofp)
    AHBPrescTable                            0x08004154   Data          16  system_stm32f1xx.o(.constdata)
    APBPrescTable                            0x08004164   Data           8  system_stm32f1xx.o(.constdata)
    Region$$Table$$Base                      0x08004290   Number         0  anon$$obj.o(Region$$Table)
    Region$$Table$$Limit                     0x080042b0   Number         0  anon$$obj.o(Region$$Table)
    status                                   0x20000000   Data           1  main.o(.data)
    TxpipeAddrs                              0x20000008   Data           8  main.o(.data)
    RxpipeAddrs                              0x20000010   Data           8  main.o(.data)
    Temp_byte1                               0x20000018   Data           1  main.o(.data)
    Temp_byte2                               0x20000019   Data           1  main.o(.data)
    Temperature                              0x2000001c   Data           4  main.o(.data)
    Presence                                 0x20000020   Data           1  main.o(.data)
    TEMP                                     0x20000022   Data           2  main.o(.data)
    max_temp                                 0x20000024   Data           2  main.o(.data)
    min_temp                                 0x20000026   Data           2  main.o(.data)
    uwTick                                   0x20000028   Data           4  stm32f1xx_hal.o(.data)
    uwTickPrio                               0x2000002c   Data           4  stm32f1xx_hal.o(.data)
    uwTickFreq                               0x20000030   Data           1  stm32f1xx_hal.o(.data)
    SystemCoreClock                          0x20000034   Data           4  system_stm32f1xx.o(.data)
    hi2c1                                    0x20000050   Data          84  main.o(.bss)
    hspi1                                    0x200000a4   Data          88  main.o(.bss)
    htim1                                    0x200000fc   Data          72  main.o(.bss)
    huart3                                   0x20000144   Data          72  main.o(.bss)
    myTxData                                 0x2000018c   Data          64  main.o(.bss)
    myRxData                                 0x200001cc   Data         100  main.o(.bss)
    __libspace_start                         0x200002d0   Data          96  libspace.o(.bss)
    __temporary_stack_top$libspace           0x20000330   Data           0  libspace.o(.bss)



==============================================================================

Memory Map of the image

  Image Entry point : 0x080000ed

  Load Region LR_IROM1 (Base: 0x08000000, Size: 0x00004300, Max: 0x00010000, ABSOLUTE)

    Execution Region ER_IROM1 (Exec base: 0x08000000, Load base: 0x08000000, Size: 0x000042b0, Max: 0x00010000, ABSOLUTE)

    Exec Addr    Load Addr    Size         Type   Attr      Idx    E Section Name        Object

    0x08000000   0x08000000   0x000000ec   Data   RO            3    RESET               startup_stm32f103xb.o
    0x080000ec   0x080000ec   0x00000008   Code   RO         4058  * !!!main             c_w.l(__main.o)
    0x080000f4   0x080000f4   0x00000034   Code   RO         4251    !!!scatter          c_w.l(__scatter.o)
    0x08000128   0x08000128   0x0000001a   Code   RO         4253    !!handler_copy      c_w.l(__scatter_copy.o)
    0x08000142   0x08000142   0x00000002   PAD
    0x08000144   0x08000144   0x0000001c   Code   RO         4255    !!handler_zi        c_w.l(__scatter_zi.o)
    0x08000160   0x08000160   0x00000000   Code   RO         4049    .ARM.Collect$$_printf_percent$$00000000  c_w.l(_printf_percent.o)
    0x08000160   0x08000160   0x00000006   Code   RO         4048    .ARM.Collect$$_printf_percent$$00000009  c_w.l(_printf_d.o)
    0x08000166   0x08000166   0x00000006   Code   RO         4047    .ARM.Collect$$_printf_percent$$0000000C  c_w.l(_printf_x.o)
    0x0800016c   0x0800016c   0x00000004   Code   RO         4087    .ARM.Collect$$_printf_percent$$00000017  c_w.l(_printf_percent_end.o)
    0x08000170   0x08000170   0x00000002   Code   RO         4121    .ARM.Collect$$libinit$$00000000  c_w.l(libinit.o)
    0x08000172   0x08000172   0x00000000   Code   RO         4128    .ARM.Collect$$libinit$$00000002  c_w.l(libinit2.o)
    0x08000172   0x08000172   0x00000000   Code   RO         4130    .ARM.Collect$$libinit$$00000004  c_w.l(libinit2.o)
    0x08000172   0x08000172   0x00000000   Code   RO         4133    .ARM.Collect$$libinit$$0000000A  c_w.l(libinit2.o)
    0x08000172   0x08000172   0x00000000   Code   RO         4135    .ARM.Collect$$libinit$$0000000C  c_w.l(libinit2.o)
    0x08000172   0x08000172   0x00000000   Code   RO         4137    .ARM.Collect$$libinit$$0000000E  c_w.l(libinit2.o)
    0x08000172   0x08000172   0x00000000   Code   RO         4140    .ARM.Collect$$libinit$$00000011  c_w.l(libinit2.o)
    0x08000172   0x08000172   0x00000000   Code   RO         4142    .ARM.Collect$$libinit$$00000013  c_w.l(libinit2.o)
    0x08000172   0x08000172   0x00000000   Code   RO         4144    .ARM.Collect$$libinit$$00000015  c_w.l(libinit2.o)
    0x08000172   0x08000172   0x00000000   Code   RO         4146    .ARM.Collect$$libinit$$00000017  c_w.l(libinit2.o)
    0x08000172   0x08000172   0x00000000   Code   RO         4148    .ARM.Collect$$libinit$$00000019  c_w.l(libinit2.o)
    0x08000172   0x08000172   0x00000000   Code   RO         4150    .ARM.Collect$$libinit$$0000001B  c_w.l(libinit2.o)
    0x08000172   0x08000172   0x00000000   Code   RO         4152    .ARM.Collect$$libinit$$0000001D  c_w.l(libinit2.o)
    0x08000172   0x08000172   0x00000000   Code   RO         4154    .ARM.Collect$$libinit$$0000001F  c_w.l(libinit2.o)
    0x08000172   0x08000172   0x00000000   Code   RO         4156    .ARM.Collect$$libinit$$00000021  c_w.l(libinit2.o)
    0x08000172   0x08000172   0x00000000   Code   RO         4158    .ARM.Collect$$libinit$$00000023  c_w.l(libinit2.o)
    0x08000172   0x08000172   0x00000000   Code   RO         4160    .ARM.Collect$$libinit$$00000025  c_w.l(libinit2.o)
    0x08000172   0x08000172   0x00000000   Code   RO         4164    .ARM.Collect$$libinit$$0000002C  c_w.l(libinit2.o)
    0x08000172   0x08000172   0x00000000   Code   RO         4166    .ARM.Collect$$libinit$$0000002E  c_w.l(libinit2.o)
    0x08000172   0x08000172   0x00000000   Code   RO         4168    .ARM.Collect$$libinit$$00000030  c_w.l(libinit2.o)
    0x08000172   0x08000172   0x00000000   Code   RO         4170    .ARM.Collect$$libinit$$00000032  c_w.l(libinit2.o)
    0x08000172   0x08000172   0x00000002   Code   RO         4171    .ARM.Collect$$libinit$$00000033  c_w.l(libinit2.o)
    0x08000174   0x08000174   0x00000002   Code   RO         4191    .ARM.Collect$$libshutdown$$00000000  c_w.l(libshutdown.o)
    0x08000176   0x08000176   0x00000000   Code   RO         4204    .ARM.Collect$$libshutdown$$00000002  c_w.l(libshutdown2.o)
    0x08000176   0x08000176   0x00000000   Code   RO         4206    .ARM.Collect$$libshutdown$$00000004  c_w.l(libshutdown2.o)
    0x08000176   0x08000176   0x00000000   Code   RO         4209    .ARM.Collect$$libshutdown$$00000007  c_w.l(libshutdown2.o)
    0x08000176   0x08000176   0x00000000   Code   RO         4212    .ARM.Collect$$libshutdown$$0000000A  c_w.l(libshutdown2.o)
    0x08000176   0x08000176   0x00000000   Code   RO         4214    .ARM.Collect$$libshutdown$$0000000C  c_w.l(libshutdown2.o)
    0x08000176   0x08000176   0x00000000   Code   RO         4217    .ARM.Collect$$libshutdown$$0000000F  c_w.l(libshutdown2.o)
    0x08000176   0x08000176   0x00000002   Code   RO         4218    .ARM.Collect$$libshutdown$$00000010  c_w.l(libshutdown2.o)
    0x08000178   0x08000178   0x00000000   Code   RO         4080    .ARM.Collect$$rtentry$$00000000  c_w.l(__rtentry.o)
    0x08000178   0x08000178   0x00000000   Code   RO         4096    .ARM.Collect$$rtentry$$00000002  c_w.l(__rtentry2.o)
    0x08000178   0x08000178   0x00000006   Code   RO         4108    .ARM.Collect$$rtentry$$00000004  c_w.l(__rtentry4.o)
    0x0800017e   0x0800017e   0x00000000   Code   RO         4098    .ARM.Collect$$rtentry$$00000009  c_w.l(__rtentry2.o)
    0x0800017e   0x0800017e   0x00000004   Code   RO         4099    .ARM.Collect$$rtentry$$0000000A  c_w.l(__rtentry2.o)
    0x08000182   0x08000182   0x00000000   Code   RO         4101    .ARM.Collect$$rtentry$$0000000C  c_w.l(__rtentry2.o)
    0x08000182   0x08000182   0x00000008   Code   RO         4102    .ARM.Collect$$rtentry$$0000000D  c_w.l(__rtentry2.o)
    0x0800018a   0x0800018a   0x00000002   Code   RO         4125    .ARM.Collect$$rtexit$$00000000  c_w.l(rtexit.o)
    0x0800018c   0x0800018c   0x00000000   Code   RO         4173    .ARM.Collect$$rtexit$$00000002  c_w.l(rtexit2.o)
    0x0800018c   0x0800018c   0x00000004   Code   RO         4174    .ARM.Collect$$rtexit$$00000003  c_w.l(rtexit2.o)
    0x08000190   0x08000190   0x00000006   Code   RO         4175    .ARM.Collect$$rtexit$$00000004  c_w.l(rtexit2.o)
    0x08000196   0x08000196   0x00000002   PAD
    0x08000198   0x08000198   0x00000040   Code   RO            4    .text               startup_stm32f103xb.o
    0x080001d8   0x080001d8   0x00000028   Code   RO         3998    .text               c_w.l(noretval__2sprintf.o)
    0x08000200   0x08000200   0x0000004e   Code   RO         4002    .text               c_w.l(_printf_pad.o)
    0x0800024e   0x0800024e   0x00000002   PAD
    0x08000250   0x08000250   0x00000078   Code   RO         4004    .text               c_w.l(_printf_dec.o)
    0x080002c8   0x080002c8   0x00000058   Code   RO         4009    .text               c_w.l(_printf_hex_int.o)
    0x08000320   0x08000320   0x00000138   Code   RO         4039    .text               c_w.l(__printf_flags_wp.o)
    0x08000458   0x08000458   0x0000003e   Code   RO         4050    .text               c_w.l(strlen.o)
    0x08000496   0x08000496   0x00000064   Code   RO         4052    .text               c_w.l(rt_memcpy_w.o)
    0x080004fa   0x080004fa   0x0000004e   Code   RO         4054    .text               c_w.l(rt_memclr_w.o)
    0x08000548   0x08000548   0x00000006   Code   RO         4056    .text               c_w.l(heapauxi.o)
    0x0800054e   0x0800054e   0x000000b2   Code   RO         4081    .text               c_w.l(_printf_intcommon.o)
    0x08000600   0x08000600   0x00000030   Code   RO         4083    .text               c_w.l(_printf_char_common.o)
    0x08000630   0x08000630   0x0000000a   Code   RO         4085    .text               c_w.l(_sputc.o)
    0x0800063a   0x0800063a   0x0000004a   Code   RO         4112    .text               c_w.l(sys_stackheap_outer.o)
    0x08000684   0x08000684   0x00000012   Code   RO         4114    .text               c_w.l(exit.o)
    0x08000696   0x08000696   0x00000002   PAD
    0x08000698   0x08000698   0x00000008   Code   RO         4122    .text               c_w.l(libspace.o)
    0x080006a0   0x080006a0   0x0000000c   Code   RO         4183    .text               c_w.l(sys_exit.o)
    0x080006ac   0x080006ac   0x00000002   Code   RO         4194    .text               c_w.l(use_no_semi.o)
    0x080006ae   0x080006ae   0x00000000   Code   RO         4196    .text               c_w.l(indicate_semi.o)
    0x080006ae   0x080006ae   0x00000004   Code   RO          248    i.BusFault_Handler  stm32f1xx_it.o
    0x080006b2   0x080006b2   0x00000002   PAD
    0x080006b4   0x080006b4   0x0000004c   Code   RO           13    i.DS18B20_Start     main.o
    0x08000700   0x08000700   0x0000006c   Code   RO           14    i.DS18B20_Write     main.o
    0x0800076c   0x0800076c   0x00000058   Code   RO           15    i.DS18B20_read      main.o
    0x080007c4   0x080007c4   0x00000002   Code   RO          249    i.DebugMon_Handler  stm32f1xx_it.o
    0x080007c6   0x080007c6   0x00000006   Code   RO           16    i.Error_Handler     main.o
    0x080007cc   0x080007cc   0x00000028   Code   RO          915    i.HAL_Delay         stm32f1xx_hal.o
    0x080007f4   0x080007f4   0x00000320   Code   RO         1230    i.HAL_GPIO_Init     stm32f1xx_hal_gpio.o
    0x08000b14   0x08000b14   0x00000010   Code   RO         1232    i.HAL_GPIO_ReadPin  stm32f1xx_hal_gpio.o
    0x08000b24   0x08000b24   0x0000000c   Code   RO         1234    i.HAL_GPIO_WritePin  stm32f1xx_hal_gpio.o
    0x08000b30   0x08000b30   0x0000000c   Code   RO          919    i.HAL_GetTick       stm32f1xx_hal.o
    0x08000b3c   0x08000b3c   0x000001d0   Code   RO          442    i.HAL_I2C_Init      stm32f1xx_hal_i2c.o
    0x08000d0c   0x08000d0c   0x00000074   Code   RO          324    i.HAL_I2C_MspInit   stm32f1xx_hal_msp.o
    0x08000d80   0x08000d80   0x00000018   Code   RO          925    i.HAL_IncTick       stm32f1xx_hal.o
    0x08000d98   0x08000d98   0x00000028   Code   RO          926    i.HAL_Init          stm32f1xx_hal.o
    0x08000dc0   0x08000dc0   0x0000004c   Code   RO          927    i.HAL_InitTick      stm32f1xx_hal.o
    0x08000e0c   0x08000e0c   0x00000054   Code   RO          325    i.HAL_MspInit       stm32f1xx_hal_msp.o
    0x08000e60   0x08000e60   0x0000007c   Code   RO         1396    i.HAL_NVIC_SetPriority  stm32f1xx_hal_cortex.o
    0x08000edc   0x08000edc   0x00000028   Code   RO         1397    i.HAL_NVIC_SetPriorityGrouping  stm32f1xx_hal_cortex.o
    0x08000f04   0x08000f04   0x0000018c   Code   RO         1083    i.HAL_RCC_ClockConfig  stm32f1xx_hal_rcc.o
    0x08001090   0x08001090   0x0000000c   Code   RO         1088    i.HAL_RCC_GetHCLKFreq  stm32f1xx_hal_rcc.o
    0x0800109c   0x0800109c   0x00000020   Code   RO         1090    i.HAL_RCC_GetPCLK1Freq  stm32f1xx_hal_rcc.o
    0x080010bc   0x080010bc   0x00000020   Code   RO         1091    i.HAL_RCC_GetPCLK2Freq  stm32f1xx_hal_rcc.o
    0x080010dc   0x080010dc   0x00000070   Code   RO         1092    i.HAL_RCC_GetSysClockFreq  stm32f1xx_hal_rcc.o
    0x0800114c   0x0800114c   0x00000464   Code   RO         1095    i.HAL_RCC_OscConfig  stm32f1xx_hal_rcc.o
    0x080015b0   0x080015b0   0x000000be   Code   RO         1927    i.HAL_SPI_Init      stm32f1xx_hal_spi.o
    0x0800166e   0x0800166e   0x00000002   PAD
    0x08001670   0x08001670   0x00000084   Code   RO          327    i.HAL_SPI_MspInit   stm32f1xx_hal_msp.o
    0x080016f4   0x080016f4   0x0000017e   Code   RO         1930    i.HAL_SPI_Receive   stm32f1xx_hal_spi.o
    0x08001872   0x08001872   0x000001bc   Code   RO         1935    i.HAL_SPI_Transmit  stm32f1xx_hal_spi.o
    0x08001a2e   0x08001a2e   0x00000240   Code   RO         1936    i.HAL_SPI_TransmitReceive  stm32f1xx_hal_spi.o
    0x08001c6e   0x08001c6e   0x00000034   Code   RO         1401    i.HAL_SYSTICK_Config  stm32f1xx_hal_cortex.o
    0x08001ca2   0x08001ca2   0x00000002   PAD
    0x08001ca4   0x08001ca4   0x00000084   Code   RO         2974    i.HAL_TIMEx_MasterConfigSynchronization  stm32f1xx_hal_tim_ex.o
    0x08001d28   0x08001d28   0x00000066   Code   RO         2240    i.HAL_TIM_Base_Init  stm32f1xx_hal_tim.o
    0x08001d8e   0x08001d8e   0x00000002   PAD
    0x08001d90   0x08001d90   0x00000030   Code   RO          329    i.HAL_TIM_Base_MspInit  stm32f1xx_hal_msp.o
    0x08001dc0   0x08001dc0   0x0000006c   Code   RO         2243    i.HAL_TIM_Base_Start  stm32f1xx_hal_tim.o
    0x08001e2c   0x08001e2c   0x0000010c   Code   RO         2249    i.HAL_TIM_ConfigClockSource  stm32f1xx_hal_tim.o
    0x08001f38   0x08001f38   0x00000076   Code   RO         3252    i.HAL_UART_Init     stm32f1xx_hal_uart.o
    0x08001fae   0x08001fae   0x00000002   PAD
    0x08001fb0   0x08001fb0   0x00000088   Code   RO          331    i.HAL_UART_MspInit  stm32f1xx_hal_msp.o
    0x08002038   0x08002038   0x000000b2   Code   RO         3260    i.HAL_UART_Transmit  stm32f1xx_hal_uart.o
    0x080020ea   0x080020ea   0x00000004   Code   RO          250    i.HardFault_Handler  stm32f1xx_it.o
    0x080020ee   0x080020ee   0x00000002   PAD
    0x080020f0   0x080020f0   0x00000110   Code   RO           18    i.MX_GPIO_Init      main.o
    0x08002200   0x08002200   0x0000003c   Code   RO           19    i.MX_I2C1_Init      main.o
    0x0800223c   0x0800223c   0x00000044   Code   RO           20    i.MX_SPI1_Init      main.o
    0x08002280   0x08002280   0x00000070   Code   RO           21    i.MX_TIM1_Init      main.o
    0x080022f0   0x080022f0   0x00000038   Code   RO           22    i.MX_USART3_UART_Init  main.o
    0x08002328   0x08002328   0x00000004   Code   RO          251    i.MemManage_Handler  stm32f1xx_it.o
    0x0800232c   0x0800232c   0x00000004   Code   RO          252    i.NMI_Handler       stm32f1xx_it.o
    0x08002330   0x08002330   0x0000002c   Code   RO         3632    i.NRF24_ACTIVATE_cmd  my_nrf24.o
    0x0800235c   0x0800235c   0x00000028   Code   RO         3633    i.NRF24_DelayMicroSeconds  my_nrf24.o
    0x08002384   0x08002384   0x0000000a   Code   RO         3635    i.NRF24_available   my_nrf24.o
    0x0800238e   0x0800238e   0x00000032   Code   RO         3636    i.NRF24_availablePipe  my_nrf24.o
    0x080023c0   0x080023c0   0x0000019c   Code   RO         3637    i.NRF24_begin       my_nrf24.o
    0x0800255c   0x0800255c   0x00000030   Code   RO         3638    i.NRF24_ce          my_nrf24.o
    0x0800258c   0x0800258c   0x00000030   Code   RO         3639    i.NRF24_csn         my_nrf24.o
    0x080025bc   0x080025bc   0x00000028   Code   RO         3641    i.NRF24_disableDynamicPayloads  my_nrf24.o
    0x080025e4   0x080025e4   0x0000000c   Code   RO         3644    i.NRF24_flush_rx    my_nrf24.o
    0x080025f0   0x080025f0   0x0000000c   Code   RO         3645    i.NRF24_flush_tx    my_nrf24.o
    0x080025fc   0x080025fc   0x0000000a   Code   RO         3648    i.NRF24_getDynamicPayloadSize  my_nrf24.o
    0x08002606   0x08002606   0x00000002   PAD
    0x08002608   0x08002608   0x0000000c   Code   RO         3650    i.NRF24_getPayloadSize  my_nrf24.o
    0x08002614   0x08002614   0x0000000e   Code   RO         3651    i.NRF24_get_status  my_nrf24.o
    0x08002622   0x08002622   0x00000002   PAD
    0x08002624   0x08002624   0x00000068   Code   RO         3654    i.NRF24_openReadingPipe  my_nrf24.o
    0x0800268c   0x0800268c   0x00000038   Code   RO         3655    i.NRF24_openWritingPipe  my_nrf24.o
    0x080026c4   0x080026c4   0x00000016   Code   RO         3656    i.NRF24_powerDown   my_nrf24.o
    0x080026da   0x080026da   0x0000002a   Code   RO         3658    i.NRF24_read        my_nrf24.o
    0x08002704   0x08002704   0x00000048   Code   RO         3659    i.NRF24_read_payload  my_nrf24.o
    0x0800274c   0x0800274c   0x00000040   Code   RO         3660    i.NRF24_read_register  my_nrf24.o
    0x0800278c   0x0800278c   0x0000003c   Code   RO         3661    i.NRF24_read_registerN  my_nrf24.o
    0x080027c8   0x080027c8   0x0000000c   Code   RO         3662    i.NRF24_resetStatus  my_nrf24.o
    0x080027d4   0x080027d4   0x0000001a   Code   RO         3663    i.NRF24_setAutoAck  my_nrf24.o
    0x080027ee   0x080027ee   0x0000002c   Code   RO         3665    i.NRF24_setCRCLength  my_nrf24.o
    0x0800281a   0x0800281a   0x0000001a   Code   RO         3666    i.NRF24_setChannel  my_nrf24.o
    0x08002834   0x08002834   0x00000060   Code   RO         3667    i.NRF24_setDataRate  my_nrf24.o
    0x08002894   0x08002894   0x00000042   Code   RO         3668    i.NRF24_setPALevel  my_nrf24.o
    0x080028d6   0x080028d6   0x00000002   PAD
    0x080028d8   0x080028d8   0x00000018   Code   RO         3669    i.NRF24_setPayloadSize  my_nrf24.o
    0x080028f0   0x080028f0   0x0000001a   Code   RO         3670    i.NRF24_setRetries  my_nrf24.o
    0x0800290a   0x0800290a   0x00000002   PAD
    0x0800290c   0x0800290c   0x00000048   Code   RO         3671    i.NRF24_startListening  my_nrf24.o
    0x08002954   0x08002954   0x0000004a   Code   RO         3672    i.NRF24_startWrite  my_nrf24.o
    0x0800299e   0x0800299e   0x00000012   Code   RO         3673    i.NRF24_stopListening  my_nrf24.o
    0x080029b0   0x080029b0   0x00000032   Code   RO         3676    i.NRF24_whatHappened  my_nrf24.o
    0x080029e2   0x080029e2   0x00000002   PAD
    0x080029e4   0x080029e4   0x00000074   Code   RO         3677    i.NRF24_write       my_nrf24.o
    0x08002a58   0x08002a58   0x00000034   Code   RO         3679    i.NRF24_write_payload  my_nrf24.o
    0x08002a8c   0x08002a8c   0x00000030   Code   RO         3680    i.NRF24_write_register  my_nrf24.o
    0x08002abc   0x08002abc   0x0000003c   Code   RO         3681    i.NRF24_write_registerN  my_nrf24.o
    0x08002af8   0x08002af8   0x00000002   Code   RO          253    i.PendSV_Handler    stm32f1xx_it.o
    0x08002afa   0x08002afa   0x00000002   PAD
    0x08002afc   0x08002afc   0x00000028   Code   RO         1096    i.RCC_Delay         stm32f1xx_hal_rcc.o
    0x08002b24   0x08002b24   0x00000078   Code   RO         1964    i.SPI_EndRxTransaction  stm32f1xx_hal_spi.o
    0x08002b9c   0x08002b9c   0x00000028   Code   RO         1965    i.SPI_EndRxTxTransaction  stm32f1xx_hal_spi.o
    0x08002bc4   0x08002bc4   0x000000d8   Code   RO         1970    i.SPI_WaitFlagStateUntilTimeout  stm32f1xx_hal_spi.o
    0x08002c9c   0x08002c9c   0x00000002   Code   RO          254    i.SVC_Handler       stm32f1xx_it.o
    0x08002c9e   0x08002c9e   0x00000020   Code   RO           23    i.Set_Pin_Input     main.o
    0x08002cbe   0x08002cbe   0x00000024   Code   RO           24    i.Set_Pin_Output    main.o
    0x08002ce2   0x08002ce2   0x00000008   Code   RO          255    i.SysTick_Handler   stm32f1xx_it.o
    0x08002cea   0x08002cea   0x00000066   Code   RO           25    i.SystemClock_Config  main.o
    0x08002d50   0x08002d50   0x00000002   Code   RO         3596    i.SystemInit        system_stm32f1xx.o
    0x08002d52   0x08002d52   0x00000002   PAD
    0x08002d54   0x08002d54   0x00000074   Code   RO         2333    i.TIM_Base_SetConfig  stm32f1xx_hal_tim.o
    0x08002dc8   0x08002dc8   0x00000016   Code   RO         2344    i.TIM_ETR_SetConfig  stm32f1xx_hal_tim.o
    0x08002dde   0x08002dde   0x00000012   Code   RO         2345    i.TIM_ITRx_SetConfig  stm32f1xx_hal_tim.o
    0x08002df0   0x08002df0   0x00000026   Code   RO         2351    i.TIM_TI1_ConfigInputStage  stm32f1xx_hal_tim.o
    0x08002e16   0x08002e16   0x00000028   Code   RO         2353    i.TIM_TI2_ConfigInputStage  stm32f1xx_hal_tim.o
    0x08002e3e   0x08002e3e   0x00000002   PAD
    0x08002e40   0x08002e40   0x000000fc   Code   RO         3279    i.UART_SetConfig    stm32f1xx_hal_uart.o
    0x08002f3c   0x08002f3c   0x00000092   Code   RO         3283    i.UART_WaitOnFlagUntilTimeout  stm32f1xx_hal_uart.o
    0x08002fce   0x08002fce   0x00000004   Code   RO          256    i.UsageFault_Handler  stm32f1xx_it.o
    0x08002fd2   0x08002fd2   0x00000002   PAD
    0x08002fd4   0x08002fd4   0x00000010   Code   RO         1403    i.__NVIC_GetPriorityGrouping  stm32f1xx_hal_cortex.o
    0x08002fe4   0x08002fe4   0x00000028   Code   RO         1404    i.__NVIC_SetPriority  stm32f1xx_hal_cortex.o
    0x0800300c   0x0800300c   0x0000000e   Code   RO         4037    i._is_digit         c_w.l(__printf_wp.o)
    0x0800301a   0x0800301a   0x0000002a   Code   RO           26    i.checksum          main.o
    0x08003044   0x08003044   0x00000002   Code   RO           27    i.command           main.o
    0x08003046   0x08003046   0x00000002   PAD
    0x08003048   0x08003048   0x0000001c   Code   RO           28    i.delay             main.o
    0x08003064   0x08003064   0x00000320   Code   RO           29    i.main              main.o
    0x08003384   0x08003384   0x00000018   Code   RO         3682    i.nrf24_DebugUART_Init  my_nrf24.o
    0x0800339c   0x0800339c   0x00000920   Code   RO         3685    i.printRadioSettings  my_nrf24.o
    0x08003cbc   0x08003cbc   0x00000020   Code   RO           30    i.process_data      main.o
    0x08003cdc   0x08003cdc   0x00000018   Code   RO         4088    x$fpl$fcmpinf       fz_ws.l(fcmpi.o)
    0x08003cf4   0x08003cf4   0x00000184   Code   RO         4061    x$fpl$fdiv          fz_ws.l(fdiv.o)
    0x08003e78   0x08003e78   0x0000003e   Code   RO         4064    x$fpl$ffixu         fz_ws.l(ffixu.o)
    0x08003eb6   0x08003eb6   0x00000002   PAD
    0x08003eb8   0x08003eb8   0x00000026   Code   RO         4068    x$fpl$ffltu         fz_ws.l(fflt_clz.o)
    0x08003ede   0x08003ede   0x00000002   PAD
    0x08003ee0   0x08003ee0   0x00000068   Code   RO         4074    x$fpl$fleqf         fz_ws.l(fleqf.o)
    0x08003f48   0x08003f48   0x00000102   Code   RO         4076    x$fpl$fmul          fz_ws.l(fmul.o)
    0x0800404a   0x0800404a   0x0000008c   Code   RO         4090    x$fpl$fnaninf       fz_ws.l(fnaninf.o)
    0x080040d6   0x080040d6   0x0000000a   Code   RO         4092    x$fpl$fretinf       fz_ws.l(fretinf.o)
    0x080040e0   0x080040e0   0x00000062   Code   RO         4078    x$fpl$frleqf        fz_ws.l(frleqf.o)
    0x08004142   0x08004142   0x00000000   Code   RO         4094    x$fpl$usenofp       fz_ws.l(usenofp.o)
    0x08004142   0x08004142   0x00000012   Data   RO         1097    .constdata          stm32f1xx_hal_rcc.o
    0x08004154   0x08004154   0x00000018   Data   RO         3597    .constdata          system_stm32f1xx.o
    0x0800416c   0x0800416c   0x0000000d   Data   RO         3688    .constdata          my_nrf24.o
    0x08004179   0x08004179   0x00000028   Data   RO         4010    .constdata          c_w.l(_printf_hex_int.o)
    0x080041a1   0x080041a1   0x00000011   Data   RO         4040    .constdata          c_w.l(__printf_flags_wp.o)
    0x080041b2   0x080041b2   0x00000002   PAD
    0x080041b4   0x080041b4   0x000000da   Data   RO         3689    .conststring        my_nrf24.o
    0x0800428e   0x0800428e   0x00000002   PAD
    0x08004290   0x08004290   0x00000020   Data   RO         4249    Region$$Table       anon$$obj.o


    Execution Region RW_IRAM1 (Exec base: 0x20000000, Load base: 0x080042b0, Size: 0x00000930, Max: 0x00005000, ABSOLUTE)

    Exec Addr    Load Addr    Size         Type   Attr      Idx    E Section Name        Object

    0x20000000   0x080042b0   0x00000028   Data   RW           33    .data               main.o
    0x20000028   0x080042d8   0x00000009   Data   RW          933    .data               stm32f1xx_hal.o
    0x20000031   0x080042e1   0x00000003   PAD
    0x20000034   0x080042e4   0x00000004   Data   RW         3598    .data               system_stm32f1xx.o
    0x20000038   0x080042e8   0x00000018   Data   RW         3690    .data               my_nrf24.o
    0x20000050        -       0x000001e0   Zero   RW           31    .bss                main.o
    0x20000230        -       0x000000a0   Zero   RW         3687    .bss                my_nrf24.o
    0x200002d0        -       0x00000060   Zero   RW         4123    .bss                c_w.l(libspace.o)
    0x20000330        -       0x00000200   Zero   RW            2    HEAP                startup_stm32f103xb.o
    0x20000530        -       0x00000400   Zero   RW            1    STACK               startup_stm32f103xb.o


==============================================================================

Image component sizes


      Code (inc. data)   RO Data    RW Data    ZI Data      Debug   Object Name

      1920        146          0         40        480     451250   main.o
      4342       1040        231         24        160      23462   my_nrf24.o
        64         26        236          0       1536        812   startup_stm32f103xb.o
       192         36          0          9          0       5905   stm32f1xx_hal.o
       272         22          0          0          0      28758   stm32f1xx_hal_cortex.o
       828         34          0          0          0       3319   stm32f1xx_hal_gpio.o
       464         18          0          0          0       2131   stm32f1xx_hal_i2c.o
       516         54          0          0          0       3556   stm32f1xx_hal_msp.o
      1748         98         18          0          0       5976   stm32f1xx_hal_rcc.o
      1968          6          0          0          0       7638   stm32f1xx_hal_spi.o
       712         26          0          0          0       6210   stm32f1xx_hal_tim.o
       132         14          0          0          0       1336   stm32f1xx_hal_tim_ex.o
       694          4          0          0          0       3776   stm32f1xx_hal_uart.o
        34          0          0          0          0       3938   stm32f1xx_it.o
         2          0         24          4          0       1119   system_stm32f1xx.o

    ----------------------------------------------------------------------
     13920       1524        543         80       2176     549186   Object Totals
         0          0         32          0          0          0   (incl. Generated)
        32          0          2          3          0          0   (incl. Padding)

    ----------------------------------------------------------------------

      Code (inc. data)   RO Data    RW Data    ZI Data      Debug   Library Member Name

         8          0          0          0          0         68   __main.o
       312          4         17          0          0         92   __printf_flags_wp.o
        14          0          0          0          0         68   __printf_wp.o
         0          0          0          0          0          0   __rtentry.o
        12          0          0          0          0          0   __rtentry2.o
         6          0          0          0          0          0   __rtentry4.o
        52          8          0          0          0          0   __scatter.o
        26          0          0          0          0          0   __scatter_copy.o
        28          0          0          0          0          0   __scatter_zi.o
        48          6          0          0          0         96   _printf_char_common.o
         6          0          0          0          0          0   _printf_d.o
       120         16          0          0          0         92   _printf_dec.o
        88          4         40          0          0         88   _printf_hex_int.o
       178          0          0          0          0         88   _printf_intcommon.o
        78          0          0          0          0        108   _printf_pad.o
         0          0          0          0          0          0   _printf_percent.o
         4          0          0          0          0          0   _printf_percent_end.o
         6          0          0          0          0          0   _printf_x.o
        10          0          0          0          0         68   _sputc.o
        18          0          0          0          0         80   exit.o
         6          0          0          0          0        152   heapauxi.o
         0          0          0          0          0          0   indicate_semi.o
         2          0          0          0          0          0   libinit.o
         2          0          0          0          0          0   libinit2.o
         2          0          0          0          0          0   libshutdown.o
         2          0          0          0          0          0   libshutdown2.o
         8          4          0          0         96         68   libspace.o
        40          6          0          0          0         84   noretval__2sprintf.o
        78          0          0          0          0         80   rt_memclr_w.o
       100          0          0          0          0         80   rt_memcpy_w.o
         2          0          0          0          0          0   rtexit.o
        10          0          0          0          0          0   rtexit2.o
        62          0          0          0          0         76   strlen.o
        12          4          0          0          0         68   sys_exit.o
        74          0          0          0          0         80   sys_stackheap_outer.o
         2          0          0          0          0         68   use_no_semi.o
        24          0          0          0          0         68   fcmpi.o
       388         76          0          0          0         96   fdiv.o
        62          4          0          0          0         84   ffixu.o
        38          0          0          0          0         68   fflt_clz.o
       104          4          0          0          0         84   fleqf.o
       258          4          0          0          0         84   fmul.o
       140          4          0          0          0         84   fnaninf.o
        10          0          0          0          0         68   fretinf.o
        98          0          0          0          0         68   frleqf.o
         0          0          0          0          0          0   usenofp.o

    ----------------------------------------------------------------------
      2550        144         59          0         96       2308   Library Totals
        12          0          2          0          0          0   (incl. Padding)

    ----------------------------------------------------------------------

      Code (inc. data)   RO Data    RW Data    ZI Data      Debug   Library Name

      1416         52         57          0         96       1604   c_w.l
      1122         92          0          0          0        704   fz_ws.l

    ----------------------------------------------------------------------
      2550        144         59          0         96       2308   Library Totals

    ----------------------------------------------------------------------

==============================================================================


      Code (inc. data)   RO Data    RW Data    ZI Data      Debug   

     16470       1668        602         80       2272     544730   Grand Totals
     16470       1668        602         80       2272     544730   ELF Image Totals
     16470       1668        602         80          0          0   ROM Totals

==============================================================================

    Total RO  Size (Code + RO Data)                17072 (  16.67kB)
    Total RW  Size (RW Data + ZI Data)              2352 (   2.30kB)
    Total ROM Size (Code + RO Data + RW Data)      17152 (  16.75kB)

==============================================================================

