Component: ARM Compiler 5.06 update 6 (build 750) Tool: armlink [4d35ed]

==============================================================================

Section Cross References

    startup_stm32f103xb.o(STACK) refers (Special) to heapauxi.o(.text) for __use_two_region_memory
    startup_stm32f103xb.o(HEAP) refers (Special) to heapauxi.o(.text) for __use_two_region_memory
    startup_stm32f103xb.o(RESET) refers (Special) to heapauxi.o(.text) for __use_two_region_memory
    startup_stm32f103xb.o(RESET) refers to startup_stm32f103xb.o(STACK) for __initial_sp
    startup_stm32f103xb.o(RESET) refers to startup_stm32f103xb.o(.text) for Reset_Handler
    startup_stm32f103xb.o(RESET) refers to stm32f1xx_it.o(i.NMI_Handler) for NMI_Handler
    startup_stm32f103xb.o(RESET) refers to stm32f1xx_it.o(i.HardFault_Handler) for HardFault_Handler
    startup_stm32f103xb.o(RESET) refers to stm32f1xx_it.o(i.MemManage_Handler) for MemManage_Handler
    startup_stm32f103xb.o(RESET) refers to stm32f1xx_it.o(i.BusFault_Handler) for BusFault_Handler
    startup_stm32f103xb.o(RESET) refers to stm32f1xx_it.o(i.UsageFault_Handler) for UsageFault_Handler
    startup_stm32f103xb.o(RESET) refers to stm32f1xx_it.o(i.SVC_Handler) for SVC_Handler
    startup_stm32f103xb.o(RESET) refers to stm32f1xx_it.o(i.DebugMon_Handler) for DebugMon_Handler
    startup_stm32f103xb.o(RESET) refers to stm32f1xx_it.o(i.PendSV_Handler) for PendSV_Handler
    startup_stm32f103xb.o(RESET) refers to stm32f1xx_it.o(i.SysTick_Handler) for SysTick_Handler
    startup_stm32f103xb.o(RESET) refers to stm32f1xx_it.o(i.USB_LP_CAN1_RX0_IRQHandler) for USB_LP_CAN1_RX0_IRQHandler
    startup_stm32f103xb.o(.text) refers (Special) to heapauxi.o(.text) for __use_two_region_memory
    startup_stm32f103xb.o(.text) refers to system_stm32f1xx.o(i.SystemInit) for SystemInit
    startup_stm32f103xb.o(.text) refers to __main.o(!!!main) for __main
    startup_stm32f103xb.o(.text) refers to startup_stm32f103xb.o(HEAP) for Heap_Mem
    startup_stm32f103xb.o(.text) refers to startup_stm32f103xb.o(STACK) for Stack_Mem
    main.o(i.MX_GPIO_Init) refers to stm32f1xx_hal_gpio.o(i.HAL_GPIO_WritePin) for HAL_GPIO_WritePin
    main.o(i.MX_GPIO_Init) refers to stm32f1xx_hal_gpio.o(i.HAL_GPIO_Init) for HAL_GPIO_Init
    main.o(i.MX_SPI1_Init) refers to stm32f1xx_hal_spi.o(i.HAL_SPI_Init) for HAL_SPI_Init
    main.o(i.MX_SPI1_Init) refers to main.o(.bss) for .bss
    main.o(i.MX_TIM1_Init) refers to rt_memclr_w.o(.text) for __aeabi_memclr4
    main.o(i.MX_TIM1_Init) refers to stm32f1xx_hal_tim.o(i.HAL_TIM_Base_Init) for HAL_TIM_Base_Init
    main.o(i.MX_TIM1_Init) refers to stm32f1xx_hal_tim.o(i.HAL_TIM_ConfigClockSource) for HAL_TIM_ConfigClockSource
    main.o(i.MX_TIM1_Init) refers to stm32f1xx_hal_tim.o(i.HAL_TIM_PWM_Init) for HAL_TIM_PWM_Init
    main.o(i.MX_TIM1_Init) refers to stm32f1xx_hal_tim.o(i.HAL_TIM_OC_Init) for HAL_TIM_OC_Init
    main.o(i.MX_TIM1_Init) refers to stm32f1xx_hal_tim_ex.o(i.HAL_TIMEx_MasterConfigSynchronization) for HAL_TIMEx_MasterConfigSynchronization
    main.o(i.MX_TIM1_Init) refers to stm32f1xx_hal_tim.o(i.HAL_TIM_PWM_ConfigChannel) for HAL_TIM_PWM_ConfigChannel
    main.o(i.MX_TIM1_Init) refers to stm32f1xx_hal_tim.o(i.HAL_TIM_OC_ConfigChannel) for HAL_TIM_OC_ConfigChannel
    main.o(i.MX_TIM1_Init) refers to stm32f1xx_hal_tim_ex.o(i.HAL_TIMEx_ConfigBreakDeadTime) for HAL_TIMEx_ConfigBreakDeadTime
    main.o(i.MX_TIM1_Init) refers to stm32f1xx_hal_msp.o(i.HAL_TIM_MspPostInit) for HAL_TIM_MspPostInit
    main.o(i.MX_TIM1_Init) refers to main.o(.bss) for .bss
    main.o(i.SystemClock_Config) refers to rt_memclr_w.o(.text) for __aeabi_memclr4
    main.o(i.SystemClock_Config) refers to stm32f1xx_hal_rcc.o(i.HAL_RCC_OscConfig) for HAL_RCC_OscConfig
    main.o(i.SystemClock_Config) refers to stm32f1xx_hal_rcc.o(i.HAL_RCC_ClockConfig) for HAL_RCC_ClockConfig
    main.o(i.SystemClock_Config) refers to stm32f1xx_hal_rcc_ex.o(i.HAL_RCCEx_PeriphCLKConfig) for HAL_RCCEx_PeriphCLKConfig
    main.o(i.command) refers to stm32f1xx_hal_gpio.o(i.HAL_GPIO_TogglePin) for HAL_GPIO_TogglePin
    main.o(i.command) refers to usbd_cdc_if.o(i.CDC_Transmit_FS) for CDC_Transmit_FS
    main.o(i.command) refers to stm32f1xx_hal.o(i.HAL_Delay) for HAL_Delay
    main.o(i.main) refers to _printf_percent.o(.ARM.Collect$$_printf_percent$$00000000) for _printf_percent
    main.o(i.main) refers to _printf_d.o(.ARM.Collect$$_printf_percent$$00000009) for _printf_d
    main.o(i.main) refers to _printf_dec.o(.text) for _printf_int_dec
    main.o(i.main) refers to stm32f1xx_hal.o(i.HAL_Init) for HAL_Init
    main.o(i.main) refers to main.o(i.SystemClock_Config) for SystemClock_Config
    main.o(i.main) refers to main.o(i.MX_GPIO_Init) for MX_GPIO_Init
    main.o(i.main) refers to main.o(i.MX_SPI1_Init) for MX_SPI1_Init
    main.o(i.main) refers to main.o(i.MX_TIM1_Init) for MX_TIM1_Init
    main.o(i.main) refers to stm32f1xx_hal_uart.o(i.HAL_UART_Init) for HAL_UART_Init
[...]
    i.USBD_static_malloc                     0x080046ac   Section        0  usbd_conf.o(i.USBD_static_malloc)
    i.USB_ActivateEndpoint                   0x080046b4   Section        0  stm32f1xx_ll_usb.o(i.USB_ActivateEndpoint)
    i.USB_CoreInit                           0x08004950   Section        0  stm32f1xx_ll_usb.o(i.USB_CoreInit)
    i.USB_DeactivateEndpoint                 0x08004954   Section        0  stm32f1xx_ll_usb.o(i.USB_DeactivateEndpoint)
    i.USB_DevConnect                         0x08004a62   Section        0  stm32f1xx_ll_usb.o(i.USB_DevConnect)
    i.USB_DevDisconnect                      0x08004a66   Section        0  stm32f1xx_ll_usb.o(i.USB_DevDisconnect)
    i.USB_DevInit                            0x08004a6a   Section        0  stm32f1xx_ll_usb.o(i.USB_DevInit)
    i.USB_DisableGlobalInt                   0x08004a7c   Section        0  stm32f1xx_ll_usb.o(i.USB_DisableGlobalInt)
    i.USB_EP0_OutStart                       0x08004a8a   Section        0  stm32f1xx_ll_usb.o(i.USB_EP0_OutStart)
    i.USB_EPClearStall                       0x08004a8e   Section        0  stm32f1xx_ll_usb.o(i.USB_EPClearStall)
    i.USB_EPSetStall                         0x08004b06   Section        0  stm32f1xx_ll_usb.o(i.USB_EPSetStall)
    i.USB_EPStartXfer                        0x08004b38   Section        0  stm32f1xx_ll_usb.o(i.USB_EPStartXfer)
    i.USB_EnableGlobalInt                    0x0800501a   Section        0  stm32f1xx_ll_usb.o(i.USB_EnableGlobalInt)
    i.USB_LP_CAN1_RX0_IRQHandler             0x0800502c   Section        0  stm32f1xx_it.o(i.USB_LP_CAN1_RX0_IRQHandler)
    i.USB_ReadInterrupts                     0x08005038   Section        0  stm32f1xx_ll_usb.o(i.USB_ReadInterrupts)
    i.USB_ReadPMA                            0x08005040   Section        0  stm32f1xx_ll_usb.o(i.USB_ReadPMA)
    i.USB_SetCurrentMode                     0x0800506c   Section        0  stm32f1xx_ll_usb.o(i.USB_SetCurrentMode)
    i.USB_SetDevAddress                      0x08005070   Section        0  stm32f1xx_ll_usb.o(i.USB_SetDevAddress)
    i.USB_WritePMA                           0x0800507c   Section        0  stm32f1xx_ll_usb.o(i.USB_WritePMA)
    i.UsageFault_Handler                     0x080050a2   Section        0  stm32f1xx_it.o(i.UsageFault_Handler)
    i.__NVIC_SetPriority                     0x080050a4   Section        0  stm32f1xx_hal_cortex.o(i.__NVIC_SetPriority)
    __NVIC_SetPriority                       0x080050a5   Thumb Code    32  stm32f1xx_hal_cortex.o(i.__NVIC_SetPriority)
    i._is_digit                              0x080050c4   Section        0  __printf_wp.o(i._is_digit)
    i.checksum                               0x080050d4   Section        0  main.o(i.checksum)
    i.main                                   0x080050fc   Section        0  main.o(i.main)
    i.nrf24_DebugUART_Init                   0x08005380   Section        0  my_nrf24.o(i.nrf24_DebugUART_Init)
    i.printRadioSettings                     0x08005398   Section        0  my_nrf24.o(i.printRadioSettings)
    i.process_data                           0x08005b68   Section        0  main.o(i.process_data)
    .constdata                               0x08005b88   Section       18  stm32f1xx_hal_rcc.o(.constdata)
    aPredivFactorTable                       0x08005b88   Data           2  stm32f1xx_hal_rcc.o(.constdata)
    aPLLMULFactorTable                       0x08005b8a   Data          16  stm32f1xx_hal_rcc.o(.constdata)
    .constdata                               0x08005b9a   Section       16  system_stm32f1xx.o(.constdata)
    .constdata                               0x08005baa   Section        8  system_stm32f1xx.o(.constdata)
    .constdata                               0x08005bb2   Section       13  my_nrf24.o(.constdata)
    RF24_RX_PW_PIPE                          0x08005bb2   Data           6  my_nrf24.o(.constdata)
    NRF24_ADDR_REGS                          0x08005bb8   Data           7  my_nrf24.o(.constdata)
    .constdata                               0x08005bbf   Section       40  _printf_hex_int.o(.constdata)
    uc_hextab                                0x08005bbf   Data          20  _printf_hex_int.o(.constdata)
    lc_hextab                                0x08005bd3   Data          20  _printf_hex_int.o(.constdata)
    .constdata                               0x08005be7   Section       17  __printf_flags_wp.o(.constdata)
    maptable                                 0x08005be7   Data          17  __printf_flags_wp.o(.constdata)
    .conststring                             0x08005bf8   Section      218  my_nrf24.o(.conststring)
    .data                                    0x20000000   Section       40  main.o(.data)
    .data                                    0x20000028   Section       12  stm32f1xx_hal.o(.data)
    .data                                    0x20000034   Section        4  system_stm32f1xx.o(.data)
    .data                                    0x20000038   Section       24  my_nrf24.o(.data)
    ack_payload_available                    0x20000038   Data           1  my_nrf24.o(.data)
    ack_payload_length                       0x20000039   Data           1  my_nrf24.o(.data)
    payload_size                             0x2000003a   Data           1  my_nrf24.o(.data)
    dynamic_payloads_enabled                 0x2000003b   Data           1  my_nrf24.o(.data)
    p_variant                                0x2000003c   Data           1  my_nrf24.o(.data)
    wide_band                                0x2000003d   Data           1  my_nrf24.o(.data)
    nrf24_CSN_PIN                            0x2000003e   Data           2  my_nrf24.o(.data)
    nrf24_CE_PIN                             0x20000040   Data           2  my_nrf24.o(.data)
    nrf24_PORT                               0x20000044   Data           4  my_nrf24.o(.data)
    pipe0_reading_address                    0x20000048   Data           8  my_nrf24.o(.data)
    .data                                    0x20000050   Section       28  usbd_desc.o(.data)
    .data                                    0x2000006c   Section       50  usbd_desc.o(.data)
    .data                                    0x200000a0   Section       12  usbd_cdc_if.o(.data)
    .data                                    0x200000ac   Section       16  usbd_cdc_if.o(.data)
    .data                                    0x200000bc   Section        1  usbd_ctlreq.o(.data)
    cfgidx                                   0x200000bc   Data           1  usbd_ctlreq.o(.data)
    .data                                    0x200000c0   Section      215  usbd_cdc.o(.data)
    USBD_CDC_DeviceQualifierDesc             0x200000c0   Data          10  usbd_cdc.o(.data)
    .data                                    0x20000198   Section       56  usbd_cdc.o(.data)
    .bss                                     0x200001d0   Section      680  main.o(.bss)
    .bss                                     0x20000478   Section      160  my_nrf24.o(.bss)
    nrf24_hspi                               0x20000478   Data          88  my_nrf24.o(.bss)
    nrf24_huart                              0x200004d0   Data          72  my_nrf24.o(.bss)
    .bss                                     0x20000518   Section      708  usb_device.o(.bss)
    .bss                                     0x200007dc   Section      512  usbd_desc.o(.bss)
    .bss                                     0x200009dc   Section      256  usbd_cdc_if.o(.bss)
    .bss                                     0x20000adc   Section     1296  usbd_conf.o(.bss)
    mem                                      0x20000adc   Data         544  usbd_conf.o(.bss)
    .bss                                     0x20000fec   Section       96  libspace.o(.bss)
    HEAP                                     0x20001050   Section      512  startup_stm32f103xb.o(HEAP)
    Heap_Mem                                 0x20001050   Data         512  startup_stm32f103xb.o(HEAP)
    STACK                                    0x20001250   Section     1024  startup_stm32f103xb.o(STACK)
    Stack_Mem                                0x20001250   Data        1024  startup_stm32f103xb.o(STACK)
    __initial_sp                             0x20001650   Data           0  startup_stm32f103xb.o(STACK)

    Global Symbols

    Symbol Name                              Value     Ov Type        Size  Object(Section)

    BuildAttributes$$THM_ISAv4$P$D$K$B$S$PE$A:L22UL41UL21$X:L11$S22US41US21$IEEE1$IW$USESV6$~STKCKD$USESV7$~SHL$OSPACE$ROPI$EBA8$UX$STANDARDLIB$REQ8$PRES8$EABIv2 0x00000000   Number         0  anon$$obj.o ABSOLUTE
    __ARM_use_no_argv                        0x00000000   Number         0  main.o ABSOLUTE
    _printf_flags                            0x00000000   Number         0  printf_stubs.o ABSOLUTE
    _printf_return_value                     0x00000000   Number         0  printf_stubs.o ABSOLUTE
    _printf_sizespec                         0x00000000   Number         0  printf_stubs.o ABSOLUTE
    _printf_widthprec                        0x00000000   Number         0  printf_stubs.o ABSOLUTE
    __ARM_exceptions_init                     - Undefined Weak Reference
    __alloca_initialize                       - Undefined Weak Reference
    __arm_preinit_                            - Undefined Weak Reference
    __cpp_initialize__aeabi_                  - Undefined Weak Reference
    __cxa_finalize                            - Undefined Weak Reference
    __rt_locale                               - Undefined Weak Reference
    __sigvec_lookup                           - Undefined Weak Reference
    _atexit_init                              - Undefined Weak Reference
    _call_atexit_fns                          - Undefined Weak Reference
    _clock_init                               - Undefined Weak Reference
    _fp_trap_init                             - Undefined Weak Reference
    _fp_trap_shutdown                         - Undefined Weak Reference
    _get_lc_collate                           - Undefined Weak Reference
    _get_lc_ctype                             - Undefined Weak Reference
    _get_lc_monetary                          - Undefined Weak Reference
    _get_lc_numeric                           - Undefined Weak Reference
    _get_lc_time                              - Undefined Weak Reference
    _getenv_init                              - Undefined Weak Reference
    _handle_redirection                       - Undefined Weak Reference
    _init_alloc                               - Undefined Weak Reference
    _init_user_alloc                          - Undefined Weak Reference
    _initio                                   - Undefined Weak Reference
    _printf_truncate_signed                   - Undefined Weak Reference
    _printf_truncate_unsigned                 - Undefined Weak Reference
    _rand_init                                - Undefined Weak Reference
    _signal_finish                            - Undefined Weak Reference
    _signal_init                              - Undefined Weak Reference
    _terminate_alloc                          - Undefined Weak Reference
    _terminate_user_alloc                     - Undefined Weak Reference
    _terminateio                              - Undefined Weak Reference
    __Vectors_Size                           0x000000ec   Number         0  startup_stm32f103xb.o ABSOLUTE
    __Vectors                                0x08000000   Data           4  startup_stm32f103xb.o(RESET)
    __Vectors_End                            0x080000ec   Data           0  startup_stm32f103xb.o(RESET)
    __main                                   0x080000ed   Thumb Code     8  __main.o(!!!main)
    __scatterload                            0x080000f5   Thumb Code     0  __scatter.o(!!!scatter)
    __scatterload_rt2                        0x080000f5   Thumb Code    44  __scatter.o(!!!scatter)
    __scatterload_rt2_thumb_only             0x080000f5   Thumb Code     0  __scatter.o(!!!scatter)
    __scatterload_null                       0x08000103   Thumb Code     0  __scatter.o(!!!scatter)
    __decompress                             0x08000129   Thumb Code    90  __dczerorl2.o(!!dczerorl2)
    __decompress1                            0x08000129   Thumb Code     0  __dczerorl2.o(!!dczerorl2)
    __scatterload_zeroinit                   0x08000185   Thumb Code    28  __scatter_zi.o(!!handler_zi)
    _printf_d                                0x080001a1   Thumb Code     0  _printf_d.o(.ARM.Collect$$_printf_percent$$00000009)
    _printf_percent                          0x080001a1   Thumb Code     0  _printf_percent.o(.ARM.Collect$$_printf_percent$$00000000)
    _printf_x                                0x080001a7   Thumb Code     0  _printf_x.o(.ARM.Collect$$_printf_percent$$0000000C)
    _printf_percent_end                      0x080001ad   Thumb Code     0  _printf_percent_end.o(.ARM.Collect$$_printf_percent$$00000017)
    __rt_lib_init                            0x080001b1   Thumb Code     0  libinit.o(.ARM.Collect$$libinit$$00000000)
    __rt_lib_init_alloca_1                   0x080001b3   Thumb Code     0  libinit2.o(.ARM.Collect$$libinit$$0000002E)
    __rt_lib_init_argv_1                     0x080001b3   Thumb Code     0  libinit2.o(.ARM.Collect$$libinit$$0000002C)
    __rt_lib_init_atexit_1                   0x080001b3   Thumb Code     0  libinit2.o(.ARM.Collect$$libinit$$0000001B)
    __rt_lib_init_clock_1                    0x080001b3   Thumb Code     0  libinit2.o(.ARM.Collect$$libinit$$00000021)
    __rt_lib_init_cpp_1                      0x080001b3   Thumb Code     0  libinit2.o(.ARM.Collect$$libinit$$00000032)
    __rt_lib_init_exceptions_1               0x080001b3   Thumb Code     0  libinit2.o(.ARM.Collect$$libinit$$00000030)
    __rt_lib_init_fp_1                       0x080001b3   Thumb Code     0  libinit2.o(.ARM.Collect$$libinit$$00000002)
    __rt_lib_init_fp_trap_1                  0x080001b3   Thumb Code     0  libinit2.o(.ARM.Collect$$libinit$$0000001F)
    __rt_lib_init_getenv_1                   0x080001b3   Thumb Code     0  libinit2.o(.ARM.Collect$$libinit$$00000023)
    __rt_lib_init_heap_1                     0x080001b3   Thumb Code     0  libinit2.o(.ARM.Collect$$libinit$$0000000A)
    __rt_lib_init_lc_collate_1               0x080001b3   Thumb Code     0  libinit2.o(.ARM.Collect$$libinit$$00000011)
    __rt_lib_init_lc_ctype_1                 0x080001b3   Thumb Code     0  libinit2.o(.ARM.Collect$$libinit$$00000013)
    __rt_lib_init_lc_monetary_1              0x080001b3   Thumb Code     0  libinit2.o(.ARM.Collect$$libinit$$00000015)
    __rt_lib_init_lc_numeric_1               0x080001b3   Thumb Code     0  libinit2.o(.ARM.Collect$$libinit$$00000017)
    __rt_lib_init_lc_time_1                  0x080001b3   Thumb Code     0  libinit2.o(.ARM.Collect$$libinit$$00000019)
    __rt_lib_init_preinit_1                  0x080001b3   Thumb Code     0  libinit2.o(.ARM.Collect$$libinit$$00000004)
    __rt_lib_init_rand_1                     0x080001b3   Thumb Code     0  libinit2.o(.ARM.Collect$$libinit$$0000000E)
    __rt_lib_init_return                     0x080001b3   Thumb Code     0  libinit2.o(.ARM.Collect$$libinit$$00000033)
    __rt_lib_init_signal_1                   0x080001b3   Thumb Code     0  libinit2.o(.ARM.Collect$$libinit$$0000001D)
    __rt_lib_init_stdio_1                    0x080001b3   Thumb Code     0  libinit2.o(.ARM.Collect$$libinit$$00000025)
    __rt_lib_init_user_alloc_1               0x080001b3   Thumb Code     0  libinit2.o(.ARM.Collect$$libinit$$0000000C)
    __rt_lib_shutdown                        0x080001b5   Thumb Code     0  libshutdown.o(.ARM.Collect$$libshutdown$$00000000)
    __rt_lib_shutdown_cpp_1                  0x080001b7   Thumb Code     0  libshutdown2.o(.ARM.Collect$$libshutdown$$00000002)
    __rt_lib_shutdown_fp_trap_1              0x080001b7   Thumb Code     0  libshutdown2.o(.ARM.Collect$$libshutdown$$00000007)
    __rt_lib_shutdown_heap_1                 0x080001b7   Thumb Code     0  libshutdown2.o(.ARM.Collect$$libshutdown$$0000000F)
    __rt_lib_shutdown_return                 0x080001b7   Thumb Code     0  libshutdown2.o(.ARM.Collect$$libshutdown$$00000010)
    __rt_lib_shutdown_signal_1               0x080001b7   Thumb Code     0  libshutdown2.o(.ARM.Collect$$libshutdown$$0000000A)
    __rt_lib_shutdown_stdio_1                0x080001b7   Thumb Code     0  libshutdown2.o(.ARM.Collect$$libshutdown$$00000004)
    __rt_lib_shutdown_user_alloc_1           0x080001b7   Thumb Code     0  libshutdown2.o(.ARM.Collect$$libshutdown$$0000000C)
    __rt_entry                               0x080001b9   Thumb Code     0  __rtentry.o(.ARM.Collect$$rtentry$$00000000)
    __rt_entry_presh_1                       0x080001b9   Thumb Code     0  __rtentry2.o(.ARM.Collect$$rtentry$$00000002)
    __rt_entry_sh                            0x080001b9   Thumb Code     0  __rtentry4.o(.ARM.Collect$$rtentry$$00000004)
    __rt_entry_li                            0x080001bf   Thumb Code     0  __rtentry2.o(.ARM.Collect$$rtentry$$0000000A)
    __rt_entry_postsh_1                      0x080001bf   Thumb Code     0  __rtentry2.o(.ARM.Collect$$rtentry$$00000009)
    __rt_entry_main                          0x080001c3   Thumb Code     0  __rtentry2.o(.ARM.Collect$$rtentry$$0000000D)
    __rt_entry_postli_1                      0x080001c3   Thumb Code     0  __rtentry2.o(.ARM.Collect$$rtentry$$0000000C)
    __rt_exit                                0x080001cb   Thumb Code     0  rtexit.o(.ARM.Collect$$rtexit$$00000000)
    __rt_exit_ls                             0x080001cd   Thumb Code     0  rtexit2.o(.ARM.Collect$$rtexit$$00000003)
    __rt_exit_prels_1                        0x080001cd   Thumb Code     0  rtexit2.o(.ARM.Collect$$rtexit$$00000002)
    __rt_exit_exit                           0x080001d1   Thumb Code     0  rtexit2.o(.ARM.Collect$$rtexit$$00000004)
    Reset_Handler                            0x080001d9   Thumb Code     8  startup_stm32f103xb.o(.text)
    ADC1_2_IRQHandler                        0x080001f3   Thumb Code     0  startup_stm32f103xb.o(.text)
    CAN1_RX1_IRQHandler                      0x080001f3   Thumb Code     0  startup_stm32f103xb.o(.text)
    CAN1_SCE_IRQHandler                      0x080001f3   Thumb Code     0  startup_stm32f103xb.o(.text)
    DMA1_Channel1_IRQHandler                 0x080001f3   Thumb Code     0  startup_stm32f103xb.o(.text)
    DMA1_Channel2_IRQHandler                 0x080001f3   Thumb Code     0  startup_stm32f103xb.o(.text)
    DMA1_Channel3_IRQHandler                 0x080001f3   Thumb Code     0  startup_stm32f103xb.o(.text)
    DMA1_Channel4_IRQHandler                 0x080001f3   Thumb Code     0  startup_stm32f103xb.o(.text)
    DMA1_Channel5_IRQHandler                 0x080001f3   Thumb Code     0  startup_stm32f103xb.o(.text)
    DMA1_Channel6_IRQHandler                 0x080001f3   Thumb Code     0  startup_stm32f103xb.o(.text)
    DMA1_Channel7_IRQHandler                 0x080001f3   Thumb Code     0  startup_stm32f103xb.o(.text)
    EXTI0_IRQHandler                         0x080001f3   Thumb Code     0  startup_stm32f103xb.o(.text)
    EXTI15_10_IRQHandler                     0x080001f3   Thumb Code     0  startup_stm32f103xb.o(.text)
    EXTI1_IRQHandler                         0x080001f3   Thumb Code     0  startup_stm32f103xb.o(.text)
    EXTI2_IRQHandler                         0x080001f3   Thumb Code     0  startup_stm32f103xb.o(.text)
    EXTI3_IRQHandler                         0x080001f3   Thumb Code     0  startup_stm32f103xb.o(.text)
    EXTI4_IRQHandler                         0x080001f3   Thumb Code     0  startup_stm32f103xb.o(.text)
    EXTI9_5_IRQHandler                       0x080001f3   Thumb Code     0  startup_stm32f103xb.o(.text)
    FLASH_IRQHandler                         0x080001f3   Thumb Code     0  startup_stm32f103xb.o(.text)
    I2C1_ER_IRQHandler                       0x080001f3   Thumb Code     0  startup_stm32f103xb.o(.text)
    I2C1_EV_IRQHandler                       0x080001f3   Thumb Code     0  startup_stm32f103xb.o(.text)
    I2C2_ER_IRQHandler                       0x080001f3   Thumb Code     0  startup_stm32f103xb.o(.text)
    I2C2_EV_IRQHandler                       0x080001f3   Thumb Code     0  startup_stm32f103xb.o(.text)
    PVD_IRQHandler                           0x080001f3   Thumb Code     0  startup_stm32f103xb.o(.text)
    RCC_IRQHandler                           0x080001f3   Thumb Code     0  startup_stm32f103xb.o(.text)
    RTC_Alarm_IRQHandler                     0x080001f3   Thumb Code     0  startup_stm32f103xb.o(.text)
    RTC_IRQHandler                           0x080001f3   Thumb Code     0  startup_stm32f103xb.o(.text)
    SPI1_IRQHandler                          0x080001f3   Thumb Code     0  startup_stm32f103xb.o(.text)
    SPI2_IRQHandler                          0x080001f3   Thumb Code     0  startup_stm32f103xb.o(.text)
    TAMPER_IRQHandler                        0x080001f3   Thumb Code     0  startup_stm32f103xb.o(.text)
    TIM1_BRK_IRQHandler                      0x080001f3   Thumb Code     0  startup_stm32f103xb.o(.text)
    TIM1_CC_IRQHandler                       0x080001f3   Thumb Code     0  startup_stm32f103xb.o(.text)
    TIM1_TRG_COM_IRQHandler                  0x080001f3   Thumb Code     0  startup_stm32f103xb.o(.text)
    TIM1_UP_IRQHandler                       0x080001f3   Thumb Code     0  startup_stm32f103xb.o(.text)
    TIM2_IRQHandler                          0x080001f3   Thumb Code     0  startup_stm32f103xb.o(.text)
    TIM3_IRQHandler                          0x080001f3   Thumb Code     0  startup_stm32f103xb.o(.text)
    TIM4_IRQHandler                          0x080001f3   Thumb Code     0  startup_stm32f103xb.o(.text)
    USART1_IRQHandler                        0x080001f3   Thumb Code     0  startup_stm32f103xb.o(.text)
    USART2_IRQHandler                        0x080001f3   Thumb Code     0  startup_stm32f103xb.o(.text)
    USART3_IRQHandler                        0x080001f3   Thumb Code     0  startup_stm32f103xb.o(.text)
    USBWakeUp_IRQHandler                     0x080001f3   Thumb Code     0  startup_stm32f103xb.o(.text)
    USB_HP_CAN1_TX_IRQHandler                0x080001f3   Thumb Code     0  startup_stm32f103xb.o(.text)
    WWDG_IRQHandler                          0x080001f3   Thumb Code     0  startup_stm32f103xb.o(.text)
    __user_initial_stackheap                 0x080001f5   Thumb Code     0  startup_stm32f103xb.o(.text)
    __2sprintf                               0x08000219   Thumb Code    34  noretval__2sprintf.o(.text)
    _printf_pre_padding                      0x08000241   Thumb Code    44  _printf_pad.o(.text)
    _printf_post_padding                     0x0800026d   Thumb Code    34  _printf_pad.o(.text)
    _printf_int_dec                          0x08000291   Thumb Code   104  _printf_dec.o(.text)
    _printf_int_hex                          0x08000309   Thumb Code    84  _printf_hex_int.o(.text)
    _printf_longlong_hex                     0x08000309   Thumb Code     0  _printf_hex_int.o(.text)
    __printf                                 0x08000361   Thumb Code   308  __printf_flags_wp.o(.text)
    strlen                                   0x08000499   Thumb Code    62  strlen.o(.text)
    __aeabi_memcpy4                          0x080004d7   Thumb Code     0  rt_memcpy_w.o(.text)
    __aeabi_memcpy8                          0x080004d7   Thumb Code     0  rt_memcpy_w.o(.text)
    __rt_memcpy_w                            0x080004d7   Thumb Code   100  rt_memcpy_w.o(.text)
    _memcpy_lastbytes_aligned                0x0800051f   Thumb Code     0  rt_memcpy_w.o(.text)
    __aeabi_memclr4                          0x0800053b   Thumb Code     0  rt_memclr_w.o(.text)
    __aeabi_memclr8                          0x0800053b   Thumb Code     0  rt_memclr_w.o(.text)
    __rt_memclr_w                            0x0800053b   Thumb Code    78  rt_memclr_w.o(.text)
    _memset_w                                0x0800053f   Thumb Code     0  rt_memclr_w.o(.text)
    __use_two_region_memory                  0x08000589   Thumb Code     2  heapauxi.o(.text)
    __rt_heap_escrow$2region                 0x0800058b   Thumb Code     2  heapauxi.o(.text)
    __rt_heap_expand$2region                 0x0800058d   Thumb Code     2  heapauxi.o(.text)
    _printf_int_common                       0x0800058f   Thumb Code   178  _printf_intcommon.o(.text)
    _printf_char_common                      0x0800064b   Thumb Code    32  _printf_char_common.o(.text)
    _sputc                                   0x08000671   Thumb Code    10  _sputc.o(.text)
    __user_setup_stackheap                   0x0800067b   Thumb Code    74  sys_stackheap_outer.o(.text)
    exit                                     0x080006c5   Thumb Code    18  exit.o(.text)
    __user_libspace                          0x080006d9   Thumb Code     8  libspace.o(.text)
    __user_perproc_libspace                  0x080006d9   Thumb Code     0  libspace.o(.text)
    __user_perthread_libspace                0x080006d9   Thumb Code     0  libspace.o(.text)
    _sys_exit                                0x080006e1   Thumb Code     8  sys_exit.o(.text)
    __I$use$semihosting                      0x080006ed   Thumb Code     0  use_no_semi.o(.text)
    __use_no_semihosting_swi                 0x080006ed   Thumb Code     2  use_no_semi.o(.text)
    BusFault_Handler                         0x080006ef   Thumb Code     2  stm32f1xx_it.o(i.BusFault_Handler)
    __semihosting_library_function           0x080006ef   Thumb Code     0  indicate_semi.o(.text)
    CDC_Transmit_FS                          0x08000779   Thumb Code    38  usbd_cdc_if.o(i.CDC_Transmit_FS)
    DebugMon_Handler                         0x080007a5   Thumb Code     2  stm32f1xx_it.o(i.DebugMon_Handler)
    Error_Handler                            0x080007a7   Thumb Code     4  main.o(i.Error_Handler)
    HAL_Delay                                0x080007ad   Thumb Code    32  stm32f1xx_hal.o(i.HAL_Delay)
    HAL_GPIO_Init                            0x080007d1   Thumb Code   446  stm32f1xx_hal_gpio.o(i.HAL_GPIO_Init)
    HAL_GPIO_WritePin                        0x080009b1   Thumb Code    10  stm32f1xx_hal_gpio.o(i.HAL_GPIO_WritePin)
    HAL_GetTick                              0x080009bd   Thumb Code     6  stm32f1xx_hal.o(i.HAL_GetTick)
    HAL_I2C_Init                             0x080009c9   Thumb Code   376  stm32f1xx_hal_i2c.o(i.HAL_I2C_Init)
    HAL_I2C_MspInit                          0x08000b51   Thumb Code    96  stm32f1xx_hal_msp.o(i.HAL_I2C_MspInit)
    HAL_IncTick                              0x08000bc1   Thumb Code    12  stm32f1xx_hal.o(i.HAL_IncTick)
    HAL_Init                                 0x08000bd1   Thumb Code    32  stm32f1xx_hal.o(i.HAL_Init)
    HAL_InitTick                             0x08000bf5   Thumb Code    54  stm32f1xx_hal.o(i.HAL_InitTick)
    HAL_MspInit                              0x08000c35   Thumb Code    52  stm32f1xx_hal_msp.o(i.HAL_MspInit)
    HAL_NVIC_EnableIRQ                       0x08000c71   Thumb Code    26  stm32f1xx_hal_cortex.o(i.HAL_NVIC_EnableIRQ)
    HAL_NVIC_SetPriority                     0x08000c8d   Thumb Code    60  stm32f1xx_hal_cortex.o(i.HAL_NVIC_SetPriority)
    HAL_NVIC_SetPriorityGrouping             0x08000ccd   Thumb Code    26  stm32f1xx_hal_cortex.o(i.HAL_NVIC_SetPriorityGrouping)
    HAL_PCDEx_PMAConfig                      0x08000cf1   Thumb Code    60  stm32f1xx_hal_pcd_ex.o(i.HAL_PCDEx_PMAConfig)
    HAL_PCDEx_SetConnectionState             0x08000d2d   Thumb Code     2  usbd_conf.o(i.HAL_PCDEx_SetConnectionState)
    HAL_PCD_DataInStageCallback              0x08000d2f   Thumb Code    18  usbd_conf.o(i.HAL_PCD_DataInStageCallback)
    HAL_PCD_DataOutStageCallback             0x08000d41   Thumb Code    20  usbd_conf.o(i.HAL_PCD_DataOutStageCallback)
    HAL_PCD_EP_Close                         0x08000d55   Thumb Code    76  stm32f1xx_hal_pcd.o(i.HAL_PCD_EP_Close)
    HAL_PCD_EP_ClrStall                      0x08000da1   Thumb Code    92  stm32f1xx_hal_pcd.o(i.HAL_PCD_EP_ClrStall)
    HAL_PCD_EP_GetRxCount                    0x0800121b   Thumb Code    18  stm32f1xx_hal_pcd.o(i.HAL_PCD_EP_GetRxCount)
    HAL_PCD_EP_Open                          0x0800122d   Thumb Code    90  stm32f1xx_hal_pcd.o(i.HAL_PCD_EP_Open)
    HAL_PCD_EP_Receive                       0x08001287   Thumb Code    46  stm32f1xx_hal_pcd.o(i.HAL_PCD_EP_Receive)
    HAL_PCD_EP_SetStall                      0x080012b5   Thumb Code   114  stm32f1xx_hal_pcd.o(i.HAL_PCD_EP_SetStall)
    HAL_PCD_EP_Transmit                      0x08001327   Thumb Code    48  stm32f1xx_hal_pcd.o(i.HAL_PCD_EP_Transmit)
    HAL_PCD_IRQHandler                       0x08001359   Thumb Code   308  stm32f1xx_hal_pcd.o(i.HAL_PCD_IRQHandler)
    HAL_PCD_Init                             0x0800148d   Thumb Code   218  stm32f1xx_hal_pcd.o(i.HAL_PCD_Init)
    HAL_PCD_MspInit                          0x08001569   Thumb Code    50  usbd_conf.o(i.HAL_PCD_MspInit)
    HAL_PCD_ResetCallback                    0x080015a5   Thumb Code    38  usbd_conf.o(i.HAL_PCD_ResetCallback)
    HAL_PCD_ResumeCallback                   0x080015cb   Thumb Code     8  usbd_conf.o(i.HAL_PCD_ResumeCallback)
    HAL_PCD_SOFCallback                      0x080015d3   Thumb Code     8  usbd_conf.o(i.HAL_PCD_SOFCallback)
    HAL_PCD_SetAddress                       0x080015db   Thumb Code    40  stm32f1xx_hal_pcd.o(i.HAL_PCD_SetAddress)
    HAL_PCD_SetupStageCallback               0x08001603   Thumb Code    14  usbd_conf.o(i.HAL_PCD_SetupStageCallback)
    HAL_PCD_Start                            0x08001611   Thumb Code    50  stm32f1xx_hal_pcd.o(i.HAL_PCD_Start)
    HAL_PCD_SuspendCallback                  0x08001645   Thumb Code    30  usbd_conf.o(i.HAL_PCD_SuspendCallback)
    HAL_RCCEx_PeriphCLKConfig                0x08001669   Thumb Code   224  stm32f1xx_hal_rcc_ex.o(i.HAL_RCCEx_PeriphCLKConfig)
    HAL_RCC_ClockConfig                      0x08001755   Thumb Code   280  stm32f1xx_hal_rcc.o(i.HAL_RCC_ClockConfig)
    HAL_RCC_GetPCLK1Freq                     0x08001881   Thumb Code    20  stm32f1xx_hal_rcc.o(i.HAL_RCC_GetPCLK1Freq)
    HAL_RCC_GetPCLK2Freq                     0x080018a1   Thumb Code    20  stm32f1xx_hal_rcc.o(i.HAL_RCC_GetPCLK2Freq)
    HAL_RCC_GetSysClockFreq                  0x080018c1   Thumb Code    58  stm32f1xx_hal_rcc.o(i.HAL_RCC_GetSysClockFreq)
    HAL_RCC_OscConfig                        0x0800190d   Thumb Code   778  stm32f1xx_hal_rcc.o(i.HAL_RCC_OscConfig)
    HAL_SPI_Init                             0x08001c2d   Thumb Code   178  stm32f1xx_hal_spi.o(i.HAL_SPI_Init)
    HAL_SPI_MspInit                          0x08001ce1   Thumb Code    98  stm32f1xx_hal_msp.o(i.HAL_SPI_MspInit)
    HAL_SPI_Receive                          0x08001d51   Thumb Code   342  stm32f1xx_hal_spi.o(i.HAL_SPI_Receive)
    HAL_SPI_Transmit                         0x08001ea7   Thumb Code   366  stm32f1xx_hal_spi.o(i.HAL_SPI_Transmit)
    HAL_SPI_TransmitReceive                  0x08002015   Thumb Code   494  stm32f1xx_hal_spi.o(i.HAL_SPI_TransmitReceive)
    HAL_SYSTICK_Config                       0x08002203   Thumb Code    40  stm32f1xx_hal_cortex.o(i.HAL_SYSTICK_Config)
    HAL_TIMEx_ConfigBreakDeadTime            0x0800222b   Thumb Code    84  stm32f1xx_hal_tim_ex.o(i.HAL_TIMEx_ConfigBreakDeadTime)
    HAL_TIMEx_MasterConfigSynchronization    0x08002281   Thumb Code    92  stm32f1xx_hal_tim_ex.o(i.HAL_TIMEx_MasterConfigSynchronization)
    HAL_TIM_Base_Init                        0x080022e9   Thumb Code    90  stm32f1xx_hal_tim.o(i.HAL_TIM_Base_Init)
    HAL_TIM_Base_MspInit                     0x08002345   Thumb Code    30  stm32f1xx_hal_msp.o(i.HAL_TIM_Base_MspInit)
    HAL_TIM_ConfigClockSource                0x0800236d   Thumb Code   220  stm32f1xx_hal_tim.o(i.HAL_TIM_ConfigClockSource)
    HAL_TIM_MspPostInit                      0x08002449   Thumb Code    64  stm32f1xx_hal_msp.o(i.HAL_TIM_MspPostInit)
    HAL_TIM_OC_ConfigChannel                 0x08002495   Thumb Code    82  stm32f1xx_hal_tim.o(i.HAL_TIM_OC_ConfigChannel)
    HAL_TIM_OC_Init                          0x080024e7   Thumb Code    90  stm32f1xx_hal_tim.o(i.HAL_TIM_OC_Init)
    HAL_TIM_OC_MspInit                       0x08002541   Thumb Code     2  stm32f1xx_hal_tim.o(i.HAL_TIM_OC_MspInit)
    HAL_TIM_PWM_ConfigChannel                0x08002543   Thumb Code   204  stm32f1xx_hal_tim.o(i.HAL_TIM_PWM_ConfigChannel)
    HAL_TIM_PWM_Init                         0x0800260f   Thumb Code    90  stm32f1xx_hal_tim.o(i.HAL_TIM_PWM_Init)
    HAL_TIM_PWM_MspInit                      0x08002669   Thumb Code     2  stm32f1xx_hal_tim.o(i.HAL_TIM_PWM_MspInit)
    HAL_UART_Init                            0x0800266b   Thumb Code   100  stm32f1xx_hal_uart.o(i.HAL_UART_Init)
    HAL_UART_MspInit                         0x080026d1   Thumb Code   112  stm32f1xx_hal_msp.o(i.HAL_UART_MspInit)
    HAL_UART_Transmit                        0x08002751   Thumb Code   154  stm32f1xx_hal_uart.o(i.HAL_UART_Transmit)
    HardFault_Handler                        0x080027eb   Thumb Code     2  stm32f1xx_it.o(i.HardFault_Handler)
    MX_USB_DEVICE_Init                       0x080029f5   Thumb Code    66  usb_device.o(i.MX_USB_DEVICE_Init)
    MemManage_Handler                        0x08002a49   Thumb Code     2  stm32f1xx_it.o(i.MemManage_Handler)
    NMI_Handler                              0x08002a4b   Thumb Code     2  stm32f1xx_it.o(i.NMI_Handler)
    NRF24_ACTIVATE_cmd                       0x08002a4d   Thumb Code    40  my_nrf24.o(i.NRF24_ACTIVATE_cmd)
    NRF24_DelayMicroSeconds                  0x08002a79   Thumb Code    18  my_nrf24.o(i.NRF24_DelayMicroSeconds)
    NRF24_availablePipe                      0x08002a95   Thumb Code    48  my_nrf24.o(i.NRF24_availablePipe)
    NRF24_begin                              0x08002ac5   Thumb Code   388  my_nrf24.o(i.NRF24_begin)
    NRF24_ce                                 0x08002c51   Thumb Code    16  my_nrf24.o(i.NRF24_ce)
    NRF24_csn                                0x08002c65   Thumb Code    16  my_nrf24.o(i.NRF24_csn)
    NRF24_disableDynamicPayloads             0x08002c79   Thumb Code    34  my_nrf24.o(i.NRF24_disableDynamicPayloads)
    NRF24_flush_rx                           0x08002ca1   Thumb Code     8  my_nrf24.o(i.NRF24_flush_rx)
    NRF24_flush_tx                           0x08002ca9   Thumb Code     8  my_nrf24.o(i.NRF24_flush_tx)
    NRF24_getDynamicPayloadSize              0x08002cb1   Thumb Code     6  my_nrf24.o(i.NRF24_getDynamicPayloadSize)
    NRF24_get_status                         0x08002cb7   Thumb Code     6  my_nrf24.o(i.NRF24_get_status)
    NRF24_openReadingPipe                    0x08002cbd   Thumb Code    78  my_nrf24.o(i.NRF24_openReadingPipe)
    NRF24_openWritingPipe                    0x08002d15   Thumb Code    40  my_nrf24.o(i.NRF24_openWritingPipe)
    NRF24_powerDown                          0x08002d41   Thumb Code    22  my_nrf24.o(i.NRF24_powerDown)
    NRF24_read                               0x08002d57   Thumb Code    36  my_nrf24.o(i.NRF24_read)
    NRF24_read_payload                       0x08002d7d   Thumb Code    58  my_nrf24.o(i.NRF24_read_payload)
    NRF24_read_register                      0x08002dc1   Thumb Code    58  my_nrf24.o(i.NRF24_read_register)
    NRF24_read_registerN                     0x08002e01   Thumb Code    54  my_nrf24.o(i.NRF24_read_registerN)
    NRF24_resetStatus                        0x08002e3d   Thumb Code     8  my_nrf24.o(i.NRF24_resetStatus)
    NRF24_setAutoAck                         0x08002e45   Thumb Code    14  my_nrf24.o(i.NRF24_setAutoAck)
    NRF24_setCRCLength                       0x08002e53   Thumb Code    40  my_nrf24.o(i.NRF24_setCRCLength)
    NRF24_setChannel                         0x08002e7b   Thumb Code    14  my_nrf24.o(i.NRF24_setChannel)
    NRF24_setDataRate                        0x08002e89   Thumb Code    86  my_nrf24.o(i.NRF24_setDataRate)
    NRF24_setPALevel                         0x08002ee5   Thumb Code    60  my_nrf24.o(i.NRF24_setPALevel)
    NRF24_setPayloadSize                     0x08002f21   Thumb Code    12  my_nrf24.o(i.NRF24_setPayloadSize)
    NRF24_setRetries                         0x08002f31   Thumb Code    14  my_nrf24.o(i.NRF24_setRetries)
    NRF24_startListening                     0x08002f41   Thumb Code    64  my_nrf24.o(i.NRF24_startListening)
    NRF24_startWrite                         0x08002f85   Thumb Code    74  my_nrf24.o(i.NRF24_startWrite)
    NRF24_stopListening                      0x08002fcf   Thumb Code    20  my_nrf24.o(i.NRF24_stopListening)
    NRF24_whatHappened                       0x08002fe3   Thumb Code    50  my_nrf24.o(i.NRF24_whatHappened)
    NRF24_write                              0x08003015   Thumb Code    94  my_nrf24.o(i.NRF24_write)
    NRF24_write_payload                      0x08003079   Thumb Code    50  my_nrf24.o(i.NRF24_write_payload)
    NRF24_write_register                     0x080030b1   Thumb Code    44  my_nrf24.o(i.NRF24_write_register)
    NRF24_write_registerN                    0x080030e1   Thumb Code    54  my_nrf24.o(i.NRF24_write_registerN)
    PendSV_Handler                           0x080034c9   Thumb Code     2  stm32f1xx_it.o(i.PendSV_Handler)
    SVC_Handler                              0x08003601   Thumb Code     2  stm32f1xx_it.o(i.SVC_Handler)
    SysTick_Handler                          0x08003603   Thumb Code     4  stm32f1xx_it.o(i.SysTick_Handler)
    SystemClock_Config                       0x08003607   Thumb Code   118  main.o(i.SystemClock_Config)
    SystemInit                               0x0800367d   Thumb Code     2  system_stm32f1xx.o(i.SystemInit)
    TIM_Base_SetConfig                       0x08003681   Thumb Code    94  stm32f1xx_hal_tim.o(i.TIM_Base_SetConfig)
    TIM_ETR_SetConfig                        0x080036ed   Thumb Code    20  stm32f1xx_hal_tim.o(i.TIM_ETR_SetConfig)
    TIM_OC2_SetConfig                        0x08003761   Thumb Code    84  stm32f1xx_hal_tim.o(i.TIM_OC2_SetConfig)
    USBD_CDC_GetDeviceQualifierDescriptor    0x08003aa9   Thumb Code     8  usbd_cdc.o(i.USBD_CDC_GetDeviceQualifierDescriptor)
    USBD_CDC_ReceivePacket                   0x08003b6d   Thumb Code    40  usbd_cdc.o(i.USBD_CDC_ReceivePacket)
    USBD_CDC_RegisterInterface               0x08003b95   Thumb Code    16  usbd_cdc.o(i.USBD_CDC_RegisterInterface)
    USBD_CDC_SetRxBuffer                     0x08003ba5   Thumb Code    12  usbd_cdc.o(i.USBD_CDC_SetRxBuffer)
    USBD_CDC_SetTxBuffer                     0x08003bb1   Thumb Code    16  usbd_cdc.o(i.USBD_CDC_SetTxBuffer)
    USBD_CDC_TransmitPacket                  0x08003c6d   Thumb Code    54  usbd_cdc.o(i.USBD_CDC_TransmitPacket)
    USBD_ClrClassConfig                      0x08003ca3   Thumb Code    14  usbd_core.o(i.USBD_ClrClassConfig)
    USBD_CtlContinueRx                       0x08003cb1   Thumb Code    16  usbd_ioreq.o(i.USBD_CtlContinueRx)
    USBD_CtlContinueSendData                 0x08003cc1   Thumb Code    16  usbd_ioreq.o(i.USBD_CtlContinueSendData)
    USBD_CtlError                            0x08003cd1   Thumb Code    22  usbd_ctlreq.o(i.USBD_CtlError)
    USBD_CtlPrepareRx                        0x08003ce7   Thumb Code    30  usbd_ioreq.o(i.USBD_CtlPrepareRx)
    USBD_CtlReceiveStatus                    0x08003d05   Thumb Code    22  usbd_ioreq.o(i.USBD_CtlReceiveStatus)
    USBD_CtlSendData                         0x08003d1b   Thumb Code    26  usbd_ioreq.o(i.USBD_CtlSendData)
    USBD_CtlSendStatus                       0x08003d35   Thumb Code    22  usbd_ioreq.o(i.USBD_CtlSendStatus)
    USBD_FS_ConfigStrDescriptor              0x08003d4d   Thumb Code    16  usbd_desc.o(i.USBD_FS_ConfigStrDescriptor)
    USBD_FS_DeviceDescriptor                 0x08003d6d   Thumb Code     8  usbd_desc.o(i.USBD_FS_DeviceDescriptor)
    USBD_FS_InterfaceStrDescriptor           0x08003d79   Thumb Code    16  usbd_desc.o(i.USBD_FS_InterfaceStrDescriptor)
    USBD_FS_LangIDStrDescriptor              0x08003d9d   Thumb Code     8  usbd_desc.o(i.USBD_FS_LangIDStrDescriptor)
    USBD_FS_ManufacturerStrDescriptor        0x08003da9   Thumb Code    16  usbd_desc.o(i.USBD_FS_ManufacturerStrDescriptor)
    USBD_FS_ProductStrDescriptor             0x08003dd1   Thumb Code    16  usbd_desc.o(i.USBD_FS_ProductStrDescriptor)
    USBD_FS_SerialStrDescriptor              0x08003dfd   Thumb Code    48  usbd_desc.o(i.USBD_FS_SerialStrDescriptor)
    USBD_GetString                           0x08003f1d   Thumb Code    72  usbd_ctlreq.o(i.USBD_GetString)
    USBD_Init                                0x08003f7d   Thumb Code    42  usbd_core.o(i.USBD_Init)
    USBD_LL_ClearStallEP                     0x08003fa7   Thumb Code    18  usbd_conf.o(i.USBD_LL_ClearStallEP)
    USBD_LL_CloseEP                          0x08003fb9   Thumb Code    18  usbd_conf.o(i.USBD_LL_CloseEP)
    USBD_LL_DataInStage                      0x08003fcb   Thumb Code   198  usbd_core.o(i.USBD_LL_DataInStage)
    USBD_LL_DataOutStage                     0x08004091   Thumb Code   130  usbd_core.o(i.USBD_LL_DataOutStage)
    USBD_LL_GetRxDataSize                    0x08004113   Thumb Code     8  usbd_conf.o(i.USBD_LL_GetRxDataSize)
    USBD_LL_Init                             0x0800411d   Thumb Code   118  usbd_conf.o(i.USBD_LL_Init)
    USBD_LL_IsStallEP                        0x0800419d   Thumb Code    32  usbd_conf.o(i.USBD_LL_IsStallEP)
    USBD_LL_OpenEP                           0x080041bd   Thumb Code    24  usbd_conf.o(i.USBD_LL_OpenEP)
    USBD_LL_PrepareReceive                   0x080041d5   Thumb Code    18  usbd_conf.o(i.USBD_LL_PrepareReceive)
    USBD_LL_Reset                            0x080041e7   Thumb Code    80  usbd_core.o(i.USBD_LL_Reset)
    USBD_LL_Resume                           0x08004237   Thumb Code    20  usbd_core.o(i.USBD_LL_Resume)
    USBD_LL_SOF                              0x0800424b   Thumb Code    24  usbd_core.o(i.USBD_LL_SOF)
    USBD_LL_SetSpeed                         0x08004263   Thumb Code     6  usbd_core.o(i.USBD_LL_SetSpeed)
    USBD_LL_SetUSBAddress                    0x08004269   Thumb Code    18  usbd_conf.o(i.USBD_LL_SetUSBAddress)
    USBD_LL_SetupStage                       0x0800427b   Thumb Code    90  usbd_core.o(i.USBD_LL_SetupStage)
    USBD_LL_StallEP                          0x080042d5   Thumb Code    18  usbd_conf.o(i.USBD_LL_StallEP)
    USBD_LL_Start                            0x080042e7   Thumb Code    18  usbd_conf.o(i.USBD_LL_Start)
    USBD_LL_Suspend                          0x080042f9   Thumb Code    18  usbd_core.o(i.USBD_LL_Suspend)
    USBD_LL_Transmit                         0x0800430b   Thumb Code    18  usbd_conf.o(i.USBD_LL_Transmit)
    USBD_ParseSetupRequest                   0x0800431d   Thumb Code    40  usbd_ctlreq.o(i.USBD_ParseSetupRequest)
    USBD_RegisterClass                       0x08004345   Thumb Code    16  usbd_core.o(i.USBD_RegisterClass)
    USBD_SetClassConfig                      0x08004355   Thumb Code    22  usbd_core.o(i.USBD_SetClassConfig)
    USBD_Start                               0x080043f1   Thumb Code    10  usbd_core.o(i.USBD_Start)
    USBD_StdDevReq                           0x080043fb   Thumb Code   274  usbd_ctlreq.o(i.USBD_StdDevReq)
    USBD_StdEPReq                            0x0800450d   Thumb Code   336  usbd_ctlreq.o(i.USBD_StdEPReq)
    USBD_StdItfReq                           0x0800465d   Thumb Code    78  usbd_ctlreq.o(i.USBD_StdItfReq)
    USBD_static_free                         0x080046ab   Thumb Code     2  usbd_conf.o(i.USBD_static_free)
    USBD_static_malloc                       0x080046ad   Thumb Code     4  usbd_conf.o(i.USBD_static_malloc)
    USB_ActivateEndpoint                     0x080046b5   Thumb Code   668  stm32f1xx_ll_usb.o(i.USB_ActivateEndpoint)
    USB_CoreInit                             0x08004951   Thumb Code     4  stm32f1xx_ll_usb.o(i.USB_CoreInit)
    USB_DeactivateEndpoint                   0x08004955   Thumb Code   270  stm32f1xx_ll_usb.o(i.USB_DeactivateEndpoint)
    USB_DevConnect                           0x08004a63   Thumb Code     4  stm32f1xx_ll_usb.o(i.USB_DevConnect)
    USB_DevDisconnect                        0x08004a67   Thumb Code     4  stm32f1xx_ll_usb.o(i.USB_DevDisconnect)
    USB_DevInit                              0x08004a6b   Thumb Code    18  stm32f1xx_ll_usb.o(i.USB_DevInit)
    USB_DisableGlobalInt                     0x08004a7d   Thumb Code    14  stm32f1xx_ll_usb.o(i.USB_DisableGlobalInt)
    USB_EP0_OutStart                         0x08004a8b   Thumb Code     4  stm32f1xx_ll_usb.o(i.USB_EP0_OutStart)
    USB_EPClearStall                         0x08004a8f   Thumb Code   120  stm32f1xx_ll_usb.o(i.USB_EPClearStall)
    USB_EPSetStall                           0x08004b07   Thumb Code    50  stm32f1xx_ll_usb.o(i.USB_EPSetStall)
    USB_EPStartXfer                          0x08004b39   Thumb Code  1250  stm32f1xx_ll_usb.o(i.USB_EPStartXfer)
    USB_EnableGlobalInt                      0x0800501b   Thumb Code    18  stm32f1xx_ll_usb.o(i.USB_EnableGlobalInt)
    USB_LP_CAN1_RX0_IRQHandler               0x0800502d   Thumb Code     6  stm32f1xx_it.o(i.USB_LP_CAN1_RX0_IRQHandler)
    USB_ReadInterrupts                       0x08005039   Thumb Code     6  stm32f1xx_ll_usb.o(i.USB_ReadInterrupts)
    USB_ReadPMA                              0x08005041   Thumb Code    44  stm32f1xx_ll_usb.o(i.USB_ReadPMA)
    USB_SetCurrentMode                       0x0800506d   Thumb Code     4  stm32f1xx_ll_usb.o(i.USB_SetCurrentMode)
    USB_SetDevAddress                        0x08005071   Thumb Code    12  stm32f1xx_ll_usb.o(i.USB_SetDevAddress)
    USB_WritePMA                             0x0800507d   Thumb Code    38  stm32f1xx_ll_usb.o(i.USB_WritePMA)
    UsageFault_Handler                       0x080050a3   Thumb Code     2  stm32f1xx_it.o(i.UsageFault_Handler)
    _is_digit                                0x080050c5   Thumb Code    14  __printf_wp.o(i._is_digit)
    checksum                                 0x080050d5   Thumb Code    38  main.o(i.checksum)
    main                                     0x080050fd   Thumb Code   598  main.o(i.main)
    nrf24_DebugUART_Init                     0x08005381   Thumb Code    20  my_nrf24.o(i.nrf24_DebugUART_Init)
    printRadioSettings                       0x08005399   Thumb Code  1890  my_nrf24.o(i.printRadioSettings)
    process_data                             0x08005b69   Thumb Code    32  main.o(i.process_data)
    AHBPrescTable                            0x08005b9a   Data          16  system_stm32f1xx.o(.constdata)
    APBPrescTable                            0x08005baa   Data           8  system_stm32f1xx.o(.constdata)
    Region$$Table$$Base                      0x08005cd4   Number         0  anon$$obj.o(Region$$Table)
    Region$$Table$$Limit                     0x08005cf4   Number         0  anon$$obj.o(Region$$Table)
    pipenum                                  0x20000000   Data           1  main.o(.data)
    RxpipeAddrs1                             0x20000008   Data           8  main.o(.data)
    RxpipeAddrs2                             0x20000010   Data           8  main.o(.data)
    TxpipeAddrs1                             0x20000018   Data           8  main.o(.data)
    TxpipeAddrs2                             0x20000020   Data           8  main.o(.data)
    uwTickFreq                               0x20000028   Data           1  stm32f1xx_hal.o(.data)
    uwTickPrio                               0x2000002c   Data           4  stm32f1xx_hal.o(.data)
    uwTick                                   0x20000030   Data           4  stm32f1xx_hal.o(.data)
    SystemCoreClock                          0x20000034   Data           4  system_stm32f1xx.o(.data)
    FS_Desc                                  0x20000050   Data          28  usbd_desc.o(.data)
    USBD_LangIDDesc                          0x2000006c   Data           4  usbd_desc.o(.data)
    USBD_FS_DeviceDesc                       0x20000070   Data          18  usbd_desc.o(.data)
    USBD_StringSerial                        0x20000084   Data          26  usbd_desc.o(.data)
    Rxcount                                  0x200000a0   Data           1  usbd_cdc_if.o(.data)
    check                                    0x200000a1   Data           1  usbd_cdc_if.o(.data)
    dataSize                                 0x200000a4   Data           4  usbd_cdc_if.o(.data)
    time                                     0x200000a8   Data           4  usbd_cdc_if.o(.data)
    USBD_Interface_fops_FS                   0x200000ac   Data          16  usbd_cdc_if.o(.data)
    USBD_CDC_CfgHSDesc                       0x200000cc   Data          67  usbd_cdc.o(.data)
    USBD_CDC_CfgFSDesc                       0x20000110   Data          67  usbd_cdc.o(.data)
    USBD_CDC_OtherSpeedCfgDesc               0x20000154   Data          67  usbd_cdc.o(.data)
    USBD_CDC                                 0x20000198   Data          56  usbd_cdc.o(.data)
    hi2c1                                    0x200001d0   Data          84  main.o(.bss)
    hspi1                                    0x20000224   Data          88  main.o(.bss)
    htim1                                    0x2000027c   Data          72  main.o(.bss)
    huart1                                   0x200002c4   Data          72  main.o(.bss)
    myRxData1                                0x2000030c   Data         100  main.o(.bss)
    myRxData2                                0x20000370   Data         100  main.o(.bss)
    ReceivedData                             0x200003d4   Data         100  main.o(.bss)
    myTxData                                 0x20000438   Data          64  main.o(.bss)
    hUsbDeviceFS                             0x20000518   Data         708  usb_device.o(.bss)
    USBD_StrDesc                             0x200007dc   Data         512  usbd_desc.o(.bss)
    UserRxBufferFS                           0x200009dc   Data         128  usbd_cdc_if.o(.bss)
    UserTxBufferFS                           0x20000a5c   Data         128  usbd_cdc_if.o(.bss)
    hpcd_USB_FS                              0x20000cfc   Data         752  usbd_conf.o(.bss)
    __libspace_start                         0x20000fec   Data          96  libspace.o(.bss)
    __temporary_stack_top$libspace           0x2000104c   Data           0  libspace.o(.bss)



==============================================================================

Memory Map of the image

  Image Entry point : 0x080000ed

  Load Region LR_IROM1 (Base: 0x08000000, Size: 0x00005ec4, Max: 0x00010000, ABSOLUTE, COMPRESSED[0x00005dc0])

    Execution Region ER_IROM1 (Exec base: 0x08000000, Load base: 0x08000000, Size: 0x00005cf4, Max: 0x00010000, ABSOLUTE)

    Exec Addr    Load Addr    Size         Type   Attr      Idx    E Section Name        Object

    0x08000000   0x08000000   0x000000ec   Data   RO            3    RESET               startup_stm32f103xb.o
    0x080000ec   0x080000ec   0x00000008   Code   RO         5223  * !!!main             c_w.l(__main.o)
    0x080000f4   0x080000f4   0x00000034   Code   RO         5391    !!!scatter          c_w.l(__scatter.o)
    0x08000128   0x08000128   0x0000005a   Code   RO         5389    !!dczerorl2         c_w.l(__dczerorl2.o)
    0x08000182   0x08000182   0x00000002   PAD
    0x08000184   0x08000184   0x0000001c   Code   RO         5393    !!handler_zi        c_w.l(__scatter_zi.o)
    0x080001a0   0x080001a0   0x00000000   Code   RO         5214    .ARM.Collect$$_printf_percent$$00000000  c_w.l(_printf_percent.o)
    0x080001a0   0x080001a0   0x00000006   Code   RO         5213    .ARM.Collect$$_printf_percent$$00000009  c_w.l(_printf_d.o)
    0x080001a6   0x080001a6   0x00000006   Code   RO         5212    .ARM.Collect$$_printf_percent$$0000000C  c_w.l(_printf_x.o)
    0x080001ac   0x080001ac   0x00000004   Code   RO         5232    .ARM.Collect$$_printf_percent$$00000017  c_w.l(_printf_percent_end.o)
    0x080001b0   0x080001b0   0x00000002   Code   RO         5259    .ARM.Collect$$libinit$$00000000  c_w.l(libinit.o)
    0x080001b2   0x080001b2   0x00000000   Code   RO         5266    .ARM.Collect$$libinit$$00000002  c_w.l(libinit2.o)
    0x080001b2   0x080001b2   0x00000000   Code   RO         5268    .ARM.Collect$$libinit$$00000004  c_w.l(libinit2.o)
    0x080001b2   0x080001b2   0x00000000   Code   RO         5271    .ARM.Collect$$libinit$$0000000A  c_w.l(libinit2.o)
    0x080001b2   0x080001b2   0x00000000   Code   RO         5273    .ARM.Collect$$libinit$$0000000C  c_w.l(libinit2.o)
    0x080001b2   0x080001b2   0x00000000   Code   RO         5275    .ARM.Collect$$libinit$$0000000E  c_w.l(libinit2.o)
    0x080001b2   0x080001b2   0x00000000   Code   RO         5278    .ARM.Collect$$libinit$$00000011  c_w.l(libinit2.o)
    0x080001b2   0x080001b2   0x00000000   Code   RO         5280    .ARM.Collect$$libinit$$00000013  c_w.l(libinit2.o)
    0x080001b2   0x080001b2   0x00000000   Code   RO         5282    .ARM.Collect$$libinit$$00000015  c_w.l(libinit2.o)
    0x080001b2   0x080001b2   0x00000000   Code   RO         5284    .ARM.Collect$$libinit$$00000017  c_w.l(libinit2.o)
    0x080001b2   0x080001b2   0x00000000   Code   RO         5286    .ARM.Collect$$libinit$$00000019  c_w.l(libinit2.o)
    0x080001b2   0x080001b2   0x00000000   Code   RO         5288    .ARM.Collect$$libinit$$0000001B  c_w.l(libinit2.o)
    0x080001b2   0x080001b2   0x00000000   Code   RO         5290    .ARM.Collect$$libinit$$0000001D  c_w.l(libinit2.o)
    0x080001b2   0x080001b2   0x00000000   Code   RO         5292    .ARM.Collect$$libinit$$0000001F  c_w.l(libinit2.o)
    0x080001b2   0x080001b2   0x00000000   Code   RO         5294    .ARM.Collect$$libinit$$00000021  c_w.l(libinit2.o)
    0x080001b2   0x080001b2   0x00000000   Code   RO         5296    .ARM.Collect$$libinit$$00000023  c_w.l(libinit2.o)
    0x080001b2   0x080001b2   0x00000000   Code   RO         5298    .ARM.Collect$$libinit$$00000025  c_w.l(libinit2.o)
    0x080001b2   0x080001b2   0x00000000   Code   RO         5302    .ARM.Collect$$libinit$$0000002C  c_w.l(libinit2.o)
    0x080001b2   0x080001b2   0x00000000   Code   RO         5304    .ARM.Collect$$libinit$$0000002E  c_w.l(libinit2.o)
    0x080001b2   0x080001b2   0x00000000   Code   RO         5306    .ARM.Collect$$libinit$$00000030  c_w.l(libinit2.o)
    0x080001b2   0x080001b2   0x00000000   Code   RO         5308    .ARM.Collect$$libinit$$00000032  c_w.l(libinit2.o)
    0x080001b2   0x080001b2   0x00000002   Code   RO         5309    .ARM.Collect$$libinit$$00000033  c_w.l(libinit2.o)
    0x080001b4   0x080001b4   0x00000002   Code   RO         5329    .ARM.Collect$$libshutdown$$00000000  c_w.l(libshutdown.o)
    0x080001b6   0x080001b6   0x00000000   Code   RO         5342    .ARM.Collect$$libshutdown$$00000002  c_w.l(libshutdown2.o)
    0x080001b6   0x080001b6   0x00000000   Code   RO         5344    .ARM.Collect$$libshutdown$$00000004  c_w.l(libshutdown2.o)
    0x080001b6   0x080001b6   0x00000000   Code   RO         5347    .ARM.Collect$$libshutdown$$00000007  c_w.l(libshutdown2.o)
    0x080001b6   0x080001b6   0x00000000   Code   RO         5350    .ARM.Collect$$libshutdown$$0000000A  c_w.l(libshutdown2.o)
    0x080001b6   0x080001b6   0x00000000   Code   RO         5352    .ARM.Collect$$libshutdown$$0000000C  c_w.l(libshutdown2.o)
    0x080001b6   0x080001b6   0x00000000   Code   RO         5355    .ARM.Collect$$libshutdown$$0000000F  c_w.l(libshutdown2.o)
    0x080001b6   0x080001b6   0x00000002   Code   RO         5356    .ARM.Collect$$libshutdown$$00000010  c_w.l(libshutdown2.o)
    0x080001b8   0x080001b8   0x00000000   Code   RO         5225    .ARM.Collect$$rtentry$$00000000  c_w.l(__rtentry.o)
    0x080001b8   0x080001b8   0x00000000   Code   RO         5234    .ARM.Collect$$rtentry$$00000002  c_w.l(__rtentry2.o)
    0x080001b8   0x080001b8   0x00000006   Code   RO         5246    .ARM.Collect$$rtentry$$00000004  c_w.l(__rtentry4.o)
    0x080001be   0x080001be   0x00000000   Code   RO         5236    .ARM.Collect$$rtentry$$00000009  c_w.l(__rtentry2.o)
    0x080001be   0x080001be   0x00000004   Code   RO         5237    .ARM.Collect$$rtentry$$0000000A  c_w.l(__rtentry2.o)
    0x080001c2   0x080001c2   0x00000000   Code   RO         5239    .ARM.Collect$$rtentry$$0000000C  c_w.l(__rtentry2.o)
    0x080001c2   0x080001c2   0x00000008   Code   RO         5240    .ARM.Collect$$rtentry$$0000000D  c_w.l(__rtentry2.o)
    0x080001ca   0x080001ca   0x00000002   Code   RO         5263    .ARM.Collect$$rtexit$$00000000  c_w.l(rtexit.o)
    0x080001cc   0x080001cc   0x00000000   Code   RO         5311    .ARM.Collect$$rtexit$$00000002  c_w.l(rtexit2.o)
    0x080001cc   0x080001cc   0x00000004   Code   RO         5312    .ARM.Collect$$rtexit$$00000003  c_w.l(rtexit2.o)
    0x080001d0   0x080001d0   0x00000006   Code   RO         5313    .ARM.Collect$$rtexit$$00000004  c_w.l(rtexit2.o)
    0x080001d6   0x080001d6   0x00000002   PAD
    0x080001d8   0x080001d8   0x00000040   Code   RO            4    .text               startup_stm32f103xb.o
    0x08000218   0x08000218   0x00000028   Code   RO         5163    .text               c_w.l(noretval__2sprintf.o)
    0x08000240   0x08000240   0x0000004e   Code   RO         5167    .text               c_w.l(_printf_pad.o)
    0x0800028e   0x0800028e   0x00000002   PAD
    0x08000290   0x08000290   0x00000078   Code   RO         5169    .text               c_w.l(_printf_dec.o)
    0x08000308   0x08000308   0x00000058   Code   RO         5174    .text               c_w.l(_printf_hex_int.o)
    0x08000360   0x08000360   0x00000138   Code   RO         5204    .text               c_w.l(__printf_flags_wp.o)
    0x08000498   0x08000498   0x0000003e   Code   RO         5215    .text               c_w.l(strlen.o)
    0x080004d6   0x080004d6   0x00000064   Code   RO         5217    .text               c_w.l(rt_memcpy_w.o)
    0x0800053a   0x0800053a   0x0000004e   Code   RO         5219    .text               c_w.l(rt_memclr_w.o)
    0x08000588   0x08000588   0x00000006   Code   RO         5221    .text               c_w.l(heapauxi.o)
    0x0800058e   0x0800058e   0x000000b2   Code   RO         5226    .text               c_w.l(_printf_intcommon.o)
    0x08000640   0x08000640   0x00000030   Code   RO         5228    .text               c_w.l(_printf_char_common.o)
    0x08000670   0x08000670   0x0000000a   Code   RO         5230    .text               c_w.l(_sputc.o)
    0x0800067a   0x0800067a   0x0000004a   Code   RO         5250    .text               c_w.l(sys_stackheap_outer.o)
    0x080006c4   0x080006c4   0x00000012   Code   RO         5252    .text               c_w.l(exit.o)
    0x080006d6   0x080006d6   0x00000002   PAD
    0x080006d8   0x080006d8   0x00000008   Code   RO         5260    .text               c_w.l(libspace.o)
    0x080006e0   0x080006e0   0x0000000c   Code   RO         5321    .text               c_w.l(sys_exit.o)
    0x080006ec   0x080006ec   0x00000002   Code   RO         5332    .text               c_w.l(use_no_semi.o)
    0x080006ee   0x080006ee   0x00000000   Code   RO         5334    .text               c_w.l(indicate_semi.o)
    0x080006ee   0x080006ee   0x00000002   Code   RO          239    i.BusFault_Handler  stm32f1xx_it.o
    0x080006f0   0x080006f0   0x00000004   Code   RO         4526    i.CDC_Control_FS    usbd_cdc_if.o
    0x080006f4   0x080006f4   0x00000004   Code   RO         4527    i.CDC_DeInit_FS     usbd_cdc_if.o
    0x080006f8   0x080006f8   0x00000024   Code   RO         4528    i.CDC_Init_FS       usbd_cdc_if.o
    0x0800071c   0x0800071c   0x0000005c   Code   RO         4529    i.CDC_Receive_FS    usbd_cdc_if.o
    0x08000778   0x08000778   0x0000002c   Code   RO         4530    i.CDC_Transmit_FS   usbd_cdc_if.o
    0x080007a4   0x080007a4   0x00000002   Code   RO          240    i.DebugMon_Handler  stm32f1xx_it.o
    0x080007a6   0x080007a6   0x00000004   Code   RO           13    i.Error_Handler     main.o
    0x080007aa   0x080007aa   0x00000002   PAD
    0x080007ac   0x080007ac   0x00000024   Code   RO          907    i.HAL_Delay         stm32f1xx_hal.o
    0x080007d0   0x080007d0   0x000001e0   Code   RO         1217    i.HAL_GPIO_Init     stm32f1xx_hal_gpio.o
    0x080009b0   0x080009b0   0x0000000a   Code   RO         1221    i.HAL_GPIO_WritePin  stm32f1xx_hal_gpio.o
    0x080009ba   0x080009ba   0x00000002   PAD
    0x080009bc   0x080009bc   0x0000000c   Code   RO          911    i.HAL_GetTick       stm32f1xx_hal.o
    0x080009c8   0x080009c8   0x00000188   Code   RO         1888    i.HAL_I2C_Init      stm32f1xx_hal_i2c.o
    0x08000b50   0x08000b50   0x00000070   Code   RO          322    i.HAL_I2C_MspInit   stm32f1xx_hal_msp.o
    0x08000bc0   0x08000bc0   0x00000010   Code   RO          917    i.HAL_IncTick       stm32f1xx_hal.o
    0x08000bd0   0x08000bd0   0x00000024   Code   RO          918    i.HAL_Init          stm32f1xx_hal.o
    0x08000bf4   0x08000bf4   0x00000040   Code   RO          919    i.HAL_InitTick      stm32f1xx_hal.o
    0x08000c34   0x08000c34   0x0000003c   Code   RO          323    i.HAL_MspInit       stm32f1xx_hal_msp.o
    0x08000c70   0x08000c70   0x0000001a   Code   RO         1377    i.HAL_NVIC_EnableIRQ  stm32f1xx_hal_cortex.o
    0x08000c8a   0x08000c8a   0x00000002   PAD
    0x08000c8c   0x08000c8c   0x00000040   Code   RO         1383    i.HAL_NVIC_SetPriority  stm32f1xx_hal_cortex.o
    0x08000ccc   0x08000ccc   0x00000024   Code   RO         1384    i.HAL_NVIC_SetPriorityGrouping  stm32f1xx_hal_cortex.o
    0x08000cf0   0x08000cf0   0x0000003c   Code   RO          674    i.HAL_PCDEx_PMAConfig  stm32f1xx_hal_pcd_ex.o
    0x08000d2c   0x08000d2c   0x00000002   Code   RO         4579    i.HAL_PCDEx_SetConnectionState  usbd_conf.o
    0x08000d2e   0x08000d2e   0x00000012   Code   RO         4581    i.HAL_PCD_DataInStageCallback  usbd_conf.o
    0x08000d40   0x08000d40   0x00000014   Code   RO         4582    i.HAL_PCD_DataOutStageCallback  usbd_conf.o
    0x08000d54   0x08000d54   0x0000004c   Code   RO          445    i.HAL_PCD_EP_Close  stm32f1xx_hal_pcd.o
    0x08000da0   0x08000da0   0x0000005c   Code   RO          446    i.HAL_PCD_EP_ClrStall  stm32f1xx_hal_pcd.o
    0x08000dfc   0x08000dfc   0x000000e6   Code   RO          447    i.HAL_PCD_EP_DB_Receive  stm32f1xx_hal_pcd.o
    0x08000ee2   0x08000ee2   0x00000338   Code   RO          448    i.HAL_PCD_EP_DB_Transmit  stm32f1xx_hal_pcd.o
    0x0800121a   0x0800121a   0x00000012   Code   RO          450    i.HAL_PCD_EP_GetRxCount  stm32f1xx_hal_pcd.o
    0x0800122c   0x0800122c   0x0000005a   Code   RO          451    i.HAL_PCD_EP_Open   stm32f1xx_hal_pcd.o
    0x08001286   0x08001286   0x0000002e   Code   RO          452    i.HAL_PCD_EP_Receive  stm32f1xx_hal_pcd.o
    0x080012b4   0x080012b4   0x00000072   Code   RO          453    i.HAL_PCD_EP_SetStall  stm32f1xx_hal_pcd.o
    0x08001326   0x08001326   0x00000030   Code   RO          454    i.HAL_PCD_EP_Transmit  stm32f1xx_hal_pcd.o
    0x08001356   0x08001356   0x00000002   PAD
    0x08001358   0x08001358   0x00000134   Code   RO          456    i.HAL_PCD_IRQHandler  stm32f1xx_hal_pcd.o
    0x0800148c   0x0800148c   0x000000da   Code   RO          459    i.HAL_PCD_Init      stm32f1xx_hal_pcd.o
    0x08001566   0x08001566   0x00000002   PAD
    0x08001568   0x08001568   0x0000003c   Code   RO         4587    i.HAL_PCD_MspInit   usbd_conf.o
    0x080015a4   0x080015a4   0x00000026   Code   RO         4588    i.HAL_PCD_ResetCallback  usbd_conf.o
    0x080015ca   0x080015ca   0x00000008   Code   RO         4589    i.HAL_PCD_ResumeCallback  usbd_conf.o
    0x080015d2   0x080015d2   0x00000008   Code   RO         4590    i.HAL_PCD_SOFCallback  usbd_conf.o
    0x080015da   0x080015da   0x00000028   Code   RO          465    i.HAL_PCD_SetAddress  stm32f1xx_hal_pcd.o
    0x08001602   0x08001602   0x0000000e   Code   RO         4591    i.HAL_PCD_SetupStageCallback  usbd_conf.o
    0x08001610   0x08001610   0x00000032   Code   RO          467    i.HAL_PCD_Start     stm32f1xx_hal_pcd.o
    0x08001642   0x08001642   0x00000002   PAD
    0x08001644   0x08001644   0x00000024   Code   RO         4592    i.HAL_PCD_SuspendCallback  usbd_conf.o
    0x08001668   0x08001668   0x000000ec   Code   RO         1179    i.HAL_RCCEx_PeriphCLKConfig  stm32f1xx_hal_rcc_ex.o
    0x08001754   0x08001754   0x0000012c   Code   RO         1075    i.HAL_RCC_ClockConfig  stm32f1xx_hal_rcc.o
    0x08001880   0x08001880   0x00000020   Code   RO         1082    i.HAL_RCC_GetPCLK1Freq  stm32f1xx_hal_rcc.o
    0x080018a0   0x080018a0   0x00000020   Code   RO         1083    i.HAL_RCC_GetPCLK2Freq  stm32f1xx_hal_rcc.o
    0x080018c0   0x080018c0   0x0000004c   Code   RO         1084    i.HAL_RCC_GetSysClockFreq  stm32f1xx_hal_rcc.o
    0x0800190c   0x0800190c   0x00000320   Code   RO         1087    i.HAL_RCC_OscConfig  stm32f1xx_hal_rcc.o
    0x08001c2c   0x08001c2c   0x000000b2   Code   RO         2325    i.HAL_SPI_Init      stm32f1xx_hal_spi.o
    0x08001cde   0x08001cde   0x00000002   PAD
    0x08001ce0   0x08001ce0   0x00000070   Code   RO          325    i.HAL_SPI_MspInit   stm32f1xx_hal_msp.o
    0x08001d50   0x08001d50   0x00000156   Code   RO         2328    i.HAL_SPI_Receive   stm32f1xx_hal_spi.o
    0x08001ea6   0x08001ea6   0x0000016e   Code   RO         2333    i.HAL_SPI_Transmit  stm32f1xx_hal_spi.o
    0x08002014   0x08002014   0x000001ee   Code   RO         2334    i.HAL_SPI_TransmitReceive  stm32f1xx_hal_spi.o
    0x08002202   0x08002202   0x00000028   Code   RO         1388    i.HAL_SYSTICK_Config  stm32f1xx_hal_cortex.o
    0x0800222a   0x0800222a   0x00000054   Code   RO         3345    i.HAL_TIMEx_ConfigBreakDeadTime  stm32f1xx_hal_tim_ex.o
    0x0800227e   0x0800227e   0x00000002   PAD
    0x08002280   0x08002280   0x00000068   Code   RO         3361    i.HAL_TIMEx_MasterConfigSynchronization  stm32f1xx_hal_tim_ex.o
    0x080022e8   0x080022e8   0x0000005a   Code   RO         2638    i.HAL_TIM_Base_Init  stm32f1xx_hal_tim.o
    0x08002342   0x08002342   0x00000002   PAD
    0x08002344   0x08002344   0x00000028   Code   RO          327    i.HAL_TIM_Base_MspInit  stm32f1xx_hal_msp.o
    0x0800236c   0x0800236c   0x000000dc   Code   RO         2647    i.HAL_TIM_ConfigClockSource  stm32f1xx_hal_tim.o
    0x08002448   0x08002448   0x0000004c   Code   RO          328    i.HAL_TIM_MspPostInit  stm32f1xx_hal_msp.o
    0x08002494   0x08002494   0x00000052   Code   RO         2687    i.HAL_TIM_OC_ConfigChannel  stm32f1xx_hal_tim.o
    0x080024e6   0x080024e6   0x0000005a   Code   RO         2691    i.HAL_TIM_OC_Init   stm32f1xx_hal_tim.o
    0x08002540   0x08002540   0x00000002   Code   RO         2693    i.HAL_TIM_OC_MspInit  stm32f1xx_hal_tim.o
    0x08002542   0x08002542   0x000000cc   Code   RO         2710    i.HAL_TIM_PWM_ConfigChannel  stm32f1xx_hal_tim.o
    0x0800260e   0x0800260e   0x0000005a   Code   RO         2713    i.HAL_TIM_PWM_Init  stm32f1xx_hal_tim.o
    0x08002668   0x08002668   0x00000002   Code   RO         2715    i.HAL_TIM_PWM_MspInit  stm32f1xx_hal_tim.o
    0x0800266a   0x0800266a   0x00000064   Code   RO         3639    i.HAL_UART_Init     stm32f1xx_hal_uart.o
    0x080026ce   0x080026ce   0x00000002   PAD
    0x080026d0   0x080026d0   0x00000080   Code   RO          330    i.HAL_UART_MspInit  stm32f1xx_hal_msp.o
    0x08002750   0x08002750   0x0000009a   Code   RO         3647    i.HAL_UART_Transmit  stm32f1xx_hal_uart.o
    0x080027ea   0x080027ea   0x00000002   Code   RO          241    i.HardFault_Handler  stm32f1xx_it.o
    0x080027ec   0x080027ec   0x00000038   Code   RO         4440    i.IntToUnicode      usbd_desc.o
    0x08002824   0x08002824   0x000000a8   Code   RO           14    i.MX_GPIO_Init      main.o
    0x080028cc   0x080028cc   0x00000044   Code   RO           15    i.MX_SPI1_Init      main.o
    0x08002910   0x08002910   0x000000e4   Code   RO           16    i.MX_TIM1_Init      main.o
    0x080029f4   0x080029f4   0x00000054   Code   RO         4409    i.MX_USB_DEVICE_Init  usb_device.o
    0x08002a48   0x08002a48   0x00000002   Code   RO          242    i.MemManage_Handler  stm32f1xx_it.o
    0x08002a4a   0x08002a4a   0x00000002   Code   RO          243    i.NMI_Handler       stm32f1xx_it.o
    0x08002a4c   0x08002a4c   0x0000002c   Code   RO         4010    i.NRF24_ACTIVATE_cmd  my_nrf24.o
    0x08002a78   0x08002a78   0x0000001c   Code   RO         4011    i.NRF24_DelayMicroSeconds  my_nrf24.o
    0x08002a94   0x08002a94   0x00000030   Code   RO         4014    i.NRF24_availablePipe  my_nrf24.o
    0x08002ac4   0x08002ac4   0x0000018c   Code   RO         4015    i.NRF24_begin       my_nrf24.o
    0x08002c50   0x08002c50   0x00000014   Code   RO         4016    i.NRF24_ce          my_nrf24.o
    0x08002c64   0x08002c64   0x00000014   Code   RO         4017    i.NRF24_csn         my_nrf24.o
    0x08002c78   0x08002c78   0x00000028   Code   RO         4019    i.NRF24_disableDynamicPayloads  my_nrf24.o
    0x08002ca0   0x08002ca0   0x00000008   Code   RO         4022    i.NRF24_flush_rx    my_nrf24.o
    0x08002ca8   0x08002ca8   0x00000008   Code   RO         4023    i.NRF24_flush_tx    my_nrf24.o
    0x08002cb0   0x08002cb0   0x00000006   Code   RO         4026    i.NRF24_getDynamicPayloadSize  my_nrf24.o
    0x08002cb6   0x08002cb6   0x00000006   Code   RO         4029    i.NRF24_get_status  my_nrf24.o
    0x08002cbc   0x08002cbc   0x00000058   Code   RO         4032    i.NRF24_openReadingPipe  my_nrf24.o
    0x08002d14   0x08002d14   0x0000002c   Code   RO         4033    i.NRF24_openWritingPipe  my_nrf24.o
    0x08002d40   0x08002d40   0x00000016   Code   RO         4034    i.NRF24_powerDown   my_nrf24.o
    0x08002d56   0x08002d56   0x00000024   Code   RO         4036    i.NRF24_read        my_nrf24.o
    0x08002d7a   0x08002d7a   0x00000002   PAD
    0x08002d7c   0x08002d7c   0x00000044   Code   RO         4037    i.NRF24_read_payload  my_nrf24.o
    0x08002dc0   0x08002dc0   0x00000040   Code   RO         4038    i.NRF24_read_register  my_nrf24.o
    0x08002e00   0x08002e00   0x0000003c   Code   RO         4039    i.NRF24_read_registerN  my_nrf24.o
    0x08002e3c   0x08002e3c   0x00000008   Code   RO         4040    i.NRF24_resetStatus  my_nrf24.o
    0x08002e44   0x08002e44   0x0000000e   Code   RO         4041    i.NRF24_setAutoAck  my_nrf24.o
    0x08002e52   0x08002e52   0x00000028   Code   RO         4043    i.NRF24_setCRCLength  my_nrf24.o
    0x08002e7a   0x08002e7a   0x0000000e   Code   RO         4044    i.NRF24_setChannel  my_nrf24.o
    0x08002e88   0x08002e88   0x0000005c   Code   RO         4045    i.NRF24_setDataRate  my_nrf24.o
    0x08002ee4   0x08002ee4   0x0000003c   Code   RO         4046    i.NRF24_setPALevel  my_nrf24.o
    0x08002f20   0x08002f20   0x00000010   Code   RO         4047    i.NRF24_setPayloadSize  my_nrf24.o
    0x08002f30   0x08002f30   0x0000000e   Code   RO         4048    i.NRF24_setRetries  my_nrf24.o
    0x08002f3e   0x08002f3e   0x00000002   PAD
    0x08002f40   0x08002f40   0x00000044   Code   RO         4049    i.NRF24_startListening  my_nrf24.o
    0x08002f84   0x08002f84   0x0000004a   Code   RO         4050    i.NRF24_startWrite  my_nrf24.o
    0x08002fce   0x08002fce   0x00000014   Code   RO         4051    i.NRF24_stopListening  my_nrf24.o
    0x08002fe2   0x08002fe2   0x00000032   Code   RO         4054    i.NRF24_whatHappened  my_nrf24.o
    0x08003014   0x08003014   0x00000064   Code   RO         4055    i.NRF24_write       my_nrf24.o
    0x08003078   0x08003078   0x00000038   Code   RO         4057    i.NRF24_write_payload  my_nrf24.o
    0x080030b0   0x080030b0   0x00000030   Code   RO         4058    i.NRF24_write_register  my_nrf24.o
    0x080030e0   0x080030e0   0x0000003c   Code   RO         4059    i.NRF24_write_registerN  my_nrf24.o
    0x0800311c   0x0800311c   0x000003ac   Code   RO          471    i.PCD_EP_ISR_Handler  stm32f1xx_hal_pcd.o
    0x080034c8   0x080034c8   0x00000002   Code   RO          244    i.PendSV_Handler    stm32f1xx_it.o
    0x080034ca   0x080034ca   0x0000005c   Code   RO         2362    i.SPI_EndRxTransaction  stm32f1xx_hal_spi.o
    0x08003526   0x08003526   0x00000020   Code   RO         2363    i.SPI_EndRxTxTransaction  stm32f1xx_hal_spi.o
    0x08003546   0x08003546   0x00000002   PAD
    0x08003548   0x08003548   0x000000b8   Code   RO         2368    i.SPI_WaitFlagStateUntilTimeout  stm32f1xx_hal_spi.o
    0x08003600   0x08003600   0x00000002   Code   RO          245    i.SVC_Handler       stm32f1xx_it.o
    0x08003602   0x08003602   0x00000004   Code   RO          246    i.SysTick_Handler   stm32f1xx_it.o
    0x08003606   0x08003606   0x00000076   Code   RO           17    i.SystemClock_Config  main.o
    0x0800367c   0x0800367c   0x00000002   Code   RO         3973    i.SystemInit        system_stm32f1xx.o
    0x0800367e   0x0800367e   0x00000002   PAD
    0x08003680   0x08003680   0x0000006c   Code   RO         2731    i.TIM_Base_SetConfig  stm32f1xx_hal_tim.o
    0x080036ec   0x080036ec   0x00000014   Code   RO         2742    i.TIM_ETR_SetConfig  stm32f1xx_hal_tim.o
    0x08003700   0x08003700   0x00000010   Code   RO         2743    i.TIM_ITRx_SetConfig  stm32f1xx_hal_tim.o
    0x08003710   0x08003710   0x00000050   Code   RO         2744    i.TIM_OC1_SetConfig  stm32f1xx_hal_tim.o
    0x08003760   0x08003760   0x00000058   Code   RO         2745    i.TIM_OC2_SetConfig  stm32f1xx_hal_tim.o
    0x080037b8   0x080037b8   0x00000058   Code   RO         2746    i.TIM_OC3_SetConfig  stm32f1xx_hal_tim.o
    0x08003810   0x08003810   0x00000044   Code   RO         2747    i.TIM_OC4_SetConfig  stm32f1xx_hal_tim.o
    0x08003854   0x08003854   0x00000022   Code   RO         2749    i.TIM_TI1_ConfigInputStage  stm32f1xx_hal_tim.o
    0x08003876   0x08003876   0x00000024   Code   RO         2751    i.TIM_TI2_ConfigInputStage  stm32f1xx_hal_tim.o
    0x0800389a   0x0800389a   0x00000002   PAD
    0x0800389c   0x0800389c   0x000000b8   Code   RO         3665    i.UART_SetConfig    stm32f1xx_hal_uart.o
    0x08003954   0x08003954   0x00000078   Code   RO         3668    i.UART_WaitOnFlagUntilTimeout  stm32f1xx_hal_uart.o
    0x080039cc   0x080039cc   0x00000046   Code   RO         5054    i.USBD_CDC_DataIn   usbd_cdc.o
    0x08003a12   0x08003a12   0x0000002e   Code   RO         5055    i.USBD_CDC_DataOut  usbd_cdc.o
    0x08003a40   0x08003a40   0x00000044   Code   RO         5056    i.USBD_CDC_DeInit   usbd_cdc.o
    0x08003a84   0x08003a84   0x00000024   Code   RO         5057    i.USBD_CDC_EP0_RxReady  usbd_cdc.o
    0x08003aa8   0x08003aa8   0x0000000c   Code   RO         5058    i.USBD_CDC_GetDeviceQualifierDescriptor  usbd_cdc.o
    0x08003ab4   0x08003ab4   0x0000000c   Code   RO         5059    i.USBD_CDC_GetFSCfgDesc  usbd_cdc.o
    0x08003ac0   0x08003ac0   0x0000000c   Code   RO         5060    i.USBD_CDC_GetHSCfgDesc  usbd_cdc.o
    0x08003acc   0x08003acc   0x0000000c   Code   RO         5061    i.USBD_CDC_GetOtherSpeedCfgDesc  usbd_cdc.o
    0x08003ad8   0x08003ad8   0x00000094   Code   RO         5062    i.USBD_CDC_Init     usbd_cdc.o
    0x08003b6c   0x08003b6c   0x00000028   Code   RO         5063    i.USBD_CDC_ReceivePacket  usbd_cdc.o
    0x08003b94   0x08003b94   0x00000010   Code   RO         5064    i.USBD_CDC_RegisterInterface  usbd_cdc.o
    0x08003ba4   0x08003ba4   0x0000000c   Code   RO         5065    i.USBD_CDC_SetRxBuffer  usbd_cdc.o
    0x08003bb0   0x08003bb0   0x00000010   Code   RO         5066    i.USBD_CDC_SetTxBuffer  usbd_cdc.o
    0x08003bc0   0x08003bc0   0x000000ac   Code   RO         5067    i.USBD_CDC_Setup    usbd_cdc.o
    0x08003c6c   0x08003c6c   0x00000036   Code   RO         5068    i.USBD_CDC_TransmitPacket  usbd_cdc.o
    0x08003ca2   0x08003ca2   0x0000000e   Code   RO         4791    i.USBD_ClrClassConfig  usbd_core.o
    0x08003cb0   0x08003cb0   0x00000010   Code   RO         4994    i.USBD_CtlContinueRx  usbd_ioreq.o
    0x08003cc0   0x08003cc0   0x00000010   Code   RO         4995    i.USBD_CtlContinueSendData  usbd_ioreq.o
    0x08003cd0   0x08003cd0   0x00000016   Code   RO         4929    i.USBD_CtlError     usbd_ctlreq.o
    0x08003ce6   0x08003ce6   0x0000001e   Code   RO         4996    i.USBD_CtlPrepareRx  usbd_ioreq.o
    0x08003d04   0x08003d04   0x00000016   Code   RO         4997    i.USBD_CtlReceiveStatus  usbd_ioreq.o
    0x08003d1a   0x08003d1a   0x0000001a   Code   RO         4998    i.USBD_CtlSendData  usbd_ioreq.o
    0x08003d34   0x08003d34   0x00000016   Code   RO         4999    i.USBD_CtlSendStatus  usbd_ioreq.o
    0x08003d4a   0x08003d4a   0x00000002   PAD
    0x08003d4c   0x08003d4c   0x00000020   Code   RO         4441    i.USBD_FS_ConfigStrDescriptor  usbd_desc.o
    0x08003d6c   0x08003d6c   0x0000000c   Code   RO         4442    i.USBD_FS_DeviceDescriptor  usbd_desc.o
    0x08003d78   0x08003d78   0x00000024   Code   RO         4443    i.USBD_FS_InterfaceStrDescriptor  usbd_desc.o
    0x08003d9c   0x08003d9c   0x0000000c   Code   RO         4444    i.USBD_FS_LangIDStrDescriptor  usbd_desc.o
    0x08003da8   0x08003da8   0x00000028   Code   RO         4445    i.USBD_FS_ManufacturerStrDescriptor  usbd_desc.o
    0x08003dd0   0x08003dd0   0x0000002c   Code   RO         4446    i.USBD_FS_ProductStrDescriptor  usbd_desc.o
    0x08003dfc   0x08003dfc   0x00000038   Code   RO         4447    i.USBD_FS_SerialStrDescriptor  usbd_desc.o
    0x08003e34   0x08003e34   0x000000e8   Code   RO         4930    i.USBD_GetDescriptor  usbd_ctlreq.o
    0x08003f1c   0x08003f1c   0x00000048   Code   RO         4931    i.USBD_GetString    usbd_ctlreq.o
    0x08003f64   0x08003f64   0x00000018   Code   RO         4593    i.USBD_Get_USB_Status  usbd_conf.o
    0x08003f7c   0x08003f7c   0x0000002a   Code   RO         4793    i.USBD_Init         usbd_core.o
    0x08003fa6   0x08003fa6   0x00000012   Code   RO         4594    i.USBD_LL_ClearStallEP  usbd_conf.o
    0x08003fb8   0x08003fb8   0x00000012   Code   RO         4595    i.USBD_LL_CloseEP   usbd_conf.o
    0x08003fca   0x08003fca   0x000000c6   Code   RO         4794    i.USBD_LL_DataInStage  usbd_core.o
    0x08004090   0x08004090   0x00000082   Code   RO         4795    i.USBD_LL_DataOutStage  usbd_core.o
    0x08004112   0x08004112   0x00000008   Code   RO         4599    i.USBD_LL_GetRxDataSize  usbd_conf.o
    0x0800411a   0x0800411a   0x00000002   PAD
    0x0800411c   0x0800411c   0x00000080   Code   RO         4600    i.USBD_LL_Init      usbd_conf.o
    0x0800419c   0x0800419c   0x00000020   Code   RO         4601    i.USBD_LL_IsStallEP  usbd_conf.o
    0x080041bc   0x080041bc   0x00000018   Code   RO         4602    i.USBD_LL_OpenEP    usbd_conf.o
    0x080041d4   0x080041d4   0x00000012   Code   RO         4603    i.USBD_LL_PrepareReceive  usbd_conf.o
    0x080041e6   0x080041e6   0x00000050   Code   RO         4800    i.USBD_LL_Reset     usbd_core.o
    0x08004236   0x08004236   0x00000014   Code   RO         4801    i.USBD_LL_Resume    usbd_core.o
    0x0800424a   0x0800424a   0x00000018   Code   RO         4802    i.USBD_LL_SOF       usbd_core.o
    0x08004262   0x08004262   0x00000006   Code   RO         4803    i.USBD_LL_SetSpeed  usbd_core.o
    0x08004268   0x08004268   0x00000012   Code   RO         4604    i.USBD_LL_SetUSBAddress  usbd_conf.o
    0x0800427a   0x0800427a   0x0000005a   Code   RO         4804    i.USBD_LL_SetupStage  usbd_core.o
    0x080042d4   0x080042d4   0x00000012   Code   RO         4605    i.USBD_LL_StallEP   usbd_conf.o
    0x080042e6   0x080042e6   0x00000012   Code   RO         4606    i.USBD_LL_Start     usbd_conf.o
    0x080042f8   0x080042f8   0x00000012   Code   RO         4805    i.USBD_LL_Suspend   usbd_core.o
    0x0800430a   0x0800430a   0x00000012   Code   RO         4608    i.USBD_LL_Transmit  usbd_conf.o
    0x0800431c   0x0800431c   0x00000028   Code   RO         4932    i.USBD_ParseSetupRequest  usbd_ctlreq.o
    0x08004344   0x08004344   0x00000010   Code   RO         4806    i.USBD_RegisterClass  usbd_core.o
    0x08004354   0x08004354   0x00000016   Code   RO         4808    i.USBD_SetClassConfig  usbd_core.o
    0x0800436a   0x0800436a   0x00000002   PAD
    0x0800436c   0x0800436c   0x00000084   Code   RO         4933    i.USBD_SetConfig    usbd_ctlreq.o
    0x080043f0   0x080043f0   0x0000000a   Code   RO         4809    i.USBD_Start        usbd_core.o
    0x080043fa   0x080043fa   0x00000112   Code   RO         4934    i.USBD_StdDevReq    usbd_ctlreq.o
    0x0800450c   0x0800450c   0x00000150   Code   RO         4935    i.USBD_StdEPReq     usbd_ctlreq.o
    0x0800465c   0x0800465c   0x0000004e   Code   RO         4936    i.USBD_StdItfReq    usbd_ctlreq.o
    0x080046aa   0x080046aa   0x00000002   Code   RO         4609    i.USBD_static_free  usbd_conf.o
    0x080046ac   0x080046ac   0x00000008   Code   RO         4610    i.USBD_static_malloc  usbd_conf.o
    0x080046b4   0x080046b4   0x0000029c   Code   RO          714    i.USB_ActivateEndpoint  stm32f1xx_ll_usb.o
    0x08004950   0x08004950   0x00000004   Code   RO          717    i.USB_CoreInit      stm32f1xx_ll_usb.o
    0x08004954   0x08004954   0x0000010e   Code   RO          719    i.USB_DeactivateEndpoint  stm32f1xx_ll_usb.o
    0x08004a62   0x08004a62   0x00000004   Code   RO          720    i.USB_DevConnect    stm32f1xx_ll_usb.o
    0x08004a66   0x08004a66   0x00000004   Code   RO          721    i.USB_DevDisconnect  stm32f1xx_ll_usb.o
    0x08004a6a   0x08004a6a   0x00000012   Code   RO          722    i.USB_DevInit       stm32f1xx_ll_usb.o
    0x08004a7c   0x08004a7c   0x0000000e   Code   RO          723    i.USB_DisableGlobalInt  stm32f1xx_ll_usb.o
    0x08004a8a   0x08004a8a   0x00000004   Code   RO          724    i.USB_EP0_OutStart  stm32f1xx_ll_usb.o
    0x08004a8e   0x08004a8e   0x00000078   Code   RO          725    i.USB_EPClearStall  stm32f1xx_ll_usb.o
    0x08004b06   0x08004b06   0x00000032   Code   RO          726    i.USB_EPSetStall    stm32f1xx_ll_usb.o
    0x08004b38   0x08004b38   0x000004e2   Code   RO          727    i.USB_EPStartXfer   stm32f1xx_ll_usb.o
    0x0800501a   0x0800501a   0x00000012   Code   RO          729    i.USB_EnableGlobalInt  stm32f1xx_ll_usb.o
    0x0800502c   0x0800502c   0x0000000c   Code   RO          247    i.USB_LP_CAN1_RX0_IRQHandler  stm32f1xx_it.o
    0x08005038   0x08005038   0x00000006   Code   RO          736    i.USB_ReadInterrupts  stm32f1xx_ll_usb.o
    0x0800503e   0x0800503e   0x00000002   PAD
    0x08005040   0x08005040   0x0000002c   Code   RO          737    i.USB_ReadPMA       stm32f1xx_ll_usb.o
    0x0800506c   0x0800506c   0x00000004   Code   RO          738    i.USB_SetCurrentMode  stm32f1xx_ll_usb.o
    0x08005070   0x08005070   0x0000000c   Code   RO          739    i.USB_SetDevAddress  stm32f1xx_ll_usb.o
    0x0800507c   0x0800507c   0x00000026   Code   RO          741    i.USB_WritePMA      stm32f1xx_ll_usb.o
    0x080050a2   0x080050a2   0x00000002   Code   RO          248    i.UsageFault_Handler  stm32f1xx_it.o
    0x080050a4   0x080050a4   0x00000020   Code   RO         1390    i.__NVIC_SetPriority  stm32f1xx_hal_cortex.o
    0x080050c4   0x080050c4   0x0000000e   Code   RO         5202    i._is_digit         c_w.l(__printf_wp.o)
    0x080050d2   0x080050d2   0x00000002   PAD
    0x080050d4   0x080050d4   0x00000026   Code   RO           18    i.checksum          main.o
    0x080050fa   0x080050fa   0x00000002   PAD
    0x080050fc   0x080050fc   0x00000284   Code   RO           20    i.main              main.o
    0x08005380   0x08005380   0x00000018   Code   RO         4060    i.nrf24_DebugUART_Init  my_nrf24.o
    0x08005398   0x08005398   0x000007d0   Code   RO         4063    i.printRadioSettings  my_nrf24.o
    0x08005b68   0x08005b68   0x00000020   Code   RO           21    i.process_data      main.o
    0x08005b88   0x08005b88   0x00000012   Data   RO         1088    .constdata          stm32f1xx_hal_rcc.o
    0x08005b9a   0x08005b9a   0x00000010   Data   RO         3974    .constdata          system_stm32f1xx.o
    0x08005baa   0x08005baa   0x00000008   Data   RO         3975    .constdata          system_stm32f1xx.o
    0x08005bb2   0x08005bb2   0x0000000d   Data   RO         4066    .constdata          my_nrf24.o
    0x08005bbf   0x08005bbf   0x00000028   Data   RO         5175    .constdata          c_w.l(_printf_hex_int.o)
    0x08005be7   0x08005be7   0x00000011   Data   RO         5205    .constdata          c_w.l(__printf_flags_wp.o)
    0x08005bf8   0x08005bf8   0x000000da   Data   RO         4067    .conststring        my_nrf24.o
    0x08005cd2   0x08005cd2   0x00000002   PAD
    0x08005cd4   0x08005cd4   0x00000020   Data   RO         5387    Region$$Table       anon$$obj.o


    Execution Region RW_IRAM1 (Exec base: 0x20000000, Load base: 0x08005cf4, Size: 0x00001650, Max: 0x00005000, ABSOLUTE, COMPRESSED[0x000000cc])

    Exec Addr    Load Addr    Size         Type   Attr      Idx    E Section Name        Object

    0x20000000   COMPRESSED   0x00000028   Data   RW           23    .data               main.o
    0x20000028   COMPRESSED   0x0000000c   Data   RW          925    .data               stm32f1xx_hal.o
    0x20000034   COMPRESSED   0x00000004   Data   RW         3976    .data               system_stm32f1xx.o
    0x20000038   COMPRESSED   0x00000018   Data   RW         4068    .data               my_nrf24.o
    0x20000050   COMPRESSED   0x0000001c   Data   RW         4449    .data               usbd_desc.o
    0x2000006c   COMPRESSED   0x00000032   Data   RW         4450    .data               usbd_desc.o
    0x2000009e   COMPRESSED   0x00000002   PAD
    0x200000a0   COMPRESSED   0x0000000c   Data   RW         4532    .data               usbd_cdc_if.o
    0x200000ac   COMPRESSED   0x00000010   Data   RW         4533    .data               usbd_cdc_if.o
    0x200000bc   COMPRESSED   0x00000001   Data   RW         4937    .data               usbd_ctlreq.o
    0x200000bd   COMPRESSED   0x00000003   PAD
    0x200000c0   COMPRESSED   0x000000d7   Data   RW         5069    .data               usbd_cdc.o
    0x20000197   COMPRESSED   0x00000001   PAD
    0x20000198   COMPRESSED   0x00000038   Data   RW         5070    .data               usbd_cdc.o
    0x200001d0        -       0x000002a8   Zero   RW           22    .bss                main.o
    0x20000478        -       0x000000a0   Zero   RW         4065    .bss                my_nrf24.o
    0x20000518        -       0x000002c4   Zero   RW         4410    .bss                usb_device.o
    0x200007dc        -       0x00000200   Zero   RW         4448    .bss                usbd_desc.o
    0x200009dc        -       0x00000100   Zero   RW         4531    .bss                usbd_cdc_if.o
    0x20000adc        -       0x00000510   Zero   RW         4611    .bss                usbd_conf.o
    0x20000fec        -       0x00000060   Zero   RW         5261    .bss                c_w.l(libspace.o)
    0x2000104c   COMPRESSED   0x00000004   PAD
    0x20001050        -       0x00000200   Zero   RW            2    HEAP                startup_stm32f103xb.o
    0x20001250        -       0x00000400   Zero   RW            1    STACK               startup_stm32f103xb.o


==============================================================================

Image component sizes


      Code (inc. data)   RO Data    RW Data    ZI Data      Debug   Object Name

      1300         76          0         40        680     467171   main.o
      3764       1010        231         24        160      22310   my_nrf24.o
        64         26        236          0       1536        812   startup_stm32f103xb.o
       164         28          0         12          0       5921   stm32f1xx_hal.o
       198         14          0          0          0      28959   stm32f1xx_hal_cortex.o
       490         34          0          0          0       2896   stm32f1xx_hal_gpio.o
       392         16          0          0          0       3211   stm32f1xx_hal_i2c.o
       528         76          0          0          0       4234   stm32f1xx_hal_msp.o
      3094          0          0          0          0      14345   stm32f1xx_hal_pcd.o
        60          0          0          0          0       1182   stm32f1xx_hal_pcd_ex.o
      1240         84         18          0          0       5136   stm32f1xx_hal_rcc.o
       236         12          0          0          0       1388   stm32f1xx_hal_rcc_ex.o
      1688          4          0          0          0       8206   stm32f1xx_hal_spi.o
      1318         34          0          0          0      13026   stm32f1xx_hal_tim.o
       188         12          0          0          0       2156   stm32f1xx_hal_tim_ex.o
       558          6          0          0          0       3992   stm32f1xx_hal_uart.o
        32          6          0          0          0       4359   stm32f1xx_it.o
      2528          0          0          0          0      16159   stm32f1xx_ll_usb.o
         2          0         24          4          0       1127   system_stm32f1xx.o
        84         18          0          0        708        796   usb_device.o
       726         16          0        271          0      13098   usbd_cdc.o
       180         28          0         28        256       3621   usbd_cdc_if.o
       556         30          0          0       1296      14265   usbd_conf.o
       670          0          0          0          0       9507   usbd_core.o
      1186         28          0          1          0       7940   usbd_ctlreq.o
       288        104          0         78        512       5953   usbd_desc.o
       132          0          0          0          0       4344   usbd_ioreq.o

    ----------------------------------------------------------------------
     21706       1662        543        464       5148     666114   Object Totals
         0          0         32          0          0          0   (incl. Generated)
        40          0          2          6          0          0   (incl. Padding)

    ----------------------------------------------------------------------

      Code (inc. data)   RO Data    RW Data    ZI Data      Debug   Library Member Name

        90          0          0          0          0          0   __dczerorl2.o
         8          0          0          0          0         68   __main.o
       312          4         17          0          0         92   __printf_flags_wp.o
        14          0          0          0          0         68   __printf_wp.o
         0          0          0          0          0          0   __rtentry.o
        12          0          0          0          0          0   __rtentry2.o
         6          0          0          0          0          0   __rtentry4.o
        52          8          0          0          0          0   __scatter.o
        28          0          0          0          0          0   __scatter_zi.o
        48          6          0          0          0         96   _printf_char_common.o
         6          0          0          0          0          0   _printf_d.o
       120         16          0          0          0         92   _printf_dec.o
        88          4         40          0          0         88   _printf_hex_int.o
       178          0          0          0          0         88   _printf_intcommon.o
        78          0          0          0          0        108   _printf_pad.o
         0          0          0          0          0          0   _printf_percent.o
         4          0          0          0          0          0   _printf_percent_end.o
         6          0          0          0          0          0   _printf_x.o
        10          0          0          0          0         68   _sputc.o
        18          0          0          0          0         80   exit.o
         6          0          0          0          0        152   heapauxi.o
         0          0          0          0          0          0   indicate_semi.o
         2          0          0          0          0          0   libinit.o
         2          0          0          0          0          0   libinit2.o
         2          0          0          0          0          0   libshutdown.o
         2          0          0          0          0          0   libshutdown2.o
         8          4          0          0         96         68   libspace.o
        40          6          0          0          0         84   noretval__2sprintf.o
        78          0          0          0          0         80   rt_memclr_w.o
       100          0          0          0          0         80   rt_memcpy_w.o
         2          0          0          0          0          0   rtexit.o
        10          0          0          0          0          0   rtexit2.o
        62          0          0          0          0         76   strlen.o
        12          4          0          0          0         68   sys_exit.o
        74          0          0          0          0         80   sys_stackheap_outer.o
         2          0          0          0          0         68   use_no_semi.o

    ----------------------------------------------------------------------
      1490         52         57          0        100       1604   Library Totals
        10          0          0          0          4          0   (incl. Padding)

    ----------------------------------------------------------------------

      Code (inc. data)   RO Data    RW Data    ZI Data      Debug   Library Name

      1480         52         57          0         96       1604   c_w.l

    ----------------------------------------------------------------------
      1490         52         57          0        100       1604   Library Totals

    ----------------------------------------------------------------------

==============================================================================


      Code (inc. data)   RO Data    RW Data    ZI Data      Debug   

     23196       1714        600        464       5248     655754   Grand Totals
     23196       1714        600        204       5248     655754   ELF Image Totals (compressed)
     23196       1714        600        204          0          0   ROM Totals

==============================================================================

    Total RO  Size (Code + RO Data)                23796 (  23.24kB)
    Total RW  Size (RW Data + ZI Data)              5712 (   5.58kB)
    Total ROM Size (Code + RO Data + RW Data)      24000 (  23.44kB)

==============================================================================

